2026-08-11 00:00:10.132 [EUREKA-SERVER] [Eureka-EvictionTimer] INFO  [AbstractInstanceRegistry.java:1254] com.netflix.eureka.registry.AbstractInstanceRegistry - Running the evict task with compensationTime 6ms
2026-08-11 00:01:10.134 [EUREKA-SERVER] [Eureka-EvictionTimer] INFO  [AbstractInstanceRegistry.java:1254] com.netflix.eureka.registry.AbstractInstanceRegistry - Running the evict task with compensationTime 2ms
2026-08-11 00:02:10.139 [EUREKA-SERVER] [Eureka-EvictionTimer] INFO  [AbstractInstanceRegistry.java:1254] com.netflix.eureka.registry.AbstractInstanceRegistry - Running the evict task with compensationTime 5ms
2026-08-11 00:03:10.142 [EUREKA-SERVER] [Eureka-EvictionTimer] INFO  [AbstractInstanceRegistry.java:1254] com.netflix.eureka.registry.AbstractInstanceRegistry - Running the evict task with compensationTime 3ms
2026-08-11 00:04:10.154 [EUREKA-SERVER] [Eureka-EvictionTimer] INFO  [AbstractInstanceRegistry.java:1254] com.netflix.eureka.registry.AbstractInstanceRegistry - Running the evict task with compensationTime 11ms
2026-08-11 00:05:10.160 [EUREKA-SERVER] [Eureka-EvictionTimer] INFO  [AbstractInstanceRegistry.java:1254] com.netflix.eureka.registry.AbstractInstanceRegistry - Running the evict task with compensationTime 5ms
2026-08-11 00:06:10.167 [EUREKA-SERVER] [Eureka-EvictionTimer] INFO  [AbstractInstanceRegistry.java:1254] com.netflix.eureka.registry.AbstractInstanceRegistry - Running the evict task with compensationTime 7ms
2026-08-11 00:07:10.177 [EUREKA-SERVER] [Eureka-EvictionTimer] INFO  [AbstractInstanceRegistry.java:1254] com.netflix.eureka.registry.AbstractInstanceRegistry - Running the evict task with compensationTime 9ms
2026-08-11 00:07:10.636 [EUREKA-SERVER] [Eureka-PeerNodesUpdater] WARN  [PeerEurekaNodes.java:154] com.netflix.eureka.cluster.PeerEurekaNodes - The replica size seems to be empty. Check the route 53 DNS Registry
2026-08-11 00:08:10.179 [EUREKA-SERVER] [Eureka-EvictionTimer] INFO  [AbstractInstanceRegistry.java:1254] com.netflix.eureka.registry.AbstractInstanceRegistry - Running the evict task with compensationTime 2ms
2026-08-11 00:09:10.183 [EUREKA-SERVER] [Eureka-EvictionTimer] INFO  [AbstractInstanceRegistry.java:1254] com.netflix.eureka.registry.AbstractInstanceRegistry - Running the evict task with compensationTime 4ms
2026-08-11 00:10:10.189 [EUREKA-SERVER] [Eureka-EvictionTimer] INFO  [AbstractInstanceRegistry.java:1254] com.netflix.eureka.registry.AbstractInstanceRegistry - Running the evict task with compensationTime 5ms
2026-08-11 00:11:10.198 [EUREKA-SERVER] [Eureka-EvictionTimer] INFO  [AbstractInstanceRegistry.java:1254] com.netflix.eureka.registry.AbstractInstanceRegistry - Running the evict task with compensationTime 8ms
2026-08-11 00:12:03.891 [EUREKA-SERVER] [ReplicaAwareInstanceRegistry - RenewalThresholdUpdater] INFO  [PeerAwareInstanceRegistryImpl.java:550] com.netflix.eureka.registry.PeerAwareInstanceRegistryImpl - Current renewal threshold is : 22
2026-08-11 00:12:10.206 [EUREKA-SERVER] [Eureka-EvictionTimer] INFO  [AbstractInstanceRegistry.java:1254] com.netflix.eureka.registry.AbstractInstanceRegistry - Running the evict task with compensationTime 7ms
2026-08-11 00:13:10.219 [EUREKA-SERVER] [Eureka-EvictionTimer] INFO  [AbstractInstanceRegistry.java:1254] com.netflix.eureka.registry.AbstractInstanceRegistry - Running the evict task with compensationTime 13ms
2026-08-11 00:14:10.221 [EUREKA-SERVER] [Eureka-EvictionTimer] INFO  [AbstractInstanceRegistry.java:1254] com.netflix.eureka.registry.AbstractInstanceRegistry - Running the evict task with compensationTime 1ms
2026-08-11 00:15:10.225 [EUREKA-SERVER] [Eureka-EvictionTimer] INFO  [AbstractInstanceRegistry.java:1254] com.netflix.eureka.registry.AbstractInstanceRegistry - Running the evict task with compensationTime 4ms
2026-08-11 00:16:10.238 [EUREKA-SERVER] [Eureka-EvictionTimer] INFO  [AbstractInstanceRegistry.java:1254] com.netflix.eureka.registry.AbstractInstanceRegistry - Running the evict task with compensationTime 13ms
2026-08-11 00:17:10.239 [EUREKA-SERVER] [Eureka-EvictionTimer] INFO  [AbstractInstanceRegistry.java:1254] com.netflix.eureka.registry.AbstractInstanceRegistry - Running the evict task with compensationTime 0ms
2026-08-11 00:17:10.640 [EUREKA-SERVER] [Eureka-PeerNodesUpdater] WARN  [PeerEurekaNodes.java:154] com.netflix.eureka.cluster.PeerEurekaNodes - The replica size seems to be empty. Check the route 53 DNS Registry
2026-08-11 00:18:10.244 [EUREKA-SERVER] [Eureka-EvictionTimer] INFO  [AbstractInstanceRegistry.java:1254] com.netflix.eureka.registry.AbstractInstanceRegistry - Running the evict task with compensationTime 4ms
2026-08-11 00:19:10.250 [EUREKA-SERVER] [Eureka-EvictionTimer] INFO  [AbstractInstanceRegistry.java:1254] com.netflix.eureka.registry.AbstractInstanceRegistry - Running the evict task with compensationTime 6ms
2026-08-11 00:20:10.257 [EUREKA-SERVER] [Eureka-EvictionTimer] INFO  [AbstractInstanceRegistry.java:1254] com.netflix.eureka.registry.AbstractInstanceRegistry - Running the evict task with compensationTime 6ms
2026-08-11 00:21:10.264 [EUREKA-SERVER] [Eureka-EvictionTimer] INFO  [AbstractInstanceRegistry.java:1254] com.netflix.eureka.registry.AbstractInstanceRegistry - Running the evict task with compensationTime 7ms
2026-08-11 00:22:10.265 [EUREKA-SERVER] [Eureka-EvictionTimer] INFO  [AbstractInstanceRegistry.java:1254] com.netflix.eureka.registry.AbstractInstanceRegistry - Running the evict task with compensationTime 0ms
2026-08-11 00:23:10.268 [EUREKA-SERVER] [Eureka-EvictionTimer] INFO  [AbstractInstanceRegistry.java:1254] com.netflix.eureka.registry.AbstractInstanceRegistry - Running the evict task with compensationTime 3ms
2026-08-11 00:24:10.268 [EUREKA-SERVER] [Eureka-EvictionTimer] INFO  [AbstractInstanceRegistry.java:1254] com.netflix.eureka.registry.AbstractInstanceRegistry - Running the evict task with compensationTime 0ms
2026-08-11 00:25:10.279 [EUREKA-SERVER] [Eureka-EvictionTimer] INFO  [AbstractInstanceRegistry.java:1254] com.netflix.eureka.registry.AbstractInstanceRegistry - Running the evict task with compensationTime 10ms
2026-08-11 00:26:10.284 [EUREKA-SERVER] [Eureka-EvictionTimer] INFO  [AbstractInstanceRegistry.java:1254] com.netflix.eureka.registry.AbstractInstanceRegistry - Running the evict task with compensationTime 4ms
2026-08-11 00:27:03.841 [EUREKA-SERVER] [ReplicaAwareInstanceRegistry - RenewalThresholdUpdater] INFO  [PeerAwareInstanceRegistryImpl.java:550] com.netflix.eureka.registry.PeerAwareInstanceRegistryImpl - Current renewal threshold is : 22
2026-08-11 00:27:10.292 [EUREKA-SERVER] [Eureka-EvictionTimer] INFO  [AbstractInstanceRegistry.java:1254] com.netflix.eureka.registry.AbstractInstanceRegistry - Running the evict task with compensationTime 8ms
2026-08-11 00:27:10.655 [EUREKA-SERVER] [Eureka-PeerNodesUpdater] WARN  [PeerEurekaNodes.java:154] com.netflix.eureka.cluster.PeerEurekaNodes - The replica size seems to be empty. Check the route 53 DNS Registry
2026-08-11 00:28:10.295 [EUREKA-SERVER] [Eureka-EvictionTimer] INFO  [AbstractInstanceRegistry.java:1254] com.netflix.eureka.registry.AbstractInstanceRegistry - Running the evict task with compensationTime 2ms
2026-08-11 00:29:10.305 [EUREKA-SERVER] [Eureka-EvictionTimer] INFO  [AbstractInstanceRegistry.java:1254] com.netflix.eureka.registry.AbstractInstanceRegistry - Running the evict task with compensationTime 9ms
2026-08-11 00:30:10.306 [EUREKA-SERVER] [Eureka-EvictionTimer] INFO  [AbstractInstanceRegistry.java:1254] com.netflix.eureka.registry.AbstractInstanceRegistry - Running the evict task with compensationTime 1ms
2026-08-11 00:31:10.319 [EUREKA-SERVER] [Eureka-EvictionTimer] INFO  [AbstractInstanceRegistry.java:1254] com.netflix.eureka.registry.AbstractInstanceRegistry - Running the evict task with compensationTime 11ms
2026-08-11 00:32:10.321 [EUREKA-SERVER] [Eureka-EvictionTimer] INFO  [AbstractInstanceRegistry.java:1254] com.netflix.eureka.registry.AbstractInstanceRegistry - Running the evict task with compensationTime 2ms
2026-08-11 00:33:10.323 [EUREKA-SERVER] [Eureka-EvictionTimer] INFO  [AbstractInstanceRegistry.java:1254] com.netflix.eureka.registry.AbstractInstanceRegistry - Running the evict task with compensationTime 1ms
2026-08-11 00:34:10.335 [EUREKA-SERVER] [Eureka-EvictionTimer] INFO  [AbstractInstanceRegistry.java:1254] com.netflix.eureka.registry.AbstractInstanceRegistry - Running the evict task with compensationTime 12ms
2026-08-11 00:35:10.345 [EUREKA-SERVER] [Eureka-EvictionTimer] INFO  [AbstractInstanceRegistry.java:1254] com.netflix.eureka.registry.AbstractInstanceRegistry - Running the evict task with compensationTime 10ms
2026-08-11 00:36:10.353 [EUREKA-SERVER] [Eureka-EvictionTimer] INFO  [AbstractInstanceRegistry.java:1254] com.netflix.eureka.registry.AbstractInstanceRegistry - Running the evict task with compensationTime 7ms
2026-08-11 00:37:10.362 [EUREKA-SERVER] [Eureka-EvictionTimer] INFO  [AbstractInstanceRegistry.java:1254] com.netflix.eureka.registry.AbstractInstanceRegistry - Running the evict task with compensationTime 8ms
2026-08-11 00:37:10.665 [EUREKA-SERVER] [Eureka-PeerNodesUpdater] WARN  [PeerEurekaNodes.java:154] com.netflix.eureka.cluster.PeerEurekaNodes - The replica size seems to be empty. Check the route 53 DNS Registry
2026-08-11 00:38:10.375 [EUREKA-SERVER] [Eureka-EvictionTimer] INFO  [AbstractInstanceRegistry.java:1254] com.netflix.eureka.registry.AbstractInstanceRegistry - Running the evict task with compensationTime 13ms
2026-08-11 00:39:10.378 [EUREKA-SERVER] [Eureka-EvictionTimer] INFO  [AbstractInstanceRegistry.java:1254] com.netflix.eureka.registry.AbstractInstanceRegistry - Running the evict task with compensationTime 3ms
2026-08-11 00:40:10.385 [EUREKA-SERVER] [Eureka-EvictionTimer] INFO  [AbstractInstanceRegistry.java:1254] com.netflix.eureka.registry.AbstractInstanceRegistry - Running the evict task with compensationTime 6ms
2026-08-11 00:41:10.390 [EUREKA-SERVER] [Eureka-EvictionTimer] INFO  [AbstractInstanceRegistry.java:1254] com.netflix.eureka.registry.AbstractInstanceRegistry - Running the evict task with compensationTime 4ms
2026-08-11 00:42:03.836 [EUREKA-SERVER] [ReplicaAwareInstanceRegistry - RenewalThresholdUpdater] INFO  [PeerAwareInstanceRegistryImpl.java:550] com.netflix.eureka.registry.PeerAwareInstanceRegistryImpl - Current renewal threshold is : 22
2026-08-11 00:42:10.392 [EUREKA-SERVER] [Eureka-EvictionTimer] INFO  [AbstractInstanceRegistry.java:1254] com.netflix.eureka.registry.AbstractInstanceRegistry - Running the evict task with compensationTime 2ms
2026-08-11 00:43:10.405 [EUREKA-SERVER] [Eureka-EvictionTimer] INFO  [AbstractInstanceRegistry.java:1254] com.netflix.eureka.registry.AbstractInstanceRegistry - Running the evict task with compensationTime 12ms
2026-08-11 00:44:10.405 [EUREKA-SERVER] [Eureka-EvictionTimer] INFO  [AbstractInstanceRegistry.java:1254] com.netflix.eureka.registry.AbstractInstanceRegistry - Running the evict task with compensationTime 0ms
2026-08-11 00:45:10.415 [EUREKA-SERVER] [Eureka-EvictionTimer] INFO  [AbstractInstanceRegistry.java:1254] com.netflix.eureka.registry.AbstractInstanceRegistry - Running the evict task with compensationTime 9ms
2026-08-11 00:46:10.426 [EUREKA-SERVER] [Eureka-EvictionTimer] INFO  [AbstractInstanceRegistry.java:1254] com.netflix.eureka.registry.AbstractInstanceRegistry - Running the evict task with compensationTime 11ms
2026-08-11 00:47:10.439 [EUREKA-SERVER] [Eureka-EvictionTimer] INFO  [AbstractInstanceRegistry.java:1254] com.netflix.eureka.registry.AbstractInstanceRegistry - Running the evict task with compensationTime 12ms
2026-08-11 00:47:10.774 [EUREKA-SERVER] [Eureka-PeerNodesUpdater] WARN  [PeerEurekaNodes.java:154] com.netflix.eureka.cluster.PeerEurekaNodes - The replica size seems to be empty. Check the route 53 DNS Registry
2026-08-11 00:48:10.450 [EUREKA-SERVER] [Eureka-EvictionTimer] INFO  [AbstractInstanceRegistry.java:1254] com.netflix.eureka.registry.AbstractInstanceRegistry - Running the evict task with compensationTime 10ms
2026-08-11 00:49:10.464 [EUREKA-SERVER] [Eureka-EvictionTimer] INFO  [AbstractInstanceRegistry.java:1254] com.netflix.eureka.registry.AbstractInstanceRegistry - Running the evict task with compensationTime 14ms
2026-08-11 00:50:10.465 [EUREKA-SERVER] [Eureka-EvictionTimer] INFO  [AbstractInstanceRegistry.java:1254] com.netflix.eureka.registry.AbstractInstanceRegistry - Running the evict task with compensationTime 1ms
2026-08-11 00:51:10.477 [EUREKA-SERVER] [Eureka-EvictionTimer] INFO  [AbstractInstanceRegistry.java:1254] com.netflix.eureka.registry.AbstractInstanceRegistry - Running the evict task with compensationTime 11ms
2026-08-11 00:52:10.487 [EUREKA-SERVER] [Eureka-EvictionTimer] INFO  [AbstractInstanceRegistry.java:1254] com.netflix.eureka.registry.AbstractInstanceRegistry - Running the evict task with compensationTime 10ms
2026-08-11 00:53:10.493 [EUREKA-SERVER] [Eureka-EvictionTimer] INFO  [AbstractInstanceRegistry.java:1254] com.netflix.eureka.registry.AbstractInstanceRegistry - Running the evict task with compensationTime 6ms
2026-08-11 00:54:10.508 [EUREKA-SERVER] [Eureka-EvictionTimer] INFO  [AbstractInstanceRegistry.java:1254] com.netflix.eureka.registry.AbstractInstanceRegistry - Running the evict task with compensationTime 14ms
2026-08-11 00:55:10.515 [EUREKA-SERVER] [Eureka-EvictionTimer] INFO  [AbstractInstanceRegistry.java:1254] com.netflix.eureka.registry.AbstractInstanceRegistry - Running the evict task with compensationTime 7ms
2026-08-11 00:56:10.516 [EUREKA-SERVER] [Eureka-EvictionTimer] INFO  [AbstractInstanceRegistry.java:1254] com.netflix.eureka.registry.AbstractInstanceRegistry - Running the evict task with compensationTime 0ms
2026-08-11 00:57:03.849 [EUREKA-SERVER] [ReplicaAwareInstanceRegistry - RenewalThresholdUpdater] INFO  [PeerAwareInstanceRegistryImpl.java:550] com.netflix.eureka.registry.PeerAwareInstanceRegistryImpl - Current renewal threshold is : 22
2026-08-11 00:57:10.517 [EUREKA-SERVER] [Eureka-EvictionTimer] INFO  [AbstractInstanceRegistry.java:1254] com.netflix.eureka.registry.AbstractInstanceRegistry - Running the evict task with compensationTime 0ms
2026-08-11 00:57:10.793 [EUREKA-SERVER] [Eureka-PeerNodesUpdater] WARN  [PeerEurekaNodes.java:154] com.netflix.eureka.cluster.PeerEurekaNodes - The replica size seems to be empty. Check the route 53 DNS Registry
2026-08-11 00:58:10.532 [EUREKA-SERVER] [Eureka-EvictionTimer] INFO  [AbstractInstanceRegistry.java:1254] com.netflix.eureka.registry.AbstractInstanceRegistry - Running the evict task with compensationTime 15ms
2026-08-11 00:59:10.532 [EUREKA-SERVER] [Eureka-EvictionTimer] INFO  [AbstractInstanceRegistry.java:1254] com.netflix.eureka.registry.AbstractInstanceRegistry - Running the evict task with compensationTime 0ms
2026-08-11 01:00:10.535 [EUREKA-SERVER] [Eureka-EvictionTimer] INFO  [AbstractInstanceRegistry.java:1254] com.netflix.eureka.registry.AbstractInstanceRegistry - Running the evict task with compensationTime 2ms
2026-08-11 01:01:10.550 [EUREKA-SERVER] [Eureka-EvictionTimer] INFO  [AbstractInstanceRegistry.java:1254] com.netflix.eureka.registry.AbstractInstanceRegistry - Running the evict task with compensationTime 15ms
2026-08-11 01:02:10.556 [EUREKA-SERVER] [Eureka-EvictionTimer] INFO  [AbstractInstanceRegistry.java:1254] com.netflix.eureka.registry.AbstractInstanceRegistry - Running the evict task with compensationTime 5ms
2026-08-11 01:02:34.023 [EUREKA-SERVER] [http-nio-8761-exec-19] INFO  [AbstractInstanceRegistry.java:277] com.netflix.eureka.registry.AbstractInstanceRegistry - Registered instance API-GATEWAY/API-GATEWAY:8080 with status DOWN (replication=false)
2026-08-11 01:02:35.288 [EUREKA-SERVER] [http-nio-8761-exec-13] INFO  [AbstractInstanceRegistry.java:339] com.netflix.eureka.registry.AbstractInstanceRegistry - Cancelled instance API-GATEWAY/API-GATEWAY:8080 (replication=false)
2026-08-11 01:02:35.041 [EUREKA-SERVER] [http-nio-8761-exec-14] INFO  [AbstractInstanceRegistry.java:277] com.netflix.eureka.registry.AbstractInstanceRegistry - Registered instance AUTH-SERVICE/AUTH-SERVICE:8099 with status DOWN (replication=false)
2026-08-11 01:02:34.023 [EUREKA-SERVER] [http-nio-8761-exec-10] INFO  [AbstractInstanceRegistry.java:277] com.netflix.eureka.registry.AbstractInstanceRegistry - Registered instance PAYMENT-SERVICE/PAYMENT-SERVICE:8085 with status UP (replication=false)
2026-08-11 01:02:34.023 [EUREKA-SERVER] [http-nio-8761-exec-18] INFO  [AbstractInstanceRegistry.java:277] com.netflix.eureka.registry.AbstractInstanceRegistry - Registered instance INVOICE-SERVICE/localhost:INVOICE-SERVICE:8088 with status UP (replication=false)
2026-08-11 01:02:38.081 [EUREKA-SERVER] [http-nio-8761-exec-15] INFO  [AbstractInstanceRegistry.java:339] com.netflix.eureka.registry.AbstractInstanceRegistry - Cancelled instance INVOICE-SERVICE/localhost:INVOICE-SERVICE:8088 (replication=false)
2026-08-11 01:02:41.781 [EUREKA-SERVER] [http-nio-8761-exec-7] INFO  [AbstractInstanceRegistry.java:277] com.netflix.eureka.registry.AbstractInstanceRegistry - Registered instance USER-SERVICE/localhost:USER-SERVICE:8081 with status UP (replication=false)
2026-08-11 01:02:44.102 [EUREKA-SERVER] [http-nio-8761-exec-15] INFO  [AbstractInstanceRegistry.java:277] com.netflix.eureka.registry.AbstractInstanceRegistry - Registered instance RATING-SERVICE/RATING-SERVICE:8083 with status DOWN (replication=false)
2026-08-11 01:02:51.613 [EUREKA-SERVER] [http-nio-8761-exec-15] INFO  [AbstractInstanceRegistry.java:339] com.netflix.eureka.registry.AbstractInstanceRegistry - Cancelled instance AUTH-SERVICE/AUTH-SERVICE:8099 (replication=false)
2026-08-11 01:02:59.032 [EUREKA-SERVER] [SpringApplicationShutdownHook] INFO  [EurekaServiceRegistry.java:91] o.s.c.netflix.eureka.serviceregistry.EurekaServiceRegistry - Unregistering application EUREKA-SERVER with eureka with status DOWN
2026-08-11 01:03:01.274 [EUREKA-SERVER] [http-nio-8761-exec-18] INFO  [AbstractInstanceRegistry.java:339] com.netflix.eureka.registry.AbstractInstanceRegistry - Cancelled instance PAYMENT-SERVICE/PAYMENT-SERVICE:8085 (replication=false)
2026-08-11 01:03:03.503 [EUREKA-SERVER] [http-nio-8761-exec-14] INFO  [AbstractInstanceRegistry.java:277] com.netflix.eureka.registry.AbstractInstanceRegistry - Registered instance HOTEL-SERVICE/localhost:HOTEL-SERVICE:8082 with status DOWN (replication=false)
2026-08-11 01:03:08.154 [EUREKA-SERVER] [http-nio-8761-exec-10] INFO  [AbstractInstanceRegistry.java:277] com.netflix.eureka.registry.AbstractInstanceRegistry - Registered instance AI-ASSISTANT-SERVICE/AI-ASSISTANT-SERVICE:8090 with status DOWN (replication=false)
2026-08-11 01:03:10.570 [EUREKA-SERVER] [Eureka-EvictionTimer] INFO  [AbstractInstanceRegistry.java:1254] com.netflix.eureka.registry.AbstractInstanceRegistry - Running the evict task with compensationTime 14ms
2026-08-11 01:03:15.361 [EUREKA-SERVER] [http-nio-8761-exec-18] INFO  [AbstractInstanceRegistry.java:277] com.netflix.eureka.registry.AbstractInstanceRegistry - Registered instance BOOKING-SERVICE/localhost:BOOKING-SERVICE:8084 with status UP (replication=false)
2026-08-11 01:03:31.865 [EUREKA-SERVER] [SpringApplicationShutdownHook] INFO  [EurekaServerBootstrap.java:82] o.s.cloud.netflix.eureka.server.EurekaServerBootstrap - Shutting down Eureka Server..
2026-08-11 01:03:31.865 [EUREKA-SERVER] [SpringApplicationShutdownHook] INFO  [DefaultEurekaServerContext.java:77] com.netflix.eureka.DefaultEurekaServerContext - Shutting down ...
2026-08-11 01:03:32.002 [EUREKA-SERVER] [SpringApplicationShutdownHook] INFO  [DefaultEurekaServerContext.java:81] com.netflix.eureka.DefaultEurekaServerContext - Shut down
2026-08-11 01:03:32.003 [EUREKA-SERVER] [SpringApplicationShutdownHook] INFO  [EurekaServerBootstrap.java:92] o.s.cloud.netflix.eureka.server.EurekaServerBootstrap - Eureka Service is now shutdown...
2026-08-11 01:03:34.311 [EUREKA-SERVER] [SpringApplicationShutdownHook] INFO  [DefaultEurekaServerContext.java:77] com.netflix.eureka.DefaultEurekaServerContext - Shutting down ...
2026-08-11 01:03:34.311 [EUREKA-SERVER] [SpringApplicationShutdownHook] INFO  [DefaultEurekaServerContext.java:81] com.netflix.eureka.DefaultEurekaServerContext - Shut down
2026-08-11 01:03:34.872 [EUREKA-SERVER] [SpringApplicationShutdownHook] INFO  [DiscoveryClient.java:887] com.netflix.discovery.DiscoveryClient - Shutting down DiscoveryClient ...
2026-08-11 01:03:34.872 [EUREKA-SERVER] [SpringApplicationShutdownHook] INFO  [DiscoveryClient.java:907] com.netflix.discovery.DiscoveryClient - Completed shut down of DiscoveryClient
2026-08-11 01:03:48.617 [EUREKA-SERVER] [http-nio-8761-exec-7] WARN  [AbstractHandlerExceptionResolver.java:247] o.s.web.servlet.mvc.support.DefaultHandlerExceptionResolver - Resolved [org.springframework.web.context.request.async.AsyncRequestNotUsableException: ServletOutputStream failed to flush: java.nio.channels.ClosedChannelException]
2026-08-11 01:03:48.617 [EUREKA-SERVER] [http-nio-8761-exec-12] WARN  [AbstractHandlerExceptionResolver.java:247] o.s.web.servlet.mvc.support.DefaultHandlerExceptionResolver - Resolved [org.springframework.web.context.request.async.AsyncRequestNotUsableException: ServletOutputStream failed to flush: java.nio.channels.ClosedChannelException]
2026-08-11 01:03:48.617 [EUREKA-SERVER] [http-nio-8761-exec-15] WARN  [AbstractHandlerExceptionResolver.java:247] o.s.web.servlet.mvc.support.DefaultHandlerExceptionResolver - Resolved [org.springframework.web.context.request.async.AsyncRequestNotUsableException: ServletOutputStream failed to flush: java.nio.channels.ClosedChannelException]
2026-08-11 01:03:48.617 [EUREKA-SERVER] [http-nio-8761-exec-6] WARN  [AbstractHandlerExceptionResolver.java:247] o.s.web.servlet.mvc.support.DefaultHandlerExceptionResolver - Resolved [org.springframework.web.context.request.async.AsyncRequestNotUsableException: ServletOutputStream failed to flush: java.nio.channels.ClosedChannelException]
2026-08-11 10:12:12.140 [EUREKA-SERVER] [main] INFO  [StartupInfoLogger.java:50] com.icwd.eureka.EurekaServerApplication - Starting EurekaServerApplication using Java 21.0.11 with PID 19416 (D:\Project Work\EurekaServer\target\classes started by prans in D:\Project Work)
2026-08-11 10:12:12.169 [EUREKA-SERVER] [main] INFO  [SpringApplication.java:654] com.icwd.eureka.EurekaServerApplication - No active profile set, falling back to 1 default profile: "default"
2026-08-11 10:12:13.360 [EUREKA-SERVER] [main] INFO  [GenericScope.java:282] org.springframework.cloud.context.scope.GenericScope - BeanFactory id=8f3ec10f-59cd-397d-82f3-7da97306a40e
2026-08-11 10:12:13.504 [EUREKA-SERVER] [main] WARN  [PostProcessorRegistrationDelegate.java:429] o.s.c.s.PostProcessorRegistrationDelegate$BeanPostProcessorChecker - Bean 'org.springframework.cloud.client.loadbalancer.LoadBalancerAutoConfiguration$DeferringLoadBalancerInterceptorConfig' of type [org.springframework.cloud.client.loadbalancer.LoadBalancerAutoConfiguration$DeferringLoadBalancerInterceptorConfig] is not eligible for getting processed by all BeanPostProcessors (for example: not eligible for auto-proxying). The currently created BeanPostProcessor [lbRestClientPostProcessor] is declared through a non-static factory method on that class; consider declaring it as static instead.
2026-08-11 10:12:13.508 [EUREKA-SERVER] [main] WARN  [PostProcessorRegistrationDelegate.java:437] o.s.c.s.PostProcessorRegistrationDelegate$BeanPostProcessorChecker - Bean 'deferringLoadBalancerInterceptor' of type [org.springframework.cloud.client.loadbalancer.DeferringLoadBalancerInterceptor] is not eligible for getting processed by all BeanPostProcessors (for example: not eligible for auto-proxying). Is this bean getting eagerly injected into a currently created BeanPostProcessor [lbRestClientPostProcessor]? Check the corresponding BeanPostProcessor declaration and its dependencies.
2026-08-11 10:12:13.769 [EUREKA-SERVER] [main] INFO  [TomcatWebServer.java:111] o.springframework.boot.web.embedded.tomcat.TomcatWebServer - Tomcat initialized with port 8761 (http)
2026-08-11 10:12:13.781 [EUREKA-SERVER] [main] INFO  [DirectJDKLog.java:173] org.apache.coyote.http11.Http11NioProtocol - Initializing ProtocolHandler ["http-nio-8761"]
2026-08-11 10:12:13.784 [EUREKA-SERVER] [main] INFO  [DirectJDKLog.java:173] org.apache.catalina.core.StandardService - Starting service [Tomcat]
2026-08-11 10:12:13.784 [EUREKA-SERVER] [main] INFO  [DirectJDKLog.java:173] org.apache.catalina.core.StandardEngine - Starting Servlet engine: [Apache Tomcat/10.1.30]
2026-08-11 10:12:13.858 [EUREKA-SERVER] [main] INFO  [DirectJDKLog.java:173] o.a.catalina.core.ContainerBase.[Tomcat].[localhost].[/] - Initializing Spring embedded WebApplicationContext
2026-08-11 10:12:13.858 [EUREKA-SERVER] [main] INFO  [ServletWebServerApplicationContext.java:296] o.s.b.web.servlet.context.ServletWebServerApplicationContext - Root WebApplicationContext: initialization completed in 1634 ms
2026-08-11 10:12:14.737 [EUREKA-SERVER] [main] INFO  [DiscoveryJerseyProvider.java:70] com.netflix.discovery.provider.DiscoveryJerseyProvider - Using JSON encoding codec LegacyJacksonJson
2026-08-11 10:12:14.738 [EUREKA-SERVER] [main] INFO  [DiscoveryJerseyProvider.java:71] com.netflix.discovery.provider.DiscoveryJerseyProvider - Using JSON decoding codec LegacyJacksonJson
2026-08-11 10:12:14.921 [EUREKA-SERVER] [main] INFO  [DiscoveryJerseyProvider.java:80] com.netflix.discovery.provider.DiscoveryJerseyProvider - Using XML encoding codec XStreamXml
2026-08-11 10:12:14.922 [EUREKA-SERVER] [main] INFO  [DiscoveryJerseyProvider.java:81] com.netflix.discovery.provider.DiscoveryJerseyProvider - Using XML decoding codec XStreamXml
2026-08-11 10:12:15.724 [EUREKA-SERVER] [main] WARN  [LoadBalancerCacheAutoConfiguration.java:94] o.s.c.l.c.LoadBalancerCacheAutoConfiguration$LoadBalancerCaffeineWarnLogger - Spring Cloud LoadBalancer is currently working with the default cache. While this cache implementation is useful for development and tests, it's recommended to use Caffeine cache in production.You can switch to using Caffeine cache, by adding it and org.springframework.cache.caffeine.CaffeineCacheManager to the classpath.
2026-08-11 10:12:15.744 [EUREKA-SERVER] [main] INFO  [InstanceInfoFactory.java:67] o.springframework.cloud.netflix.eureka.InstanceInfoFactory - Setting initial instance status as: STARTING
2026-08-11 10:12:15.762 [EUREKA-SERVER] [main] INFO  [DiscoveryClient.java:329] com.netflix.discovery.DiscoveryClient - Initializing Eureka in region us-east-1
2026-08-11 10:12:15.762 [EUREKA-SERVER] [main] INFO  [DiscoveryClient.java:332] com.netflix.discovery.DiscoveryClient - Client configured to neither register nor query for data.
2026-08-11 10:12:15.764 [EUREKA-SERVER] [main] INFO  [DiscoveryClient.java:347] com.netflix.discovery.DiscoveryClient - Discovery Client initialized at timestamp 1786423335763 with initial instances count: 0
2026-08-11 10:12:15.800 [EUREKA-SERVER] [main] INFO  [DefaultEurekaServerContext.java:64] com.netflix.eureka.DefaultEurekaServerContext - Initializing ...
2026-08-11 10:12:15.802 [EUREKA-SERVER] [main] WARN  [PeerEurekaNodes.java:154] com.netflix.eureka.cluster.PeerEurekaNodes - The replica size seems to be empty. Check the route 53 DNS Registry
2026-08-11 10:12:15.810 [EUREKA-SERVER] [main] INFO  [AbstractInstanceRegistry.java:164] com.netflix.eureka.registry.AbstractInstanceRegistry - Finished initializing remote region registries. All known remote regions: []
2026-08-11 10:12:15.811 [EUREKA-SERVER] [main] INFO  [DefaultEurekaServerContext.java:71] com.netflix.eureka.DefaultEurekaServerContext - Initialized
2026-08-11 10:12:15.820 [EUREKA-SERVER] [main] INFO  [EndpointLinksResolver.java:60] o.s.boot.actuate.endpoint.web.EndpointLinksResolver - Exposing 1 endpoint beneath base path '/actuator'
2026-08-11 10:12:15.866 [EUREKA-SERVER] [main] INFO  [EurekaServiceRegistry.java:70] o.s.c.netflix.eureka.serviceregistry.EurekaServiceRegistry - Registering application EUREKA-SERVER with eureka with status UP
2026-08-11 10:12:15.867 [EUREKA-SERVER] [main] INFO  [DirectJDKLog.java:173] org.apache.coyote.http11.Http11NioProtocol - Starting ProtocolHandler ["http-nio-8761"]
2026-08-11 10:12:15.877 [EUREKA-SERVER] [Thread-9] INFO  [EurekaServerBootstrap.java:142] o.s.cloud.netflix.eureka.server.EurekaServerBootstrap - isAws returned false
2026-08-11 10:12:15.878 [EUREKA-SERVER] [Thread-9] INFO  [EurekaServerBootstrap.java:108] o.s.cloud.netflix.eureka.server.EurekaServerBootstrap - Initialized server context
2026-08-11 10:12:15.878 [EUREKA-SERVER] [Thread-9] INFO  [PeerAwareInstanceRegistryImpl.java:245] com.netflix.eureka.registry.PeerAwareInstanceRegistryImpl - Got 1 instances from neighboring DS node
2026-08-11 10:12:15.878 [EUREKA-SERVER] [Thread-9] INFO  [PeerAwareInstanceRegistryImpl.java:246] com.netflix.eureka.registry.PeerAwareInstanceRegistryImpl - Renew threshold is: 1
2026-08-11 10:12:15.878 [EUREKA-SERVER] [Thread-9] INFO  [PeerAwareInstanceRegistryImpl.java:257] com.netflix.eureka.registry.PeerAwareInstanceRegistryImpl - Changing status to UP
2026-08-11 10:12:15.880 [EUREKA-SERVER] [Thread-9] INFO  [EurekaServerInitializerConfiguration.java:68] o.s.c.n.eureka.server.EurekaServerInitializerConfiguration - Started Eureka Server
2026-08-11 10:12:15.886 [EUREKA-SERVER] [main] INFO  [TomcatWebServer.java:243] o.springframework.boot.web.embedded.tomcat.TomcatWebServer - Tomcat started on port 8761 (http) with context path '/'
2026-08-11 10:12:15.888 [EUREKA-SERVER] [main] INFO  [EurekaAutoServiceRegistration.java:150] o.s.c.n.eureka.serviceregistry.EurekaAutoServiceRegistration - Updating port to 8761
2026-08-11 10:12:15.912 [EUREKA-SERVER] [main] INFO  [StartupInfoLogger.java:56] com.icwd.eureka.EurekaServerApplication - Started EurekaServerApplication in 4.879 seconds (process running for 5.602)
2026-08-11 10:12:41.909 [EUREKA-SERVER] [http-nio-8761-exec-1] INFO  [DirectJDKLog.java:173] o.a.catalina.core.ContainerBase.[Tomcat].[localhost].[/] - Initializing Spring DispatcherServlet 'dispatcherServlet'
2026-08-11 10:12:41.910 [EUREKA-SERVER] [http-nio-8761-exec-1] INFO  [FrameworkServlet.java:532] org.springframework.web.servlet.DispatcherServlet - Initializing Servlet 'dispatcherServlet'
2026-08-11 10:12:41.911 [EUREKA-SERVER] [http-nio-8761-exec-1] INFO  [FrameworkServlet.java:554] org.springframework.web.servlet.DispatcherServlet - Completed initialization in 1 ms
2026-08-11 10:12:42.226 [EUREKA-SERVER] [http-nio-8761-exec-3] INFO  [AbstractInstanceRegistry.java:277] com.netflix.eureka.registry.AbstractInstanceRegistry - Registered instance HOTEL-SERVICE/Pranshu:HOTEL-SERVICE:8082 with status UP (replication=false)
2026-08-11 10:12:52.229 [EUREKA-SERVER] [http-nio-8761-exec-4] INFO  [AbstractInstanceRegistry.java:277] com.netflix.eureka.registry.AbstractInstanceRegistry - Registered instance INVOICE-SERVICE/Pranshu:INVOICE-SERVICE:8088 with status UP (replication=false)
2026-08-11 10:13:10.749 [EUREKA-SERVER] [http-nio-8761-exec-6] INFO  [AbstractInstanceRegistry.java:277] com.netflix.eureka.registry.AbstractInstanceRegistry - Registered instance NOTIFICATION-SERVICE/Pranshu:NOTIFICATION-SERVICE:8086 with status UP (replication=false)
2026-08-11 10:13:15.880 [EUREKA-SERVER] [Eureka-EvictionTimer] INFO  [AbstractInstanceRegistry.java:1254] com.netflix.eureka.registry.AbstractInstanceRegistry - Running the evict task with compensationTime 0ms
2026-08-11 10:13:20.274 [EUREKA-SERVER] [http-nio-8761-exec-5] INFO  [AbstractInstanceRegistry.java:277] com.netflix.eureka.registry.AbstractInstanceRegistry - Registered instance PAYMENT-SERVICE/PAYMENT-SERVICE:8085 with status UP (replication=false)
2026-08-11 10:14:15.881 [EUREKA-SERVER] [Eureka-EvictionTimer] INFO  [AbstractInstanceRegistry.java:1254] com.netflix.eureka.registry.AbstractInstanceRegistry - Running the evict task with compensationTime 0ms
2026-08-11 10:14:46.811 [EUREKA-SERVER] [http-nio-8761-exec-4] INFO  [AbstractInstanceRegistry.java:277] com.netflix.eureka.registry.AbstractInstanceRegistry - Registered instance ROOM-SERVICE/ROOM-SERVICE:8089 with status UP (replication=false)
2026-08-11 10:15:07.306 [EUREKA-SERVER] [http-nio-8761-exec-5] INFO  [AbstractInstanceRegistry.java:277] com.netflix.eureka.registry.AbstractInstanceRegistry - Registered instance USER-SERVICE/Pranshu:USER-SERVICE:8081 with status UP (replication=false)
2026-08-11 10:15:14.819 [EUREKA-SERVER] [http-nio-8761-exec-10] INFO  [AbstractInstanceRegistry.java:277] com.netflix.eureka.registry.AbstractInstanceRegistry - Registered instance RATING-SERVICE/RATING-SERVICE:8083 with status UP (replication=false)
2026-08-11 10:15:15.892 [EUREKA-SERVER] [Eureka-EvictionTimer] INFO  [AbstractInstanceRegistry.java:1254] com.netflix.eureka.registry.AbstractInstanceRegistry - Running the evict task with compensationTime 10ms
2026-08-11 10:15:57.358 [EUREKA-SERVER] [http-nio-8761-exec-8] INFO  [AbstractInstanceRegistry.java:277] com.netflix.eureka.registry.AbstractInstanceRegistry - Registered instance EMPLOYEE-SERVICE/localhost:EMPLOYEE-SERVICE:8087 with status UP (replication=false)
2026-08-11 10:16:06.030 [EUREKA-SERVER] [http-nio-8761-exec-9] INFO  [AbstractInstanceRegistry.java:277] com.netflix.eureka.registry.AbstractInstanceRegistry - Registered instance BOOKING-SERVICE/localhost:BOOKING-SERVICE:8084 with status UP (replication=false)
2026-08-11 10:16:14.875 [EUREKA-SERVER] [http-nio-8761-exec-6] INFO  [AbstractInstanceRegistry.java:277] com.netflix.eureka.registry.AbstractInstanceRegistry - Registered instance AI-ASSISTANT-SERVICE/AI-ASSISTANT-SERVICE:8090 with status UP (replication=false)
2026-08-11 10:16:19.466 [EUREKA-SERVER] [Eureka-EvictionTimer] INFO  [AbstractInstanceRegistry.java:1254] com.netflix.eureka.registry.AbstractInstanceRegistry - Running the evict task with compensationTime 0ms
2026-08-11 10:16:30.211 [EUREKA-SERVER] [http-nio-8761-exec-9] INFO  [AbstractInstanceRegistry.java:277] com.netflix.eureka.registry.AbstractInstanceRegistry - Registered instance AUTH-SERVICE/AUTH-SERVICE:8099 with status UP (replication=false)
2026-08-11 10:16:33.938 [EUREKA-SERVER] [http-nio-8761-exec-3] INFO  [AbstractInstanceRegistry.java:277] com.netflix.eureka.registry.AbstractInstanceRegistry - Registered instance API-GATEWAY/API-GATEWAY:8080 with status UP (replication=false)
2026-08-11 10:17:19.466 [EUREKA-SERVER] [Eureka-EvictionTimer] INFO  [AbstractInstanceRegistry.java:1254] com.netflix.eureka.registry.AbstractInstanceRegistry - Running the evict task with compensationTime 0ms
2026-08-11 10:18:19.470 [EUREKA-SERVER] [Eureka-EvictionTimer] INFO  [AbstractInstanceRegistry.java:1254] com.netflix.eureka.registry.AbstractInstanceRegistry - Running the evict task with compensationTime 4ms
2026-08-11 10:19:19.474 [EUREKA-SERVER] [Eureka-EvictionTimer] INFO  [AbstractInstanceRegistry.java:1254] com.netflix.eureka.registry.AbstractInstanceRegistry - Running the evict task with compensationTime 4ms
2026-08-11 10:20:19.490 [EUREKA-SERVER] [Eureka-EvictionTimer] INFO  [AbstractInstanceRegistry.java:1254] com.netflix.eureka.registry.AbstractInstanceRegistry - Running the evict task with compensationTime 15ms
2026-08-11 10:21:19.500 [EUREKA-SERVER] [Eureka-EvictionTimer] INFO  [AbstractInstanceRegistry.java:1254] com.netflix.eureka.registry.AbstractInstanceRegistry - Running the evict task with compensationTime 10ms
2026-08-11 10:22:19.503 [EUREKA-SERVER] [Eureka-EvictionTimer] INFO  [AbstractInstanceRegistry.java:1254] com.netflix.eureka.registry.AbstractInstanceRegistry - Running the evict task with compensationTime 2ms
2026-08-11 10:22:19.773 [EUREKA-SERVER] [Eureka-PeerNodesUpdater] WARN  [PeerEurekaNodes.java:154] com.netflix.eureka.cluster.PeerEurekaNodes - The replica size seems to be empty. Check the route 53 DNS Registry
2026-08-11 10:23:19.510 [EUREKA-SERVER] [Eureka-EvictionTimer] INFO  [AbstractInstanceRegistry.java:1254] com.netflix.eureka.registry.AbstractInstanceRegistry - Running the evict task with compensationTime 7ms
2026-08-11 10:24:19.512 [EUREKA-SERVER] [Eureka-EvictionTimer] INFO  [AbstractInstanceRegistry.java:1254] com.netflix.eureka.registry.AbstractInstanceRegistry - Running the evict task with compensationTime 2ms
2026-08-11 10:25:19.519 [EUREKA-SERVER] [Eureka-EvictionTimer] INFO  [AbstractInstanceRegistry.java:1254] com.netflix.eureka.registry.AbstractInstanceRegistry - Running the evict task with compensationTime 6ms
2026-08-11 10:26:19.524 [EUREKA-SERVER] [Eureka-EvictionTimer] INFO  [AbstractInstanceRegistry.java:1254] com.netflix.eureka.registry.AbstractInstanceRegistry - Running the evict task with compensationTime 5ms
2026-08-11 10:27:19.385 [EUREKA-SERVER] [ReplicaAwareInstanceRegistry - RenewalThresholdUpdater] INFO  [PeerAwareInstanceRegistryImpl.java:550] com.netflix.eureka.registry.PeerAwareInstanceRegistryImpl - Current renewal threshold is : 22
2026-08-11 10:27:19.526 [EUREKA-SERVER] [Eureka-EvictionTimer] INFO  [AbstractInstanceRegistry.java:1254] com.netflix.eureka.registry.AbstractInstanceRegistry - Running the evict task with compensationTime 1ms
2026-08-11 10:28:19.530 [EUREKA-SERVER] [Eureka-EvictionTimer] INFO  [AbstractInstanceRegistry.java:1254] com.netflix.eureka.registry.AbstractInstanceRegistry - Running the evict task with compensationTime 3ms
2026-08-11 10:29:19.536 [EUREKA-SERVER] [Eureka-EvictionTimer] INFO  [AbstractInstanceRegistry.java:1254] com.netflix.eureka.registry.AbstractInstanceRegistry - Running the evict task with compensationTime 6ms
2026-08-11 10:30:19.550 [EUREKA-SERVER] [Eureka-EvictionTimer] INFO  [AbstractInstanceRegistry.java:1254] com.netflix.eureka.registry.AbstractInstanceRegistry - Running the evict task with compensationTime 13ms
2026-08-11 10:31:19.565 [EUREKA-SERVER] [Eureka-EvictionTimer] INFO  [AbstractInstanceRegistry.java:1254] com.netflix.eureka.registry.AbstractInstanceRegistry - Running the evict task with compensationTime 15ms
2026-08-11 10:32:19.574 [EUREKA-SERVER] [Eureka-EvictionTimer] INFO  [AbstractInstanceRegistry.java:1254] com.netflix.eureka.registry.AbstractInstanceRegistry - Running the evict task with compensationTime 8ms
2026-08-11 10:32:19.863 [EUREKA-SERVER] [Eureka-PeerNodesUpdater] WARN  [PeerEurekaNodes.java:154] com.netflix.eureka.cluster.PeerEurekaNodes - The replica size seems to be empty. Check the route 53 DNS Registry
2026-08-11 10:33:19.579 [EUREKA-SERVER] [Eureka-EvictionTimer] INFO  [AbstractInstanceRegistry.java:1254] com.netflix.eureka.registry.AbstractInstanceRegistry - Running the evict task with compensationTime 4ms
2026-08-11 10:34:19.580 [EUREKA-SERVER] [Eureka-EvictionTimer] INFO  [AbstractInstanceRegistry.java:1254] com.netflix.eureka.registry.AbstractInstanceRegistry - Running the evict task with compensationTime 1ms
2026-08-11 10:35:19.586 [EUREKA-SERVER] [Eureka-EvictionTimer] INFO  [AbstractInstanceRegistry.java:1254] com.netflix.eureka.registry.AbstractInstanceRegistry - Running the evict task with compensationTime 4ms
2026-08-11 10:36:19.590 [EUREKA-SERVER] [Eureka-EvictionTimer] INFO  [AbstractInstanceRegistry.java:1254] com.netflix.eureka.registry.AbstractInstanceRegistry - Running the evict task with compensationTime 4ms
2026-08-11 10:37:19.596 [EUREKA-SERVER] [Eureka-EvictionTimer] INFO  [AbstractInstanceRegistry.java:1254] com.netflix.eureka.registry.AbstractInstanceRegistry - Running the evict task with compensationTime 5ms
2026-08-11 10:38:19.598 [EUREKA-SERVER] [Eureka-EvictionTimer] INFO  [AbstractInstanceRegistry.java:1254] com.netflix.eureka.registry.AbstractInstanceRegistry - Running the evict task with compensationTime 1ms
2026-08-11 10:39:19.607 [EUREKA-SERVER] [Eureka-EvictionTimer] INFO  [AbstractInstanceRegistry.java:1254] com.netflix.eureka.registry.AbstractInstanceRegistry - Running the evict task with compensationTime 9ms
2026-08-11 10:40:19.621 [EUREKA-SERVER] [Eureka-EvictionTimer] INFO  [AbstractInstanceRegistry.java:1254] com.netflix.eureka.registry.AbstractInstanceRegistry - Running the evict task with compensationTime 14ms
2026-08-11 10:41:19.625 [EUREKA-SERVER] [Eureka-EvictionTimer] INFO  [AbstractInstanceRegistry.java:1254] com.netflix.eureka.registry.AbstractInstanceRegistry - Running the evict task with compensationTime 3ms
2026-08-11 10:42:19.390 [EUREKA-SERVER] [ReplicaAwareInstanceRegistry - RenewalThresholdUpdater] INFO  [PeerAwareInstanceRegistryImpl.java:550] com.netflix.eureka.registry.PeerAwareInstanceRegistryImpl - Current renewal threshold is : 22
2026-08-11 10:42:19.631 [EUREKA-SERVER] [Eureka-EvictionTimer] INFO  [AbstractInstanceRegistry.java:1254] com.netflix.eureka.registry.AbstractInstanceRegistry - Running the evict task with compensationTime 6ms
2026-08-11 10:42:19.872 [EUREKA-SERVER] [Eureka-PeerNodesUpdater] WARN  [PeerEurekaNodes.java:154] com.netflix.eureka.cluster.PeerEurekaNodes - The replica size seems to be empty. Check the route 53 DNS Registry
2026-08-11 10:43:19.637 [EUREKA-SERVER] [Eureka-EvictionTimer] INFO  [AbstractInstanceRegistry.java:1254] com.netflix.eureka.registry.AbstractInstanceRegistry - Running the evict task with compensationTime 5ms
2026-08-11 10:44:19.647 [EUREKA-SERVER] [Eureka-EvictionTimer] INFO  [AbstractInstanceRegistry.java:1254] com.netflix.eureka.registry.AbstractInstanceRegistry - Running the evict task with compensationTime 9ms
2026-08-11 10:45:19.654 [EUREKA-SERVER] [Eureka-EvictionTimer] INFO  [AbstractInstanceRegistry.java:1254] com.netflix.eureka.registry.AbstractInstanceRegistry - Running the evict task with compensationTime 6ms
2026-08-11 10:46:19.655 [EUREKA-SERVER] [Eureka-EvictionTimer] INFO  [AbstractInstanceRegistry.java:1254] com.netflix.eureka.registry.AbstractInstanceRegistry - Running the evict task with compensationTime 1ms
2026-08-11 10:47:19.667 [EUREKA-SERVER] [Eureka-EvictionTimer] INFO  [AbstractInstanceRegistry.java:1254] com.netflix.eureka.registry.AbstractInstanceRegistry - Running the evict task with compensationTime 11ms
2026-08-11 10:48:19.678 [EUREKA-SERVER] [Eureka-EvictionTimer] INFO  [AbstractInstanceRegistry.java:1254] com.netflix.eureka.registry.AbstractInstanceRegistry - Running the evict task with compensationTime 11ms
2026-08-11 10:49:19.685 [EUREKA-SERVER] [Eureka-EvictionTimer] INFO  [AbstractInstanceRegistry.java:1254] com.netflix.eureka.registry.AbstractInstanceRegistry - Running the evict task with compensationTime 7ms
2026-08-11 10:50:19.687 [EUREKA-SERVER] [Eureka-EvictionTimer] INFO  [AbstractInstanceRegistry.java:1254] com.netflix.eureka.registry.AbstractInstanceRegistry - Running the evict task with compensationTime 2ms
2026-08-11 10:51:19.688 [EUREKA-SERVER] [Eureka-EvictionTimer] INFO  [AbstractInstanceRegistry.java:1254] com.netflix.eureka.registry.AbstractInstanceRegistry - Running the evict task with compensationTime 1ms
2026-08-11 10:52:19.702 [EUREKA-SERVER] [Eureka-EvictionTimer] INFO  [AbstractInstanceRegistry.java:1254] com.netflix.eureka.registry.AbstractInstanceRegistry - Running the evict task with compensationTime 14ms
2026-08-11 10:52:19.880 [EUREKA-SERVER] [Eureka-PeerNodesUpdater] WARN  [PeerEurekaNodes.java:154] com.netflix.eureka.cluster.PeerEurekaNodes - The replica size seems to be empty. Check the route 53 DNS Registry
2026-08-11 10:53:19.714 [EUREKA-SERVER] [Eureka-EvictionTimer] INFO  [AbstractInstanceRegistry.java:1254] com.netflix.eureka.registry.AbstractInstanceRegistry - Running the evict task with compensationTime 11ms
2026-08-11 10:54:19.728 [EUREKA-SERVER] [Eureka-EvictionTimer] INFO  [AbstractInstanceRegistry.java:1254] com.netflix.eureka.registry.AbstractInstanceRegistry - Running the evict task with compensationTime 14ms
2026-08-11 10:55:19.730 [EUREKA-SERVER] [Eureka-EvictionTimer] INFO  [AbstractInstanceRegistry.java:1254] com.netflix.eureka.registry.AbstractInstanceRegistry - Running the evict task with compensationTime 1ms
2026-08-11 10:56:19.731 [EUREKA-SERVER] [Eureka-EvictionTimer] INFO  [AbstractInstanceRegistry.java:1254] com.netflix.eureka.registry.AbstractInstanceRegistry - Running the evict task with compensationTime 1ms
2026-08-11 10:57:19.396 [EUREKA-SERVER] [ReplicaAwareInstanceRegistry - RenewalThresholdUpdater] INFO  [PeerAwareInstanceRegistryImpl.java:550] com.netflix.eureka.registry.PeerAwareInstanceRegistryImpl - Current renewal threshold is : 22
2026-08-11 10:57:19.738 [EUREKA-SERVER] [Eureka-EvictionTimer] INFO  [AbstractInstanceRegistry.java:1254] com.netflix.eureka.registry.AbstractInstanceRegistry - Running the evict task with compensationTime 6ms
2026-08-11 10:58:19.743 [EUREKA-SERVER] [Eureka-EvictionTimer] INFO  [AbstractInstanceRegistry.java:1254] com.netflix.eureka.registry.AbstractInstanceRegistry - Running the evict task with compensationTime 4ms
2026-08-11 10:59:19.743 [EUREKA-SERVER] [Eureka-EvictionTimer] INFO  [AbstractInstanceRegistry.java:1254] com.netflix.eureka.registry.AbstractInstanceRegistry - Running the evict task with compensationTime 0ms
2026-08-11 11:00:19.752 [EUREKA-SERVER] [Eureka-EvictionTimer] INFO  [AbstractInstanceRegistry.java:1254] com.netflix.eureka.registry.AbstractInstanceRegistry - Running the evict task with compensationTime 9ms
2026-08-11 11:01:19.757 [EUREKA-SERVER] [Eureka-EvictionTimer] INFO  [AbstractInstanceRegistry.java:1254] com.netflix.eureka.registry.AbstractInstanceRegistry - Running the evict task with compensationTime 5ms
2026-08-11 11:02:19.771 [EUREKA-SERVER] [Eureka-EvictionTimer] INFO  [AbstractInstanceRegistry.java:1254] com.netflix.eureka.registry.AbstractInstanceRegistry - Running the evict task with compensationTime 13ms
2026-08-11 11:02:19.884 [EUREKA-SERVER] [Eureka-PeerNodesUpdater] WARN  [PeerEurekaNodes.java:154] com.netflix.eureka.cluster.PeerEurekaNodes - The replica size seems to be empty. Check the route 53 DNS Registry
2026-08-11 11:03:19.774 [EUREKA-SERVER] [Eureka-EvictionTimer] INFO  [AbstractInstanceRegistry.java:1254] com.netflix.eureka.registry.AbstractInstanceRegistry - Running the evict task with compensationTime 2ms
2026-08-11 11:04:19.789 [EUREKA-SERVER] [Eureka-EvictionTimer] INFO  [AbstractInstanceRegistry.java:1254] com.netflix.eureka.registry.AbstractInstanceRegistry - Running the evict task with compensationTime 15ms
2026-08-11 11:05:19.803 [EUREKA-SERVER] [Eureka-EvictionTimer] INFO  [AbstractInstanceRegistry.java:1254] com.netflix.eureka.registry.AbstractInstanceRegistry - Running the evict task with compensationTime 13ms
2026-08-11 11:06:19.814 [EUREKA-SERVER] [Eureka-EvictionTimer] INFO  [AbstractInstanceRegistry.java:1254] com.netflix.eureka.registry.AbstractInstanceRegistry - Running the evict task with compensationTime 10ms
2026-08-11 11:07:19.815 [EUREKA-SERVER] [Eureka-EvictionTimer] INFO  [AbstractInstanceRegistry.java:1254] com.netflix.eureka.registry.AbstractInstanceRegistry - Running the evict task with compensationTime 1ms
2026-08-11 11:08:19.823 [EUREKA-SERVER] [Eureka-EvictionTimer] INFO  [AbstractInstanceRegistry.java:1254] com.netflix.eureka.registry.AbstractInstanceRegistry - Running the evict task with compensationTime 7ms
2026-08-11 11:09:19.831 [EUREKA-SERVER] [Eureka-EvictionTimer] INFO  [AbstractInstanceRegistry.java:1254] com.netflix.eureka.registry.AbstractInstanceRegistry - Running the evict task with compensationTime 8ms
2026-08-11 11:10:19.834 [EUREKA-SERVER] [Eureka-EvictionTimer] INFO  [AbstractInstanceRegistry.java:1254] com.netflix.eureka.registry.AbstractInstanceRegistry - Running the evict task with compensationTime 2ms
2026-08-11 11:11:19.839 [EUREKA-SERVER] [Eureka-EvictionTimer] INFO  [AbstractInstanceRegistry.java:1254] com.netflix.eureka.registry.AbstractInstanceRegistry - Running the evict task with compensationTime 5ms
2026-08-11 11:12:19.416 [EUREKA-SERVER] [ReplicaAwareInstanceRegistry - RenewalThresholdUpdater] INFO  [PeerAwareInstanceRegistryImpl.java:550] com.netflix.eureka.registry.PeerAwareInstanceRegistryImpl - Current renewal threshold is : 22
2026-08-11 11:12:19.852 [EUREKA-SERVER] [Eureka-EvictionTimer] INFO  [AbstractInstanceRegistry.java:1254] com.netflix.eureka.registry.AbstractInstanceRegistry - Running the evict task with compensationTime 13ms
2026-08-11 11:12:19.886 [EUREKA-SERVER] [Eureka-PeerNodesUpdater] WARN  [PeerEurekaNodes.java:154] com.netflix.eureka.cluster.PeerEurekaNodes - The replica size seems to be empty. Check the route 53 DNS Registry
2026-08-11 11:13:19.854 [EUREKA-SERVER] [Eureka-EvictionTimer] INFO  [AbstractInstanceRegistry.java:1254] com.netflix.eureka.registry.AbstractInstanceRegistry - Running the evict task with compensationTime 1ms
2026-08-11 11:14:19.861 [EUREKA-SERVER] [Eureka-EvictionTimer] INFO  [AbstractInstanceRegistry.java:1254] com.netflix.eureka.registry.AbstractInstanceRegistry - Running the evict task with compensationTime 7ms
2026-08-11 11:15:19.871 [EUREKA-SERVER] [Eureka-EvictionTimer] INFO  [AbstractInstanceRegistry.java:1254] com.netflix.eureka.registry.AbstractInstanceRegistry - Running the evict task with compensationTime 9ms
2026-08-11 11:16:19.880 [EUREKA-SERVER] [Eureka-EvictionTimer] INFO  [AbstractInstanceRegistry.java:1254] com.netflix.eureka.registry.AbstractInstanceRegistry - Running the evict task with compensationTime 9ms
2026-08-11 11:17:19.886 [EUREKA-SERVER] [Eureka-EvictionTimer] INFO  [AbstractInstanceRegistry.java:1254] com.netflix.eureka.registry.AbstractInstanceRegistry - Running the evict task with compensationTime 5ms
2026-08-11 11:18:19.887 [EUREKA-SERVER] [Eureka-EvictionTimer] INFO  [AbstractInstanceRegistry.java:1254] com.netflix.eureka.registry.AbstractInstanceRegistry - Running the evict task with compensationTime 1ms
2026-08-11 11:19:19.907 [EUREKA-SERVER] [Eureka-EvictionTimer] INFO  [AbstractInstanceRegistry.java:1254] com.netflix.eureka.registry.AbstractInstanceRegistry - Running the evict task with compensationTime 19ms
2026-08-11 11:20:19.910 [EUREKA-SERVER] [Eureka-EvictionTimer] INFO  [AbstractInstanceRegistry.java:1254] com.netflix.eureka.registry.AbstractInstanceRegistry - Running the evict task with compensationTime 2ms
2026-08-11 11:21:19.911 [EUREKA-SERVER] [Eureka-EvictionTimer] INFO  [AbstractInstanceRegistry.java:1254] com.netflix.eureka.registry.AbstractInstanceRegistry - Running the evict task with compensationTime 0ms
2026-08-11 11:22:19.902 [EUREKA-SERVER] [Eureka-PeerNodesUpdater] WARN  [PeerEurekaNodes.java:154] com.netflix.eureka.cluster.PeerEurekaNodes - The replica size seems to be empty. Check the route 53 DNS Registry
2026-08-11 11:22:19.918 [EUREKA-SERVER] [Eureka-EvictionTimer] INFO  [AbstractInstanceRegistry.java:1254] com.netflix.eureka.registry.AbstractInstanceRegistry - Running the evict task with compensationTime 7ms
2026-08-11 11:23:19.930 [EUREKA-SERVER] [Eureka-EvictionTimer] INFO  [AbstractInstanceRegistry.java:1254] com.netflix.eureka.registry.AbstractInstanceRegistry - Running the evict task with compensationTime 12ms
2026-08-11 11:24:19.936 [EUREKA-SERVER] [Eureka-EvictionTimer] INFO  [AbstractInstanceRegistry.java:1254] com.netflix.eureka.registry.AbstractInstanceRegistry - Running the evict task with compensationTime 5ms
2026-08-11 11:25:19.948 [EUREKA-SERVER] [Eureka-EvictionTimer] INFO  [AbstractInstanceRegistry.java:1254] com.netflix.eureka.registry.AbstractInstanceRegistry - Running the evict task with compensationTime 12ms
2026-08-11 11:26:19.949 [EUREKA-SERVER] [Eureka-EvictionTimer] INFO  [AbstractInstanceRegistry.java:1254] com.netflix.eureka.registry.AbstractInstanceRegistry - Running the evict task with compensationTime 0ms
2026-08-11 11:27:19.424 [EUREKA-SERVER] [ReplicaAwareInstanceRegistry - RenewalThresholdUpdater] INFO  [PeerAwareInstanceRegistryImpl.java:550] com.netflix.eureka.registry.PeerAwareInstanceRegistryImpl - Current renewal threshold is : 22
2026-08-11 11:27:19.958 [EUREKA-SERVER] [Eureka-EvictionTimer] INFO  [AbstractInstanceRegistry.java:1254] com.netflix.eureka.registry.AbstractInstanceRegistry - Running the evict task with compensationTime 9ms
2026-08-11 11:28:19.967 [EUREKA-SERVER] [Eureka-EvictionTimer] INFO  [AbstractInstanceRegistry.java:1254] com.netflix.eureka.registry.AbstractInstanceRegistry - Running the evict task with compensationTime 8ms
2026-08-11 11:29:19.973 [EUREKA-SERVER] [Eureka-EvictionTimer] INFO  [AbstractInstanceRegistry.java:1254] com.netflix.eureka.registry.AbstractInstanceRegistry - Running the evict task with compensationTime 6ms
2026-08-11 11:30:19.980 [EUREKA-SERVER] [Eureka-EvictionTimer] INFO  [AbstractInstanceRegistry.java:1254] com.netflix.eureka.registry.AbstractInstanceRegistry - Running the evict task with compensationTime 6ms
2026-08-11 11:31:19.992 [EUREKA-SERVER] [Eureka-EvictionTimer] INFO  [AbstractInstanceRegistry.java:1254] com.netflix.eureka.registry.AbstractInstanceRegistry - Running the evict task with compensationTime 12ms
2026-08-11 11:32:19.904 [EUREKA-SERVER] [Eureka-PeerNodesUpdater] WARN  [PeerEurekaNodes.java:154] com.netflix.eureka.cluster.PeerEurekaNodes - The replica size seems to be empty. Check the route 53 DNS Registry
2026-08-11 11:32:19.999 [EUREKA-SERVER] [Eureka-EvictionTimer] INFO  [AbstractInstanceRegistry.java:1254] com.netflix.eureka.registry.AbstractInstanceRegistry - Running the evict task with compensationTime 5ms
2026-08-11 11:33:20.004 [EUREKA-SERVER] [Eureka-EvictionTimer] INFO  [AbstractInstanceRegistry.java:1254] com.netflix.eureka.registry.AbstractInstanceRegistry - Running the evict task with compensationTime 5ms
2026-08-11 11:34:20.011 [EUREKA-SERVER] [Eureka-EvictionTimer] INFO  [AbstractInstanceRegistry.java:1254] com.netflix.eureka.registry.AbstractInstanceRegistry - Running the evict task with compensationTime 6ms
2026-08-11 11:35:20.016 [EUREKA-SERVER] [Eureka-EvictionTimer] INFO  [AbstractInstanceRegistry.java:1254] com.netflix.eureka.registry.AbstractInstanceRegistry - Running the evict task with compensationTime 5ms
2026-08-11 11:36:20.020 [EUREKA-SERVER] [Eureka-EvictionTimer] INFO  [AbstractInstanceRegistry.java:1254] com.netflix.eureka.registry.AbstractInstanceRegistry - Running the evict task with compensationTime 3ms
2026-08-11 11:37:20.024 [EUREKA-SERVER] [Eureka-EvictionTimer] INFO  [AbstractInstanceRegistry.java:1254] com.netflix.eureka.registry.AbstractInstanceRegistry - Running the evict task with compensationTime 3ms
2026-08-11 11:38:20.028 [EUREKA-SERVER] [Eureka-EvictionTimer] INFO  [AbstractInstanceRegistry.java:1254] com.netflix.eureka.registry.AbstractInstanceRegistry - Running the evict task with compensationTime 3ms
2026-08-11 11:39:20.035 [EUREKA-SERVER] [Eureka-EvictionTimer] INFO  [AbstractInstanceRegistry.java:1254] com.netflix.eureka.registry.AbstractInstanceRegistry - Running the evict task with compensationTime 7ms
2026-08-11 11:40:20.042 [EUREKA-SERVER] [Eureka-EvictionTimer] INFO  [AbstractInstanceRegistry.java:1254] com.netflix.eureka.registry.AbstractInstanceRegistry - Running the evict task with compensationTime 7ms
2026-08-11 11:41:20.042 [EUREKA-SERVER] [Eureka-EvictionTimer] INFO  [AbstractInstanceRegistry.java:1254] com.netflix.eureka.registry.AbstractInstanceRegistry - Running the evict task with compensationTime 0ms
2026-08-11 11:42:19.424 [EUREKA-SERVER] [ReplicaAwareInstanceRegistry - RenewalThresholdUpdater] INFO  [PeerAwareInstanceRegistryImpl.java:550] com.netflix.eureka.registry.PeerAwareInstanceRegistryImpl - Current renewal threshold is : 22
2026-08-11 11:42:19.917 [EUREKA-SERVER] [Eureka-PeerNodesUpdater] WARN  [PeerEurekaNodes.java:154] com.netflix.eureka.cluster.PeerEurekaNodes - The replica size seems to be empty. Check the route 53 DNS Registry
2026-08-11 11:42:20.049 [EUREKA-SERVER] [Eureka-EvictionTimer] INFO  [AbstractInstanceRegistry.java:1254] com.netflix.eureka.registry.AbstractInstanceRegistry - Running the evict task with compensationTime 6ms
2026-08-11 11:43:20.049 [EUREKA-SERVER] [Eureka-EvictionTimer] INFO  [AbstractInstanceRegistry.java:1254] com.netflix.eureka.registry.AbstractInstanceRegistry - Running the evict task with compensationTime 0ms
2026-08-11 11:44:20.057 [EUREKA-SERVER] [Eureka-EvictionTimer] INFO  [AbstractInstanceRegistry.java:1254] com.netflix.eureka.registry.AbstractInstanceRegistry - Running the evict task with compensationTime 7ms
2026-08-11 11:45:20.058 [EUREKA-SERVER] [Eureka-EvictionTimer] INFO  [AbstractInstanceRegistry.java:1254] com.netflix.eureka.registry.AbstractInstanceRegistry - Running the evict task with compensationTime 1ms
2026-08-11 11:46:20.062 [EUREKA-SERVER] [Eureka-EvictionTimer] INFO  [AbstractInstanceRegistry.java:1254] com.netflix.eureka.registry.AbstractInstanceRegistry - Running the evict task with compensationTime 3ms
2026-08-11 11:47:20.063 [EUREKA-SERVER] [Eureka-EvictionTimer] INFO  [AbstractInstanceRegistry.java:1254] com.netflix.eureka.registry.AbstractInstanceRegistry - Running the evict task with compensationTime 1ms
2026-08-11 11:48:20.074 [EUREKA-SERVER] [Eureka-EvictionTimer] INFO  [AbstractInstanceRegistry.java:1254] com.netflix.eureka.registry.AbstractInstanceRegistry - Running the evict task with compensationTime 10ms
2026-08-11 11:49:20.077 [EUREKA-SERVER] [Eureka-EvictionTimer] INFO  [AbstractInstanceRegistry.java:1254] com.netflix.eureka.registry.AbstractInstanceRegistry - Running the evict task with compensationTime 3ms
2026-08-11 11:50:20.089 [EUREKA-SERVER] [Eureka-EvictionTimer] INFO  [AbstractInstanceRegistry.java:1254] com.netflix.eureka.registry.AbstractInstanceRegistry - Running the evict task with compensationTime 11ms
2026-08-11 11:51:20.103 [EUREKA-SERVER] [Eureka-EvictionTimer] INFO  [AbstractInstanceRegistry.java:1254] com.netflix.eureka.registry.AbstractInstanceRegistry - Running the evict task with compensationTime 14ms
2026-08-11 11:52:19.931 [EUREKA-SERVER] [Eureka-PeerNodesUpdater] WARN  [PeerEurekaNodes.java:154] com.netflix.eureka.cluster.PeerEurekaNodes - The replica size seems to be empty. Check the route 53 DNS Registry
2026-08-11 11:52:20.106 [EUREKA-SERVER] [Eureka-EvictionTimer] INFO  [AbstractInstanceRegistry.java:1254] com.netflix.eureka.registry.AbstractInstanceRegistry - Running the evict task with compensationTime 2ms
2026-08-11 11:53:20.110 [EUREKA-SERVER] [Eureka-EvictionTimer] INFO  [AbstractInstanceRegistry.java:1254] com.netflix.eureka.registry.AbstractInstanceRegistry - Running the evict task with compensationTime 3ms
2026-08-11 11:54:20.115 [EUREKA-SERVER] [Eureka-EvictionTimer] INFO  [AbstractInstanceRegistry.java:1254] com.netflix.eureka.registry.AbstractInstanceRegistry - Running the evict task with compensationTime 5ms
2026-08-11 11:55:20.124 [EUREKA-SERVER] [Eureka-EvictionTimer] INFO  [AbstractInstanceRegistry.java:1254] com.netflix.eureka.registry.AbstractInstanceRegistry - Running the evict task with compensationTime 8ms
2026-08-11 11:56:20.128 [EUREKA-SERVER] [Eureka-EvictionTimer] INFO  [AbstractInstanceRegistry.java:1254] com.netflix.eureka.registry.AbstractInstanceRegistry - Running the evict task with compensationTime 4ms
2026-08-11 11:57:19.428 [EUREKA-SERVER] [ReplicaAwareInstanceRegistry - RenewalThresholdUpdater] INFO  [PeerAwareInstanceRegistryImpl.java:550] com.netflix.eureka.registry.PeerAwareInstanceRegistryImpl - Current renewal threshold is : 22
2026-08-11 11:57:20.132 [EUREKA-SERVER] [Eureka-EvictionTimer] INFO  [AbstractInstanceRegistry.java:1254] com.netflix.eureka.registry.AbstractInstanceRegistry - Running the evict task with compensationTime 4ms
2026-08-11 11:58:20.142 [EUREKA-SERVER] [Eureka-EvictionTimer] INFO  [AbstractInstanceRegistry.java:1254] com.netflix.eureka.registry.AbstractInstanceRegistry - Running the evict task with compensationTime 9ms
2026-08-11 11:59:20.152 [EUREKA-SERVER] [Eureka-EvictionTimer] INFO  [AbstractInstanceRegistry.java:1254] com.netflix.eureka.registry.AbstractInstanceRegistry - Running the evict task with compensationTime 10ms
2026-08-11 12:00:20.167 [EUREKA-SERVER] [Eureka-EvictionTimer] INFO  [AbstractInstanceRegistry.java:1254] com.netflix.eureka.registry.AbstractInstanceRegistry - Running the evict task with compensationTime 14ms
2026-08-11 12:01:20.169 [EUREKA-SERVER] [Eureka-EvictionTimer] INFO  [AbstractInstanceRegistry.java:1254] com.netflix.eureka.registry.AbstractInstanceRegistry - Running the evict task with compensationTime 1ms
2026-08-11 12:02:19.941 [EUREKA-SERVER] [Eureka-PeerNodesUpdater] WARN  [PeerEurekaNodes.java:154] com.netflix.eureka.cluster.PeerEurekaNodes - The replica size seems to be empty. Check the route 53 DNS Registry
2026-08-11 12:02:20.181 [EUREKA-SERVER] [Eureka-EvictionTimer] INFO  [AbstractInstanceRegistry.java:1254] com.netflix.eureka.registry.AbstractInstanceRegistry - Running the evict task with compensationTime 13ms
2026-08-11 12:03:20.193 [EUREKA-SERVER] [Eureka-EvictionTimer] INFO  [AbstractInstanceRegistry.java:1254] com.netflix.eureka.registry.AbstractInstanceRegistry - Running the evict task with compensationTime 11ms
2026-08-11 12:04:20.199 [EUREKA-SERVER] [Eureka-EvictionTimer] INFO  [AbstractInstanceRegistry.java:1254] com.netflix.eureka.registry.AbstractInstanceRegistry - Running the evict task with compensationTime 6ms
2026-08-11 12:05:20.212 [EUREKA-SERVER] [Eureka-EvictionTimer] INFO  [AbstractInstanceRegistry.java:1254] com.netflix.eureka.registry.AbstractInstanceRegistry - Running the evict task with compensationTime 13ms
2026-08-11 12:06:20.217 [EUREKA-SERVER] [Eureka-EvictionTimer] INFO  [AbstractInstanceRegistry.java:1254] com.netflix.eureka.registry.AbstractInstanceRegistry - Running the evict task with compensationTime 5ms
2026-08-11 12:07:20.230 [EUREKA-SERVER] [Eureka-EvictionTimer] INFO  [AbstractInstanceRegistry.java:1254] com.netflix.eureka.registry.AbstractInstanceRegistry - Running the evict task with compensationTime 12ms
2026-08-11 12:08:20.236 [EUREKA-SERVER] [Eureka-EvictionTimer] INFO  [AbstractInstanceRegistry.java:1254] com.netflix.eureka.registry.AbstractInstanceRegistry - Running the evict task with compensationTime 5ms
2026-08-11 12:09:20.239 [EUREKA-SERVER] [Eureka-EvictionTimer] INFO  [AbstractInstanceRegistry.java:1254] com.netflix.eureka.registry.AbstractInstanceRegistry - Running the evict task with compensationTime 2ms
2026-08-11 12:10:20.245 [EUREKA-SERVER] [Eureka-EvictionTimer] INFO  [AbstractInstanceRegistry.java:1254] com.netflix.eureka.registry.AbstractInstanceRegistry - Running the evict task with compensationTime 6ms
2026-08-11 12:11:20.251 [EUREKA-SERVER] [Eureka-EvictionTimer] INFO  [AbstractInstanceRegistry.java:1254] com.netflix.eureka.registry.AbstractInstanceRegistry - Running the evict task with compensationTime 5ms
2026-08-11 12:12:19.432 [EUREKA-SERVER] [ReplicaAwareInstanceRegistry - RenewalThresholdUpdater] INFO  [PeerAwareInstanceRegistryImpl.java:550] com.netflix.eureka.registry.PeerAwareInstanceRegistryImpl - Current renewal threshold is : 22
2026-08-11 12:12:19.962 [EUREKA-SERVER] [Eureka-PeerNodesUpdater] WARN  [PeerEurekaNodes.java:154] com.netflix.eureka.cluster.PeerEurekaNodes - The replica size seems to be empty. Check the route 53 DNS Registry
2026-08-11 12:12:20.259 [EUREKA-SERVER] [Eureka-EvictionTimer] INFO  [AbstractInstanceRegistry.java:1254] com.netflix.eureka.registry.AbstractInstanceRegistry - Running the evict task with compensationTime 8ms
2026-08-11 12:13:20.260 [EUREKA-SERVER] [Eureka-EvictionTimer] INFO  [AbstractInstanceRegistry.java:1254] com.netflix.eureka.registry.AbstractInstanceRegistry - Running the evict task with compensationTime 1ms
2026-08-11 12:14:20.264 [EUREKA-SERVER] [Eureka-EvictionTimer] INFO  [AbstractInstanceRegistry.java:1254] com.netflix.eureka.registry.AbstractInstanceRegistry - Running the evict task with compensationTime 3ms
2026-08-11 12:15:20.279 [EUREKA-SERVER] [Eureka-EvictionTimer] INFO  [AbstractInstanceRegistry.java:1254] com.netflix.eureka.registry.AbstractInstanceRegistry - Running the evict task with compensationTime 14ms
2026-08-11 12:16:20.283 [EUREKA-SERVER] [Eureka-EvictionTimer] INFO  [AbstractInstanceRegistry.java:1254] com.netflix.eureka.registry.AbstractInstanceRegistry - Running the evict task with compensationTime 3ms
2026-08-11 12:17:20.296 [EUREKA-SERVER] [Eureka-EvictionTimer] INFO  [AbstractInstanceRegistry.java:1254] com.netflix.eureka.registry.AbstractInstanceRegistry - Running the evict task with compensationTime 13ms
2026-08-11 12:18:20.300 [EUREKA-SERVER] [Eureka-EvictionTimer] INFO  [AbstractInstanceRegistry.java:1254] com.netflix.eureka.registry.AbstractInstanceRegistry - Running the evict task with compensationTime 4ms
2026-08-11 12:19:20.304 [EUREKA-SERVER] [Eureka-EvictionTimer] INFO  [AbstractInstanceRegistry.java:1254] com.netflix.eureka.registry.AbstractInstanceRegistry - Running the evict task with compensationTime 3ms
2026-08-11 12:20:20.307 [EUREKA-SERVER] [Eureka-EvictionTimer] INFO  [AbstractInstanceRegistry.java:1254] com.netflix.eureka.registry.AbstractInstanceRegistry - Running the evict task with compensationTime 3ms
2026-08-11 12:21:20.314 [EUREKA-SERVER] [Eureka-EvictionTimer] INFO  [AbstractInstanceRegistry.java:1254] com.netflix.eureka.registry.AbstractInstanceRegistry - Running the evict task with compensationTime 6ms
2026-08-11 12:22:19.979 [EUREKA-SERVER] [Eureka-PeerNodesUpdater] WARN  [PeerEurekaNodes.java:154] com.netflix.eureka.cluster.PeerEurekaNodes - The replica size seems to be empty. Check the route 53 DNS Registry
2026-08-11 12:22:20.322 [EUREKA-SERVER] [Eureka-EvictionTimer] INFO  [AbstractInstanceRegistry.java:1254] com.netflix.eureka.registry.AbstractInstanceRegistry - Running the evict task with compensationTime 8ms
2026-08-11 12:23:20.330 [EUREKA-SERVER] [Eureka-EvictionTimer] INFO  [AbstractInstanceRegistry.java:1254] com.netflix.eureka.registry.AbstractInstanceRegistry - Running the evict task with compensationTime 7ms
2026-08-11 12:24:20.334 [EUREKA-SERVER] [Eureka-EvictionTimer] INFO  [AbstractInstanceRegistry.java:1254] com.netflix.eureka.registry.AbstractInstanceRegistry - Running the evict task with compensationTime 4ms
2026-08-11 12:25:20.342 [EUREKA-SERVER] [Eureka-EvictionTimer] INFO  [AbstractInstanceRegistry.java:1254] com.netflix.eureka.registry.AbstractInstanceRegistry - Running the evict task with compensationTime 8ms
2026-08-11 12:26:20.353 [EUREKA-SERVER] [Eureka-EvictionTimer] INFO  [AbstractInstanceRegistry.java:1254] com.netflix.eureka.registry.AbstractInstanceRegistry - Running the evict task with compensationTime 10ms
2026-08-11 12:27:19.435 [EUREKA-SERVER] [ReplicaAwareInstanceRegistry - RenewalThresholdUpdater] INFO  [PeerAwareInstanceRegistryImpl.java:550] com.netflix.eureka.registry.PeerAwareInstanceRegistryImpl - Current renewal threshold is : 22
2026-08-11 12:27:20.357 [EUREKA-SERVER] [Eureka-EvictionTimer] INFO  [AbstractInstanceRegistry.java:1254] com.netflix.eureka.registry.AbstractInstanceRegistry - Running the evict task with compensationTime 3ms
2026-08-11 12:28:20.362 [EUREKA-SERVER] [Eureka-EvictionTimer] INFO  [AbstractInstanceRegistry.java:1254] com.netflix.eureka.registry.AbstractInstanceRegistry - Running the evict task with compensationTime 5ms
2026-08-11 12:29:20.366 [EUREKA-SERVER] [Eureka-EvictionTimer] INFO  [AbstractInstanceRegistry.java:1254] com.netflix.eureka.registry.AbstractInstanceRegistry - Running the evict task with compensationTime 4ms
2026-08-11 12:30:20.378 [EUREKA-SERVER] [Eureka-EvictionTimer] INFO  [AbstractInstanceRegistry.java:1254] com.netflix.eureka.registry.AbstractInstanceRegistry - Running the evict task with compensationTime 11ms
2026-08-11 12:31:20.380 [EUREKA-SERVER] [Eureka-EvictionTimer] INFO  [AbstractInstanceRegistry.java:1254] com.netflix.eureka.registry.AbstractInstanceRegistry - Running the evict task with compensationTime 2ms
2026-08-11 12:32:19.981 [EUREKA-SERVER] [Eureka-PeerNodesUpdater] WARN  [PeerEurekaNodes.java:154] com.netflix.eureka.cluster.PeerEurekaNodes - The replica size seems to be empty. Check the route 53 DNS Registry
2026-08-11 12:32:20.383 [EUREKA-SERVER] [Eureka-EvictionTimer] INFO  [AbstractInstanceRegistry.java:1254] com.netflix.eureka.registry.AbstractInstanceRegistry - Running the evict task with compensationTime 1ms
2026-08-11 12:33:20.392 [EUREKA-SERVER] [Eureka-EvictionTimer] INFO  [AbstractInstanceRegistry.java:1254] com.netflix.eureka.registry.AbstractInstanceRegistry - Running the evict task with compensationTime 9ms
2026-08-11 12:34:20.394 [EUREKA-SERVER] [Eureka-EvictionTimer] INFO  [AbstractInstanceRegistry.java:1254] com.netflix.eureka.registry.AbstractInstanceRegistry - Running the evict task with compensationTime 2ms
2026-08-11 12:35:20.395 [EUREKA-SERVER] [Eureka-EvictionTimer] INFO  [AbstractInstanceRegistry.java:1254] com.netflix.eureka.registry.AbstractInstanceRegistry - Running the evict task with compensationTime 0ms
2026-08-11 12:36:20.410 [EUREKA-SERVER] [Eureka-EvictionTimer] INFO  [AbstractInstanceRegistry.java:1254] com.netflix.eureka.registry.AbstractInstanceRegistry - Running the evict task with compensationTime 15ms
2026-08-11 12:37:20.419 [EUREKA-SERVER] [Eureka-EvictionTimer] INFO  [AbstractInstanceRegistry.java:1254] com.netflix.eureka.registry.AbstractInstanceRegistry - Running the evict task with compensationTime 9ms
2026-08-11 12:38:20.435 [EUREKA-SERVER] [Eureka-EvictionTimer] INFO  [AbstractInstanceRegistry.java:1254] com.netflix.eureka.registry.AbstractInstanceRegistry - Running the evict task with compensationTime 15ms
2026-08-11 12:39:20.448 [EUREKA-SERVER] [Eureka-EvictionTimer] INFO  [AbstractInstanceRegistry.java:1254] com.netflix.eureka.registry.AbstractInstanceRegistry - Running the evict task with compensationTime 12ms
2026-08-11 12:40:20.454 [EUREKA-SERVER] [Eureka-EvictionTimer] INFO  [AbstractInstanceRegistry.java:1254] com.netflix.eureka.registry.AbstractInstanceRegistry - Running the evict task with compensationTime 6ms
2026-08-11 12:41:20.469 [EUREKA-SERVER] [Eureka-EvictionTimer] INFO  [AbstractInstanceRegistry.java:1254] com.netflix.eureka.registry.AbstractInstanceRegistry - Running the evict task with compensationTime 15ms
2026-08-11 12:42:19.442 [EUREKA-SERVER] [ReplicaAwareInstanceRegistry - RenewalThresholdUpdater] INFO  [PeerAwareInstanceRegistryImpl.java:550] com.netflix.eureka.registry.PeerAwareInstanceRegistryImpl - Current renewal threshold is : 22
2026-08-11 12:42:19.984 [EUREKA-SERVER] [Eureka-PeerNodesUpdater] WARN  [PeerEurekaNodes.java:154] com.netflix.eureka.cluster.PeerEurekaNodes - The replica size seems to be empty. Check the route 53 DNS Registry
2026-08-11 12:42:20.474 [EUREKA-SERVER] [Eureka-EvictionTimer] INFO  [AbstractInstanceRegistry.java:1254] com.netflix.eureka.registry.AbstractInstanceRegistry - Running the evict task with compensationTime 4ms
2026-08-11 12:43:20.475 [EUREKA-SERVER] [Eureka-EvictionTimer] INFO  [AbstractInstanceRegistry.java:1254] com.netflix.eureka.registry.AbstractInstanceRegistry - Running the evict task with compensationTime 0ms
2026-08-11 12:44:20.475 [EUREKA-SERVER] [Eureka-EvictionTimer] INFO  [AbstractInstanceRegistry.java:1254] com.netflix.eureka.registry.AbstractInstanceRegistry - Running the evict task with compensationTime 1ms
2026-08-11 12:45:20.485 [EUREKA-SERVER] [Eureka-EvictionTimer] INFO  [AbstractInstanceRegistry.java:1254] com.netflix.eureka.registry.AbstractInstanceRegistry - Running the evict task with compensationTime 8ms
2026-08-11 12:46:20.500 [EUREKA-SERVER] [Eureka-EvictionTimer] INFO  [AbstractInstanceRegistry.java:1254] com.netflix.eureka.registry.AbstractInstanceRegistry - Running the evict task with compensationTime 15ms
2026-08-11 12:47:20.515 [EUREKA-SERVER] [Eureka-EvictionTimer] INFO  [AbstractInstanceRegistry.java:1254] com.netflix.eureka.registry.AbstractInstanceRegistry - Running the evict task with compensationTime 15ms
2026-08-11 12:48:20.522 [EUREKA-SERVER] [Eureka-EvictionTimer] INFO  [AbstractInstanceRegistry.java:1254] com.netflix.eureka.registry.AbstractInstanceRegistry - Running the evict task with compensationTime 6ms
2026-08-11 12:49:20.526 [EUREKA-SERVER] [Eureka-EvictionTimer] INFO  [AbstractInstanceRegistry.java:1254] com.netflix.eureka.registry.AbstractInstanceRegistry - Running the evict task with compensationTime 4ms
2026-08-11 12:50:20.528 [EUREKA-SERVER] [Eureka-EvictionTimer] INFO  [AbstractInstanceRegistry.java:1254] com.netflix.eureka.registry.AbstractInstanceRegistry - Running the evict task with compensationTime 2ms
2026-08-11 12:51:20.542 [EUREKA-SERVER] [Eureka-EvictionTimer] INFO  [AbstractInstanceRegistry.java:1254] com.netflix.eureka.registry.AbstractInstanceRegistry - Running the evict task with compensationTime 13ms
2026-08-11 12:52:19.991 [EUREKA-SERVER] [Eureka-PeerNodesUpdater] WARN  [PeerEurekaNodes.java:154] com.netflix.eureka.cluster.PeerEurekaNodes - The replica size seems to be empty. Check the route 53 DNS Registry
2026-08-11 12:52:20.544 [EUREKA-SERVER] [Eureka-EvictionTimer] INFO  [AbstractInstanceRegistry.java:1254] com.netflix.eureka.registry.AbstractInstanceRegistry - Running the evict task with compensationTime 2ms
2026-08-11 12:53:20.547 [EUREKA-SERVER] [Eureka-EvictionTimer] INFO  [AbstractInstanceRegistry.java:1254] com.netflix.eureka.registry.AbstractInstanceRegistry - Running the evict task with compensationTime 2ms
2026-08-11 12:54:20.552 [EUREKA-SERVER] [Eureka-EvictionTimer] INFO  [AbstractInstanceRegistry.java:1254] com.netflix.eureka.registry.AbstractInstanceRegistry - Running the evict task with compensationTime 4ms
2026-08-11 12:55:20.554 [EUREKA-SERVER] [Eureka-EvictionTimer] INFO  [AbstractInstanceRegistry.java:1254] com.netflix.eureka.registry.AbstractInstanceRegistry - Running the evict task with compensationTime 1ms
2026-08-11 12:56:20.564 [EUREKA-SERVER] [Eureka-EvictionTimer] INFO  [AbstractInstanceRegistry.java:1254] com.netflix.eureka.registry.AbstractInstanceRegistry - Running the evict task with compensationTime 10ms
2026-08-11 12:57:19.449 [EUREKA-SERVER] [ReplicaAwareInstanceRegistry - RenewalThresholdUpdater] INFO  [PeerAwareInstanceRegistryImpl.java:550] com.netflix.eureka.registry.PeerAwareInstanceRegistryImpl - Current renewal threshold is : 22
2026-08-11 12:57:20.571 [EUREKA-SERVER] [Eureka-EvictionTimer] INFO  [AbstractInstanceRegistry.java:1254] com.netflix.eureka.registry.AbstractInstanceRegistry - Running the evict task with compensationTime 6ms
2026-08-11 12:58:20.578 [EUREKA-SERVER] [Eureka-EvictionTimer] INFO  [AbstractInstanceRegistry.java:1254] com.netflix.eureka.registry.AbstractInstanceRegistry - Running the evict task with compensationTime 6ms
2026-08-11 12:59:20.584 [EUREKA-SERVER] [Eureka-EvictionTimer] INFO  [AbstractInstanceRegistry.java:1254] com.netflix.eureka.registry.AbstractInstanceRegistry - Running the evict task with compensationTime 6ms
2026-08-11 13:00:20.587 [EUREKA-SERVER] [Eureka-EvictionTimer] INFO  [AbstractInstanceRegistry.java:1254] com.netflix.eureka.registry.AbstractInstanceRegistry - Running the evict task with compensationTime 2ms
2026-08-11 13:01:20.589 [EUREKA-SERVER] [Eureka-EvictionTimer] INFO  [AbstractInstanceRegistry.java:1254] com.netflix.eureka.registry.AbstractInstanceRegistry - Running the evict task with compensationTime 2ms
2026-08-11 13:02:20.004 [EUREKA-SERVER] [Eureka-PeerNodesUpdater] WARN  [PeerEurekaNodes.java:154] com.netflix.eureka.cluster.PeerEurekaNodes - The replica size seems to be empty. Check the route 53 DNS Registry
2026-08-11 13:02:20.604 [EUREKA-SERVER] [Eureka-EvictionTimer] INFO  [AbstractInstanceRegistry.java:1254] com.netflix.eureka.registry.AbstractInstanceRegistry - Running the evict task with compensationTime 14ms
2026-08-11 13:03:20.612 [EUREKA-SERVER] [Eureka-EvictionTimer] INFO  [AbstractInstanceRegistry.java:1254] com.netflix.eureka.registry.AbstractInstanceRegistry - Running the evict task with compensationTime 8ms
2026-08-11 13:04:20.625 [EUREKA-SERVER] [Eureka-EvictionTimer] INFO  [AbstractInstanceRegistry.java:1254] com.netflix.eureka.registry.AbstractInstanceRegistry - Running the evict task with compensationTime 13ms
2026-08-11 13:05:20.638 [EUREKA-SERVER] [Eureka-EvictionTimer] INFO  [AbstractInstanceRegistry.java:1254] com.netflix.eureka.registry.AbstractInstanceRegistry - Running the evict task with compensationTime 12ms
2026-08-11 13:06:20.645 [EUREKA-SERVER] [Eureka-EvictionTimer] INFO  [AbstractInstanceRegistry.java:1254] com.netflix.eureka.registry.AbstractInstanceRegistry - Running the evict task with compensationTime 7ms
2026-08-11 13:07:20.650 [EUREKA-SERVER] [Eureka-EvictionTimer] INFO  [AbstractInstanceRegistry.java:1254] com.netflix.eureka.registry.AbstractInstanceRegistry - Running the evict task with compensationTime 5ms
2026-08-11 13:08:20.662 [EUREKA-SERVER] [Eureka-EvictionTimer] INFO  [AbstractInstanceRegistry.java:1254] com.netflix.eureka.registry.AbstractInstanceRegistry - Running the evict task with compensationTime 12ms
2026-08-11 13:09:20.676 [EUREKA-SERVER] [Eureka-EvictionTimer] INFO  [AbstractInstanceRegistry.java:1254] com.netflix.eureka.registry.AbstractInstanceRegistry - Running the evict task with compensationTime 14ms
2026-08-11 13:10:20.682 [EUREKA-SERVER] [Eureka-EvictionTimer] INFO  [AbstractInstanceRegistry.java:1254] com.netflix.eureka.registry.AbstractInstanceRegistry - Running the evict task with compensationTime 6ms
2026-08-11 13:11:20.684 [EUREKA-SERVER] [Eureka-EvictionTimer] INFO  [AbstractInstanceRegistry.java:1254] com.netflix.eureka.registry.AbstractInstanceRegistry - Running the evict task with compensationTime 1ms
2026-08-11 13:12:19.462 [EUREKA-SERVER] [ReplicaAwareInstanceRegistry - RenewalThresholdUpdater] INFO  [PeerAwareInstanceRegistryImpl.java:550] com.netflix.eureka.registry.PeerAwareInstanceRegistryImpl - Current renewal threshold is : 22
2026-08-11 13:12:20.019 [EUREKA-SERVER] [Eureka-PeerNodesUpdater] WARN  [PeerEurekaNodes.java:154] com.netflix.eureka.cluster.PeerEurekaNodes - The replica size seems to be empty. Check the route 53 DNS Registry
2026-08-11 13:12:20.689 [EUREKA-SERVER] [Eureka-EvictionTimer] INFO  [AbstractInstanceRegistry.java:1254] com.netflix.eureka.registry.AbstractInstanceRegistry - Running the evict task with compensationTime 5ms
2026-08-11 13:13:20.698 [EUREKA-SERVER] [Eureka-EvictionTimer] INFO  [AbstractInstanceRegistry.java:1254] com.netflix.eureka.registry.AbstractInstanceRegistry - Running the evict task with compensationTime 9ms
2026-08-11 13:14:20.702 [EUREKA-SERVER] [Eureka-EvictionTimer] INFO  [AbstractInstanceRegistry.java:1254] com.netflix.eureka.registry.AbstractInstanceRegistry - Running the evict task with compensationTime 3ms
2026-08-11 13:15:20.713 [EUREKA-SERVER] [Eureka-EvictionTimer] INFO  [AbstractInstanceRegistry.java:1254] com.netflix.eureka.registry.AbstractInstanceRegistry - Running the evict task with compensationTime 10ms
2026-08-11 13:16:20.727 [EUREKA-SERVER] [Eureka-EvictionTimer] INFO  [AbstractInstanceRegistry.java:1254] com.netflix.eureka.registry.AbstractInstanceRegistry - Running the evict task with compensationTime 14ms
2026-08-11 13:17:20.738 [EUREKA-SERVER] [Eureka-EvictionTimer] INFO  [AbstractInstanceRegistry.java:1254] com.netflix.eureka.registry.AbstractInstanceRegistry - Running the evict task with compensationTime 10ms
2026-08-11 13:18:20.742 [EUREKA-SERVER] [Eureka-EvictionTimer] INFO  [AbstractInstanceRegistry.java:1254] com.netflix.eureka.registry.AbstractInstanceRegistry - Running the evict task with compensationTime 4ms
2026-08-11 13:19:20.747 [EUREKA-SERVER] [Eureka-EvictionTimer] INFO  [AbstractInstanceRegistry.java:1254] com.netflix.eureka.registry.AbstractInstanceRegistry - Running the evict task with compensationTime 5ms
2026-08-11 13:20:20.758 [EUREKA-SERVER] [Eureka-EvictionTimer] INFO  [AbstractInstanceRegistry.java:1254] com.netflix.eureka.registry.AbstractInstanceRegistry - Running the evict task with compensationTime 10ms
2026-08-11 13:21:20.758 [EUREKA-SERVER] [Eureka-EvictionTimer] INFO  [AbstractInstanceRegistry.java:1254] com.netflix.eureka.registry.AbstractInstanceRegistry - Running the evict task with compensationTime 0ms
2026-08-11 13:22:20.026 [EUREKA-SERVER] [Eureka-PeerNodesUpdater] WARN  [PeerEurekaNodes.java:154] com.netflix.eureka.cluster.PeerEurekaNodes - The replica size seems to be empty. Check the route 53 DNS Registry
2026-08-11 13:22:20.759 [EUREKA-SERVER] [Eureka-EvictionTimer] INFO  [AbstractInstanceRegistry.java:1254] com.netflix.eureka.registry.AbstractInstanceRegistry - Running the evict task with compensationTime 0ms
2026-08-11 13:23:20.763 [EUREKA-SERVER] [Eureka-EvictionTimer] INFO  [AbstractInstanceRegistry.java:1254] com.netflix.eureka.registry.AbstractInstanceRegistry - Running the evict task with compensationTime 4ms
2026-08-11 13:24:20.769 [EUREKA-SERVER] [Eureka-EvictionTimer] INFO  [AbstractInstanceRegistry.java:1254] com.netflix.eureka.registry.AbstractInstanceRegistry - Running the evict task with compensationTime 5ms
2026-08-11 13:25:20.777 [EUREKA-SERVER] [Eureka-EvictionTimer] INFO  [AbstractInstanceRegistry.java:1254] com.netflix.eureka.registry.AbstractInstanceRegistry - Running the evict task with compensationTime 9ms
2026-08-11 13:26:20.786 [EUREKA-SERVER] [Eureka-EvictionTimer] INFO  [AbstractInstanceRegistry.java:1254] com.netflix.eureka.registry.AbstractInstanceRegistry - Running the evict task with compensationTime 7ms
2026-08-11 13:27:19.466 [EUREKA-SERVER] [ReplicaAwareInstanceRegistry - RenewalThresholdUpdater] INFO  [PeerAwareInstanceRegistryImpl.java:550] com.netflix.eureka.registry.PeerAwareInstanceRegistryImpl - Current renewal threshold is : 22
2026-08-11 13:27:20.800 [EUREKA-SERVER] [Eureka-EvictionTimer] INFO  [AbstractInstanceRegistry.java:1254] com.netflix.eureka.registry.AbstractInstanceRegistry - Running the evict task with compensationTime 14ms
2026-08-11 13:28:20.803 [EUREKA-SERVER] [Eureka-EvictionTimer] INFO  [AbstractInstanceRegistry.java:1254] com.netflix.eureka.registry.AbstractInstanceRegistry - Running the evict task with compensationTime 2ms
2026-08-11 13:29:20.811 [EUREKA-SERVER] [Eureka-EvictionTimer] INFO  [AbstractInstanceRegistry.java:1254] com.netflix.eureka.registry.AbstractInstanceRegistry - Running the evict task with compensationTime 8ms
2026-08-11 13:30:20.819 [EUREKA-SERVER] [Eureka-EvictionTimer] INFO  [AbstractInstanceRegistry.java:1254] com.netflix.eureka.registry.AbstractInstanceRegistry - Running the evict task with compensationTime 7ms
2026-08-11 13:31:20.866 [EUREKA-SERVER] [Eureka-EvictionTimer] INFO  [AbstractInstanceRegistry.java:1254] com.netflix.eureka.registry.AbstractInstanceRegistry - Running the evict task with compensationTime 0ms
2026-08-11 13:32:20.038 [EUREKA-SERVER] [Eureka-PeerNodesUpdater] WARN  [PeerEurekaNodes.java:154] com.netflix.eureka.cluster.PeerEurekaNodes - The replica size seems to be empty. Check the route 53 DNS Registry
2026-08-11 13:32:20.828 [EUREKA-SERVER] [Eureka-EvictionTimer] INFO  [AbstractInstanceRegistry.java:1254] com.netflix.eureka.registry.AbstractInstanceRegistry - Running the evict task with compensationTime 9ms
2026-08-11 13:33:20.842 [EUREKA-SERVER] [Eureka-EvictionTimer] INFO  [AbstractInstanceRegistry.java:1254] com.netflix.eureka.registry.AbstractInstanceRegistry - Running the evict task with compensationTime 14ms
2026-08-11 13:34:20.848 [EUREKA-SERVER] [Eureka-EvictionTimer] INFO  [AbstractInstanceRegistry.java:1254] com.netflix.eureka.registry.AbstractInstanceRegistry - Running the evict task with compensationTime 6ms
2026-08-11 13:35:20.862 [EUREKA-SERVER] [Eureka-EvictionTimer] INFO  [AbstractInstanceRegistry.java:1254] com.netflix.eureka.registry.AbstractInstanceRegistry - Running the evict task with compensationTime 13ms
2026-08-11 13:36:20.869 [EUREKA-SERVER] [Eureka-EvictionTimer] INFO  [AbstractInstanceRegistry.java:1254] com.netflix.eureka.registry.AbstractInstanceRegistry - Running the evict task with compensationTime 6ms
2026-08-11 13:37:20.884 [EUREKA-SERVER] [Eureka-EvictionTimer] INFO  [AbstractInstanceRegistry.java:1254] com.netflix.eureka.registry.AbstractInstanceRegistry - Running the evict task with compensationTime 14ms
2026-08-11 13:38:20.885 [EUREKA-SERVER] [Eureka-EvictionTimer] INFO  [AbstractInstanceRegistry.java:1254] com.netflix.eureka.registry.AbstractInstanceRegistry - Running the evict task with compensationTime 1ms
2026-08-11 13:39:20.895 [EUREKA-SERVER] [Eureka-EvictionTimer] INFO  [AbstractInstanceRegistry.java:1254] com.netflix.eureka.registry.AbstractInstanceRegistry - Running the evict task with compensationTime 10ms
2026-08-11 13:40:20.908 [EUREKA-SERVER] [Eureka-EvictionTimer] INFO  [AbstractInstanceRegistry.java:1254] com.netflix.eureka.registry.AbstractInstanceRegistry - Running the evict task with compensationTime 12ms
2026-08-11 13:41:20.908 [EUREKA-SERVER] [Eureka-EvictionTimer] INFO  [AbstractInstanceRegistry.java:1254] com.netflix.eureka.registry.AbstractInstanceRegistry - Running the evict task with compensationTime 0ms
2026-08-11 13:42:19.470 [EUREKA-SERVER] [ReplicaAwareInstanceRegistry - RenewalThresholdUpdater] INFO  [PeerAwareInstanceRegistryImpl.java:550] com.netflix.eureka.registry.PeerAwareInstanceRegistryImpl - Current renewal threshold is : 22
2026-08-11 13:42:20.046 [EUREKA-SERVER] [Eureka-PeerNodesUpdater] WARN  [PeerEurekaNodes.java:154] com.netflix.eureka.cluster.PeerEurekaNodes - The replica size seems to be empty. Check the route 53 DNS Registry
2026-08-11 13:42:20.916 [EUREKA-SERVER] [Eureka-EvictionTimer] INFO  [AbstractInstanceRegistry.java:1254] com.netflix.eureka.registry.AbstractInstanceRegistry - Running the evict task with compensationTime 7ms
2026-08-11 13:43:20.919 [EUREKA-SERVER] [Eureka-EvictionTimer] INFO  [AbstractInstanceRegistry.java:1254] com.netflix.eureka.registry.AbstractInstanceRegistry - Running the evict task with compensationTime 3ms
2026-08-11 13:44:20.920 [EUREKA-SERVER] [Eureka-EvictionTimer] INFO  [AbstractInstanceRegistry.java:1254] com.netflix.eureka.registry.AbstractInstanceRegistry - Running the evict task with compensationTime 0ms
2026-08-11 13:45:20.925 [EUREKA-SERVER] [Eureka-EvictionTimer] INFO  [AbstractInstanceRegistry.java:1254] com.netflix.eureka.registry.AbstractInstanceRegistry - Running the evict task with compensationTime 5ms
2026-08-11 13:46:20.930 [EUREKA-SERVER] [Eureka-EvictionTimer] INFO  [AbstractInstanceRegistry.java:1254] com.netflix.eureka.registry.AbstractInstanceRegistry - Running the evict task with compensationTime 5ms
2026-08-11 13:47:20.937 [EUREKA-SERVER] [Eureka-EvictionTimer] INFO  [AbstractInstanceRegistry.java:1254] com.netflix.eureka.registry.AbstractInstanceRegistry - Running the evict task with compensationTime 7ms
2026-08-11 13:48:20.938 [EUREKA-SERVER] [Eureka-EvictionTimer] INFO  [AbstractInstanceRegistry.java:1254] com.netflix.eureka.registry.AbstractInstanceRegistry - Running the evict task with compensationTime 0ms
2026-08-11 13:49:20.944 [EUREKA-SERVER] [Eureka-EvictionTimer] INFO  [AbstractInstanceRegistry.java:1254] com.netflix.eureka.registry.AbstractInstanceRegistry - Running the evict task with compensationTime 6ms
2026-08-11 13:50:20.952 [EUREKA-SERVER] [Eureka-EvictionTimer] INFO  [AbstractInstanceRegistry.java:1254] com.netflix.eureka.registry.AbstractInstanceRegistry - Running the evict task with compensationTime 7ms
2026-08-11 13:52:44.677 [EUREKA-SERVER] [Eureka-EvictionTimer] INFO  [AbstractInstanceRegistry.java:1254] com.netflix.eureka.registry.AbstractInstanceRegistry - Running the evict task with compensationTime 87391ms
