2026-08-11 00:03:51.585 [INVOICE-SERVICE] [AsyncResolver-bootstrap-executor-%d] INFO  [ConfigClusterResolver.java:43] c.n.discovery.shared.resolver.aws.ConfigClusterResolver - Resolving eureka endpoints via configuration
2026-08-11 00:10:06.521 [INVOICE-SERVICE] [AsyncResolver-bootstrap-executor-%d] INFO  [ConfigClusterResolver.java:43] c.n.discovery.shared.resolver.aws.ConfigClusterResolver - Resolving eureka endpoints via configuration
2026-08-11 00:15:06.522 [INVOICE-SERVICE] [AsyncResolver-bootstrap-executor-%d] INFO  [ConfigClusterResolver.java:43] c.n.discovery.shared.resolver.aws.ConfigClusterResolver - Resolving eureka endpoints via configuration
2026-08-11 00:20:06.527 [INVOICE-SERVICE] [AsyncResolver-bootstrap-executor-%d] INFO  [ConfigClusterResolver.java:43] c.n.discovery.shared.resolver.aws.ConfigClusterResolver - Resolving eureka endpoints via configuration
2026-08-11 00:25:06.536 [INVOICE-SERVICE] [AsyncResolver-bootstrap-executor-%d] INFO  [ConfigClusterResolver.java:43] c.n.discovery.shared.resolver.aws.ConfigClusterResolver - Resolving eureka endpoints via configuration
2026-08-11 00:30:06.551 [INVOICE-SERVICE] [AsyncResolver-bootstrap-executor-%d] INFO  [ConfigClusterResolver.java:43] c.n.discovery.shared.resolver.aws.ConfigClusterResolver - Resolving eureka endpoints via configuration
2026-08-11 00:35:06.554 [INVOICE-SERVICE] [AsyncResolver-bootstrap-executor-%d] INFO  [ConfigClusterResolver.java:43] c.n.discovery.shared.resolver.aws.ConfigClusterResolver - Resolving eureka endpoints via configuration
2026-08-11 00:40:06.570 [INVOICE-SERVICE] [AsyncResolver-bootstrap-executor-%d] INFO  [ConfigClusterResolver.java:43] c.n.discovery.shared.resolver.aws.ConfigClusterResolver - Resolving eureka endpoints via configuration
2026-08-11 00:45:06.583 [INVOICE-SERVICE] [AsyncResolver-bootstrap-executor-%d] INFO  [ConfigClusterResolver.java:43] c.n.discovery.shared.resolver.aws.ConfigClusterResolver - Resolving eureka endpoints via configuration
2026-08-11 00:50:06.585 [INVOICE-SERVICE] [AsyncResolver-bootstrap-executor-%d] INFO  [ConfigClusterResolver.java:43] c.n.discovery.shared.resolver.aws.ConfigClusterResolver - Resolving eureka endpoints via configuration
2026-08-11 00:55:06.619 [INVOICE-SERVICE] [AsyncResolver-bootstrap-executor-%d] INFO  [ConfigClusterResolver.java:43] c.n.discovery.shared.resolver.aws.ConfigClusterResolver - Resolving eureka endpoints via configuration
2026-08-11 01:00:06.667 [INVOICE-SERVICE] [AsyncResolver-bootstrap-executor-%d] INFO  [ConfigClusterResolver.java:43] c.n.discovery.shared.resolver.aws.ConfigClusterResolver - Resolving eureka endpoints via configuration
2026-08-11 01:02:15.859 [INVOICE-SERVICE] [SpringApplicationShutdownHook] INFO  [EurekaServiceRegistry.java:91] o.s.c.netflix.eureka.serviceregistry.EurekaServiceRegistry - Unregistering application INVOICE-SERVICE with eureka with status DOWN
2026-08-11 01:02:15.860 [INVOICE-SERVICE] [SpringApplicationShutdownHook] INFO  [DiscoveryClient.java:1297] com.netflix.discovery.DiscoveryClient - Saw local status change event StatusChangeEvent [timestamp=1786390335860, current=DOWN, previous=UP]
2026-08-11 01:02:16.291 [INVOICE-SERVICE] [DiscoveryClient-InstanceInfoReplicator-%d] INFO  [DiscoveryClient.java:1297] com.netflix.discovery.DiscoveryClient - Saw local status change event StatusChangeEvent [timestamp=1786390336291, current=UP, previous=DOWN]
2026-08-11 01:02:16.291 [INVOICE-SERVICE] [DiscoveryClient-InstanceInfoReplicator-%d] INFO  [DiscoveryClient.java:825] com.netflix.discovery.DiscoveryClient - DiscoveryClient_INVOICE-SERVICE/localhost:INVOICE-SERVICE:8088: registering service...
2026-08-11 01:02:28.055 [INVOICE-SERVICE] [SpringApplicationShutdownHook] INFO  [AbstractEntityManagerFactoryBean.java:650] o.s.orm.jpa.LocalContainerEntityManagerFactoryBean - Closing JPA EntityManagerFactory for persistence unit 'default'
2026-08-11 01:02:31.801 [INVOICE-SERVICE] [SpringApplicationShutdownHook] INFO  [HikariDataSource.java:349] com.zaxxer.hikari.HikariDataSource - HikariPool-1 - Shutdown initiated...
2026-08-11 01:02:33.097 [INVOICE-SERVICE] [SpringApplicationShutdownHook] INFO  [HikariDataSource.java:351] com.zaxxer.hikari.HikariDataSource - HikariPool-1 - Shutdown completed.
2026-08-11 01:02:33.157 [INVOICE-SERVICE] [SpringApplicationShutdownHook] INFO  [DiscoveryClient.java:887] com.netflix.discovery.DiscoveryClient - Shutting down DiscoveryClient ...
2026-08-11 01:02:36.211 [INVOICE-SERVICE] [SpringApplicationShutdownHook] INFO  [DiscoveryClient.java:918] com.netflix.discovery.DiscoveryClient - Unregistering ...
2026-08-11 01:02:38.617 [INVOICE-SERVICE] [DiscoveryClient-InstanceInfoReplicator-%d] INFO  [DiscoveryClient.java:834] com.netflix.discovery.DiscoveryClient - DiscoveryClient_INVOICE-SERVICE/localhost:INVOICE-SERVICE:8088 - registration status: 204
2026-08-11 01:02:38.617 [INVOICE-SERVICE] [SpringApplicationShutdownHook] INFO  [DiscoveryClient.java:920] com.netflix.discovery.DiscoveryClient - DiscoveryClient_INVOICE-SERVICE/localhost:INVOICE-SERVICE:8088 - deregister  status: 200
2026-08-11 01:02:38.618 [INVOICE-SERVICE] [SpringApplicationShutdownHook] INFO  [DiscoveryClient.java:907] com.netflix.discovery.DiscoveryClient - Completed shut down of DiscoveryClient
2026-08-11 10:12:46.078 [INVOICE-SERVICE] [background-preinit] INFO  [Version.java:21] org.hibernate.validator.internal.util.Version - HV000001: Hibernate Validator 8.0.1.Final
2026-08-11 10:12:46.116 [INVOICE-SERVICE] [main] INFO  [StartupInfoLogger.java:50] com.icwd.invoice.InvoiceServiceApplication - Starting InvoiceServiceApplication using Java 21.0.11 with PID 35004 (D:\Project Work\InvoiceService\target\classes started by prans in D:\Project Work)
2026-08-11 10:12:46.125 [INVOICE-SERVICE] [main] INFO  [SpringApplication.java:654] com.icwd.invoice.InvoiceServiceApplication - No active profile set, falling back to 1 default profile: "default"
2026-08-11 10:12:47.145 [INVOICE-SERVICE] [main] INFO  [RepositoryConfigurationDelegate.java:143] o.s.data.repository.config.RepositoryConfigurationDelegate - Bootstrapping Spring Data JPA repositories in DEFAULT mode.
2026-08-11 10:12:47.276 [INVOICE-SERVICE] [main] INFO  [RepositoryConfigurationDelegate.java:211] o.s.data.repository.config.RepositoryConfigurationDelegate - Finished Spring Data repository scanning in 122 ms. Found 1 JPA repository interface.
2026-08-11 10:12:47.493 [INVOICE-SERVICE] [main] INFO  [GenericScope.java:282] org.springframework.cloud.context.scope.GenericScope - BeanFactory id=0355d437-72d7-3c09-8c08-a746f4b69c93
2026-08-11 10:12:47.810 [INVOICE-SERVICE] [main] WARN  [PostProcessorRegistrationDelegate.java:429] o.s.c.s.PostProcessorRegistrationDelegate$BeanPostProcessorChecker - Bean 'org.springframework.cloud.client.loadbalancer.LoadBalancerAutoConfiguration$DeferringLoadBalancerInterceptorConfig' of type [org.springframework.cloud.client.loadbalancer.LoadBalancerAutoConfiguration$DeferringLoadBalancerInterceptorConfig] is not eligible for getting processed by all BeanPostProcessors (for example: not eligible for auto-proxying). The currently created BeanPostProcessor [lbRestClientPostProcessor] is declared through a non-static factory method on that class; consider declaring it as static instead.
2026-08-11 10:12:47.813 [INVOICE-SERVICE] [main] WARN  [PostProcessorRegistrationDelegate.java:437] o.s.c.s.PostProcessorRegistrationDelegate$BeanPostProcessorChecker - Bean 'deferringLoadBalancerInterceptor' of type [org.springframework.cloud.client.loadbalancer.DeferringLoadBalancerInterceptor] is not eligible for getting processed by all BeanPostProcessors (for example: not eligible for auto-proxying). Is this bean getting eagerly injected into a currently created BeanPostProcessor [lbRestClientPostProcessor]? Check the corresponding BeanPostProcessor declaration and its dependencies.
2026-08-11 10:12:48.068 [INVOICE-SERVICE] [main] INFO  [TomcatWebServer.java:111] o.springframework.boot.web.embedded.tomcat.TomcatWebServer - Tomcat initialized with port 8088 (http)
2026-08-11 10:12:48.076 [INVOICE-SERVICE] [main] INFO  [DirectJDKLog.java:173] org.apache.coyote.http11.Http11NioProtocol - Initializing ProtocolHandler ["http-nio-8088"]
2026-08-11 10:12:48.079 [INVOICE-SERVICE] [main] INFO  [DirectJDKLog.java:173] org.apache.catalina.core.StandardService - Starting service [Tomcat]
2026-08-11 10:12:48.080 [INVOICE-SERVICE] [main] INFO  [DirectJDKLog.java:173] org.apache.catalina.core.StandardEngine - Starting Servlet engine: [Apache Tomcat/10.1.30]
2026-08-11 10:12:48.142 [INVOICE-SERVICE] [main] INFO  [DirectJDKLog.java:173] o.a.catalina.core.ContainerBase.[Tomcat].[localhost].[/] - Initializing Spring embedded WebApplicationContext
2026-08-11 10:12:48.142 [INVOICE-SERVICE] [main] INFO  [ServletWebServerApplicationContext.java:296] o.s.b.web.servlet.context.ServletWebServerApplicationContext - Root WebApplicationContext: initialization completed in 1966 ms
2026-08-11 10:12:48.463 [INVOICE-SERVICE] [main] INFO  [LogHelper.java:31] org.hibernate.jpa.internal.util.LogHelper - HHH000204: Processing PersistenceUnitInfo [name: default]
2026-08-11 10:12:48.524 [INVOICE-SERVICE] [main] INFO  [Version.java:44] org.hibernate.Version - HHH000412: Hibernate ORM core version 6.5.3.Final
2026-08-11 10:12:48.560 [INVOICE-SERVICE] [main] INFO  [RegionFactoryInitiator.java:50] org.hibernate.cache.internal.RegionFactoryInitiator - HHH000026: Second-level cache disabled
2026-08-11 10:12:48.870 [INVOICE-SERVICE] [main] INFO  [SpringPersistenceUnitInfo.java:87] o.s.orm.jpa.persistenceunit.SpringPersistenceUnitInfo - No LoadTimeWeaver setup: ignoring JPA class transformer
2026-08-11 10:12:48.900 [INVOICE-SERVICE] [main] INFO  [HikariDataSource.java:109] com.zaxxer.hikari.HikariDataSource - HikariPool-1 - Starting...
2026-08-11 10:12:49.125 [INVOICE-SERVICE] [main] INFO  [HikariPool.java:554] com.zaxxer.hikari.pool.HikariPool - HikariPool-1 - Added connection com.mysql.cj.jdbc.ConnectionImpl@7bd7d71c
2026-08-11 10:12:49.127 [INVOICE-SERVICE] [main] INFO  [HikariDataSource.java:122] com.zaxxer.hikari.HikariDataSource - HikariPool-1 - Start completed.
2026-08-11 10:12:50.107 [INVOICE-SERVICE] [main] INFO  [JtaPlatformInitiator.java:59] o.h.e.transaction.jta.platform.internal.JtaPlatformInitiator - HHH000489: No JTA platform available (set 'hibernate.transaction.jta.platform' to enable JTA platform integration)
2026-08-11 10:12:50.322 [INVOICE-SERVICE] [main] INFO  [AbstractEntityManagerFactoryBean.java:437] o.s.orm.jpa.LocalContainerEntityManagerFactoryBean - Initialized JPA EntityManagerFactory for persistence unit 'default'
2026-08-11 10:12:51.504 [INVOICE-SERVICE] [main] INFO  [DiscoveryClientOptionalArgsConfiguration.java:80] o.s.c.n.e.config.DiscoveryClientOptionalArgsConfiguration - Eureka HTTP Client uses RestTemplate.
2026-08-11 10:12:51.573 [INVOICE-SERVICE] [main] WARN  [LoadBalancerCacheAutoConfiguration.java:94] o.s.c.l.c.LoadBalancerCacheAutoConfiguration$LoadBalancerCaffeineWarnLogger - Spring Cloud LoadBalancer is currently working with the default cache. While this cache implementation is useful for development and tests, it's recommended to use Caffeine cache in production.You can switch to using Caffeine cache, by adding it and org.springframework.cache.caffeine.CaffeineCacheManager to the classpath.
2026-08-11 10:12:51.619 [INVOICE-SERVICE] [main] INFO  [EndpointLinksResolver.java:60] o.s.boot.actuate.endpoint.web.EndpointLinksResolver - Exposing 2 endpoints beneath base path '/actuator'
2026-08-11 10:12:51.703 [INVOICE-SERVICE] [main] INFO  [InstanceInfoFactory.java:67] o.springframework.cloud.netflix.eureka.InstanceInfoFactory - Setting initial instance status as: STARTING
2026-08-11 10:12:51.740 [INVOICE-SERVICE] [main] INFO  [DiscoveryClient.java:329] com.netflix.discovery.DiscoveryClient - Initializing Eureka in region us-east-1
2026-08-11 10:12:51.747 [INVOICE-SERVICE] [main] INFO  [ConfigClusterResolver.java:43] c.n.discovery.shared.resolver.aws.ConfigClusterResolver - Resolving eureka endpoints via configuration
2026-08-11 10:12:51.756 [INVOICE-SERVICE] [main] INFO  [DiscoveryClient.java:954] com.netflix.discovery.DiscoveryClient - Disable delta property : false
2026-08-11 10:12:51.757 [INVOICE-SERVICE] [main] INFO  [DiscoveryClient.java:955] com.netflix.discovery.DiscoveryClient - Single vip registry refresh property : null
2026-08-11 10:12:51.757 [INVOICE-SERVICE] [main] INFO  [DiscoveryClient.java:956] com.netflix.discovery.DiscoveryClient - Force full registry fetch : false
2026-08-11 10:12:51.757 [INVOICE-SERVICE] [main] INFO  [DiscoveryClient.java:957] com.netflix.discovery.DiscoveryClient - Application is null : false
2026-08-11 10:12:51.757 [INVOICE-SERVICE] [main] INFO  [DiscoveryClient.java:958] com.netflix.discovery.DiscoveryClient - Registered Applications size is zero : true
2026-08-11 10:12:51.757 [INVOICE-SERVICE] [main] INFO  [DiscoveryClient.java:960] com.netflix.discovery.DiscoveryClient - Application version is -1: true
2026-08-11 10:12:51.757 [INVOICE-SERVICE] [main] INFO  [DiscoveryClient.java:1042] com.netflix.discovery.DiscoveryClient - Getting all instance registry info from the eureka server
2026-08-11 10:12:52.171 [INVOICE-SERVICE] [main] INFO  [DiscoveryClient.java:1051] com.netflix.discovery.DiscoveryClient - The response status is 200
2026-08-11 10:12:52.173 [INVOICE-SERVICE] [main] INFO  [DiscoveryClient.java:1266] com.netflix.discovery.DiscoveryClient - Starting heartbeat executor: renew interval is: 30
2026-08-11 10:12:52.175 [INVOICE-SERVICE] [main] INFO  [InstanceInfoReplicator.java:64] com.netflix.discovery.InstanceInfoReplicator - InstanceInfoReplicator onDemand update allowed rate per min is 4
2026-08-11 10:12:52.177 [INVOICE-SERVICE] [main] INFO  [DiscoveryClient.java:455] com.netflix.discovery.DiscoveryClient - Discovery Client initialized at timestamp 1786423372176 with initial instances count: 0
2026-08-11 10:12:52.187 [INVOICE-SERVICE] [main] INFO  [EurekaServiceRegistry.java:70] o.s.c.netflix.eureka.serviceregistry.EurekaServiceRegistry - Registering application INVOICE-SERVICE with eureka with status UP
2026-08-11 10:12:52.188 [INVOICE-SERVICE] [main] INFO  [DiscoveryClient.java:1297] com.netflix.discovery.DiscoveryClient - Saw local status change event StatusChangeEvent [timestamp=1786423372188, current=UP, previous=STARTING]
2026-08-11 10:12:52.189 [INVOICE-SERVICE] [main] WARN  [InstanceInfoReplicator.java:114] com.netflix.discovery.InstanceInfoReplicator - Ignoring onDemand update due to rate limiter
2026-08-11 10:12:52.190 [INVOICE-SERVICE] [main] INFO  [DirectJDKLog.java:173] org.apache.coyote.http11.Http11NioProtocol - Starting ProtocolHandler ["http-nio-8088"]
2026-08-11 10:12:52.191 [INVOICE-SERVICE] [DiscoveryClient-InstanceInfoReplicator-%d] INFO  [DiscoveryClient.java:825] com.netflix.discovery.DiscoveryClient - DiscoveryClient_INVOICE-SERVICE/Pranshu:INVOICE-SERVICE:8088: registering service...
2026-08-11 10:12:52.207 [INVOICE-SERVICE] [main] INFO  [TomcatWebServer.java:243] o.springframework.boot.web.embedded.tomcat.TomcatWebServer - Tomcat started on port 8088 (http) with context path '/'
2026-08-11 10:12:52.208 [INVOICE-SERVICE] [main] INFO  [EurekaAutoServiceRegistration.java:150] o.s.c.n.eureka.serviceregistry.EurekaAutoServiceRegistration - Updating port to 8088
2026-08-11 10:12:52.231 [INVOICE-SERVICE] [DiscoveryClient-InstanceInfoReplicator-%d] INFO  [DiscoveryClient.java:834] com.netflix.discovery.DiscoveryClient - DiscoveryClient_INVOICE-SERVICE/Pranshu:INVOICE-SERVICE:8088 - registration status: 204
2026-08-11 10:12:52.235 [INVOICE-SERVICE] [main] INFO  [StartupInfoLogger.java:56] com.icwd.invoice.InvoiceServiceApplication - Started InvoiceServiceApplication in 6.942 seconds (process running for 7.515)
2026-08-11 10:13:22.177 [INVOICE-SERVICE] [DiscoveryClient-CacheRefreshExecutor-%d] INFO  [DiscoveryClient.java:954] com.netflix.discovery.DiscoveryClient - Disable delta property : false
2026-08-11 10:13:22.177 [INVOICE-SERVICE] [DiscoveryClient-CacheRefreshExecutor-%d] INFO  [DiscoveryClient.java:955] com.netflix.discovery.DiscoveryClient - Single vip registry refresh property : null
2026-08-11 10:13:22.177 [INVOICE-SERVICE] [DiscoveryClient-CacheRefreshExecutor-%d] INFO  [DiscoveryClient.java:956] com.netflix.discovery.DiscoveryClient - Force full registry fetch : false
2026-08-11 10:13:22.177 [INVOICE-SERVICE] [DiscoveryClient-CacheRefreshExecutor-%d] INFO  [DiscoveryClient.java:957] com.netflix.discovery.DiscoveryClient - Application is null : false
2026-08-11 10:13:22.177 [INVOICE-SERVICE] [DiscoveryClient-CacheRefreshExecutor-%d] INFO  [DiscoveryClient.java:958] com.netflix.discovery.DiscoveryClient - Registered Applications size is zero : true
2026-08-11 10:13:22.178 [INVOICE-SERVICE] [DiscoveryClient-CacheRefreshExecutor-%d] INFO  [DiscoveryClient.java:960] com.netflix.discovery.DiscoveryClient - Application version is -1: false
2026-08-11 10:13:22.178 [INVOICE-SERVICE] [DiscoveryClient-CacheRefreshExecutor-%d] INFO  [DiscoveryClient.java:1042] com.netflix.discovery.DiscoveryClient - Getting all instance registry info from the eureka server
2026-08-11 10:13:22.208 [INVOICE-SERVICE] [DiscoveryClient-CacheRefreshExecutor-%d] INFO  [DiscoveryClient.java:1051] com.netflix.discovery.DiscoveryClient - The response status is 200
2026-08-11 10:17:55.584 [INVOICE-SERVICE] [AsyncResolver-bootstrap-executor-%d] INFO  [ConfigClusterResolver.java:43] c.n.discovery.shared.resolver.aws.ConfigClusterResolver - Resolving eureka endpoints via configuration
2026-08-11 10:22:56.516 [INVOICE-SERVICE] [AsyncResolver-bootstrap-executor-%d] INFO  [ConfigClusterResolver.java:43] c.n.discovery.shared.resolver.aws.ConfigClusterResolver - Resolving eureka endpoints via configuration
2026-08-11 10:27:56.537 [INVOICE-SERVICE] [AsyncResolver-bootstrap-executor-%d] INFO  [ConfigClusterResolver.java:43] c.n.discovery.shared.resolver.aws.ConfigClusterResolver - Resolving eureka endpoints via configuration
2026-08-11 10:32:56.545 [INVOICE-SERVICE] [AsyncResolver-bootstrap-executor-%d] INFO  [ConfigClusterResolver.java:43] c.n.discovery.shared.resolver.aws.ConfigClusterResolver - Resolving eureka endpoints via configuration
2026-08-11 10:37:56.553 [INVOICE-SERVICE] [AsyncResolver-bootstrap-executor-%d] INFO  [ConfigClusterResolver.java:43] c.n.discovery.shared.resolver.aws.ConfigClusterResolver - Resolving eureka endpoints via configuration
2026-08-11 10:42:56.554 [INVOICE-SERVICE] [AsyncResolver-bootstrap-executor-%d] INFO  [ConfigClusterResolver.java:43] c.n.discovery.shared.resolver.aws.ConfigClusterResolver - Resolving eureka endpoints via configuration
2026-08-11 10:47:56.568 [INVOICE-SERVICE] [AsyncResolver-bootstrap-executor-%d] INFO  [ConfigClusterResolver.java:43] c.n.discovery.shared.resolver.aws.ConfigClusterResolver - Resolving eureka endpoints via configuration
2026-08-11 10:52:56.574 [INVOICE-SERVICE] [AsyncResolver-bootstrap-executor-%d] INFO  [ConfigClusterResolver.java:43] c.n.discovery.shared.resolver.aws.ConfigClusterResolver - Resolving eureka endpoints via configuration
2026-08-11 10:57:56.578 [INVOICE-SERVICE] [AsyncResolver-bootstrap-executor-%d] INFO  [ConfigClusterResolver.java:43] c.n.discovery.shared.resolver.aws.ConfigClusterResolver - Resolving eureka endpoints via configuration
2026-08-11 11:02:56.581 [INVOICE-SERVICE] [AsyncResolver-bootstrap-executor-%d] INFO  [ConfigClusterResolver.java:43] c.n.discovery.shared.resolver.aws.ConfigClusterResolver - Resolving eureka endpoints via configuration
2026-08-11 11:07:56.591 [INVOICE-SERVICE] [AsyncResolver-bootstrap-executor-%d] INFO  [ConfigClusterResolver.java:43] c.n.discovery.shared.resolver.aws.ConfigClusterResolver - Resolving eureka endpoints via configuration
2026-08-11 11:12:56.593 [INVOICE-SERVICE] [AsyncResolver-bootstrap-executor-%d] INFO  [ConfigClusterResolver.java:43] c.n.discovery.shared.resolver.aws.ConfigClusterResolver - Resolving eureka endpoints via configuration
2026-08-11 11:17:56.608 [INVOICE-SERVICE] [AsyncResolver-bootstrap-executor-%d] INFO  [ConfigClusterResolver.java:43] c.n.discovery.shared.resolver.aws.ConfigClusterResolver - Resolving eureka endpoints via configuration
2026-08-11 11:22:56.609 [INVOICE-SERVICE] [AsyncResolver-bootstrap-executor-%d] INFO  [ConfigClusterResolver.java:43] c.n.discovery.shared.resolver.aws.ConfigClusterResolver - Resolving eureka endpoints via configuration
2026-08-11 11:27:56.610 [INVOICE-SERVICE] [AsyncResolver-bootstrap-executor-%d] INFO  [ConfigClusterResolver.java:43] c.n.discovery.shared.resolver.aws.ConfigClusterResolver - Resolving eureka endpoints via configuration
2026-08-11 11:32:56.612 [INVOICE-SERVICE] [AsyncResolver-bootstrap-executor-%d] INFO  [ConfigClusterResolver.java:43] c.n.discovery.shared.resolver.aws.ConfigClusterResolver - Resolving eureka endpoints via configuration
2026-08-11 11:37:56.625 [INVOICE-SERVICE] [AsyncResolver-bootstrap-executor-%d] INFO  [ConfigClusterResolver.java:43] c.n.discovery.shared.resolver.aws.ConfigClusterResolver - Resolving eureka endpoints via configuration
2026-08-11 11:42:56.630 [INVOICE-SERVICE] [AsyncResolver-bootstrap-executor-%d] INFO  [ConfigClusterResolver.java:43] c.n.discovery.shared.resolver.aws.ConfigClusterResolver - Resolving eureka endpoints via configuration
2026-08-11 11:47:56.643 [INVOICE-SERVICE] [AsyncResolver-bootstrap-executor-%d] INFO  [ConfigClusterResolver.java:43] c.n.discovery.shared.resolver.aws.ConfigClusterResolver - Resolving eureka endpoints via configuration
2026-08-11 11:52:56.655 [INVOICE-SERVICE] [AsyncResolver-bootstrap-executor-%d] INFO  [ConfigClusterResolver.java:43] c.n.discovery.shared.resolver.aws.ConfigClusterResolver - Resolving eureka endpoints via configuration
2026-08-11 11:57:56.677 [INVOICE-SERVICE] [AsyncResolver-bootstrap-executor-%d] INFO  [ConfigClusterResolver.java:43] c.n.discovery.shared.resolver.aws.ConfigClusterResolver - Resolving eureka endpoints via configuration
2026-08-11 12:02:56.679 [INVOICE-SERVICE] [AsyncResolver-bootstrap-executor-%d] INFO  [ConfigClusterResolver.java:43] c.n.discovery.shared.resolver.aws.ConfigClusterResolver - Resolving eureka endpoints via configuration
2026-08-11 12:07:56.703 [INVOICE-SERVICE] [AsyncResolver-bootstrap-executor-%d] INFO  [ConfigClusterResolver.java:43] c.n.discovery.shared.resolver.aws.ConfigClusterResolver - Resolving eureka endpoints via configuration
2026-08-11 12:12:56.719 [INVOICE-SERVICE] [AsyncResolver-bootstrap-executor-%d] INFO  [ConfigClusterResolver.java:43] c.n.discovery.shared.resolver.aws.ConfigClusterResolver - Resolving eureka endpoints via configuration
2026-08-11 12:17:56.725 [INVOICE-SERVICE] [AsyncResolver-bootstrap-executor-%d] INFO  [ConfigClusterResolver.java:43] c.n.discovery.shared.resolver.aws.ConfigClusterResolver - Resolving eureka endpoints via configuration
2026-08-11 12:22:56.736 [INVOICE-SERVICE] [AsyncResolver-bootstrap-executor-%d] INFO  [ConfigClusterResolver.java:43] c.n.discovery.shared.resolver.aws.ConfigClusterResolver - Resolving eureka endpoints via configuration
2026-08-11 12:27:56.737 [INVOICE-SERVICE] [AsyncResolver-bootstrap-executor-%d] INFO  [ConfigClusterResolver.java:43] c.n.discovery.shared.resolver.aws.ConfigClusterResolver - Resolving eureka endpoints via configuration
2026-08-11 12:32:56.740 [INVOICE-SERVICE] [AsyncResolver-bootstrap-executor-%d] INFO  [ConfigClusterResolver.java:43] c.n.discovery.shared.resolver.aws.ConfigClusterResolver - Resolving eureka endpoints via configuration
2026-08-11 12:37:56.747 [INVOICE-SERVICE] [AsyncResolver-bootstrap-executor-%d] INFO  [ConfigClusterResolver.java:43] c.n.discovery.shared.resolver.aws.ConfigClusterResolver - Resolving eureka endpoints via configuration
2026-08-11 12:42:56.754 [INVOICE-SERVICE] [AsyncResolver-bootstrap-executor-%d] INFO  [ConfigClusterResolver.java:43] c.n.discovery.shared.resolver.aws.ConfigClusterResolver - Resolving eureka endpoints via configuration
2026-08-11 12:47:56.759 [INVOICE-SERVICE] [AsyncResolver-bootstrap-executor-%d] INFO  [ConfigClusterResolver.java:43] c.n.discovery.shared.resolver.aws.ConfigClusterResolver - Resolving eureka endpoints via configuration
2026-08-11 12:52:56.779 [INVOICE-SERVICE] [AsyncResolver-bootstrap-executor-%d] INFO  [ConfigClusterResolver.java:43] c.n.discovery.shared.resolver.aws.ConfigClusterResolver - Resolving eureka endpoints via configuration
2026-08-11 12:57:56.861 [INVOICE-SERVICE] [AsyncResolver-bootstrap-executor-%d] INFO  [ConfigClusterResolver.java:43] c.n.discovery.shared.resolver.aws.ConfigClusterResolver - Resolving eureka endpoints via configuration
2026-08-11 13:02:56.868 [INVOICE-SERVICE] [AsyncResolver-bootstrap-executor-%d] INFO  [ConfigClusterResolver.java:43] c.n.discovery.shared.resolver.aws.ConfigClusterResolver - Resolving eureka endpoints via configuration
2026-08-11 13:07:56.881 [INVOICE-SERVICE] [AsyncResolver-bootstrap-executor-%d] INFO  [ConfigClusterResolver.java:43] c.n.discovery.shared.resolver.aws.ConfigClusterResolver - Resolving eureka endpoints via configuration
2026-08-11 13:12:56.897 [INVOICE-SERVICE] [AsyncResolver-bootstrap-executor-%d] INFO  [ConfigClusterResolver.java:43] c.n.discovery.shared.resolver.aws.ConfigClusterResolver - Resolving eureka endpoints via configuration
2026-08-11 13:17:56.899 [INVOICE-SERVICE] [AsyncResolver-bootstrap-executor-%d] INFO  [ConfigClusterResolver.java:43] c.n.discovery.shared.resolver.aws.ConfigClusterResolver - Resolving eureka endpoints via configuration
2026-08-11 13:22:56.908 [INVOICE-SERVICE] [AsyncResolver-bootstrap-executor-%d] INFO  [ConfigClusterResolver.java:43] c.n.discovery.shared.resolver.aws.ConfigClusterResolver - Resolving eureka endpoints via configuration
2026-08-11 13:27:56.918 [INVOICE-SERVICE] [AsyncResolver-bootstrap-executor-%d] INFO  [ConfigClusterResolver.java:43] c.n.discovery.shared.resolver.aws.ConfigClusterResolver - Resolving eureka endpoints via configuration
2026-08-11 13:32:56.920 [INVOICE-SERVICE] [AsyncResolver-bootstrap-executor-%d] INFO  [ConfigClusterResolver.java:43] c.n.discovery.shared.resolver.aws.ConfigClusterResolver - Resolving eureka endpoints via configuration
2026-08-11 13:37:56.923 [INVOICE-SERVICE] [AsyncResolver-bootstrap-executor-%d] INFO  [ConfigClusterResolver.java:43] c.n.discovery.shared.resolver.aws.ConfigClusterResolver - Resolving eureka endpoints via configuration
2026-08-11 13:42:56.936 [INVOICE-SERVICE] [AsyncResolver-bootstrap-executor-%d] INFO  [ConfigClusterResolver.java:43] c.n.discovery.shared.resolver.aws.ConfigClusterResolver - Resolving eureka endpoints via configuration
2026-08-11 13:47:56.952 [INVOICE-SERVICE] [AsyncResolver-bootstrap-executor-%d] INFO  [ConfigClusterResolver.java:43] c.n.discovery.shared.resolver.aws.ConfigClusterResolver - Resolving eureka endpoints via configuration
2026-08-11 13:52:50.759 [INVOICE-SERVICE] [HikariPool-1 housekeeper] WARN  [HikariPool.java:797] com.zaxxer.hikari.pool.HikariPool - HikariPool-1 - Thread starvation or clock leap detected (housekeeper delta=1m57s385ms559µs400ns).
