2026-08-10 02:15:22.644 [INVOICE-SERVICE] [http-nio-8088-exec-4] INFO  [InvoiceController.java:99] com.icwd.invoice.controller.InvoiceController - Received request to fetch all invoices
2026-08-10 02:15:24.802 [INVOICE-SERVICE] [http-nio-8088-exec-4] DEBUG [InvoiceController.java:107] com.icwd.invoice.controller.InvoiceController - Fetched all invoices successfully. count=50
2026-08-10 02:15:25.168 [INVOICE-SERVICE] [http-nio-8088-exec-1] INFO  [InvoiceController.java:99] com.icwd.invoice.controller.InvoiceController - Received request to fetch all invoices
2026-08-10 02:15:25.204 [INVOICE-SERVICE] [http-nio-8088-exec-1] DEBUG [InvoiceController.java:107] com.icwd.invoice.controller.InvoiceController - Fetched all invoices successfully. count=50
2026-08-10 02:51:07.265 [INVOICE-SERVICE] [http-nio-8088-exec-2] INFO  [InvoiceController.java:99] com.icwd.invoice.controller.InvoiceController - Received request to fetch all invoices
2026-08-10 02:51:08.746 [INVOICE-SERVICE] [http-nio-8088-exec-2] DEBUG [InvoiceController.java:107] com.icwd.invoice.controller.InvoiceController - Fetched all invoices successfully. count=50
2026-08-10 02:51:09.272 [INVOICE-SERVICE] [http-nio-8088-exec-2] INFO  [InvoiceController.java:99] com.icwd.invoice.controller.InvoiceController - Received request to fetch all invoices
2026-08-10 02:51:09.418 [INVOICE-SERVICE] [http-nio-8088-exec-2] DEBUG [InvoiceController.java:107] com.icwd.invoice.controller.InvoiceController - Fetched all invoices successfully. count=50
2026-08-10 02:51:15.259 [INVOICE-SERVICE] [http-nio-8088-exec-5] INFO  [InvoiceController.java:122] com.icwd.invoice.controller.InvoiceController - Received request to fetch invoice. invoiceId=INC001
2026-08-10 02:51:16.232 [INVOICE-SERVICE] [http-nio-8088-exec-5] DEBUG [InvoiceController.java:133] com.icwd.invoice.controller.InvoiceController - Invoice fetched successfully. invoiceId=INC001
2026-08-10 02:51:53.421 [INVOICE-SERVICE] [http-nio-8088-exec-7] INFO  [InvoiceController.java:99] com.icwd.invoice.controller.InvoiceController - Received request to fetch all invoices
2026-08-10 02:51:53.564 [INVOICE-SERVICE] [http-nio-8088-exec-7] DEBUG [InvoiceController.java:107] com.icwd.invoice.controller.InvoiceController - Fetched all invoices successfully. count=50
2026-08-10 02:51:53.745 [INVOICE-SERVICE] [http-nio-8088-exec-8] INFO  [InvoiceController.java:99] com.icwd.invoice.controller.InvoiceController - Received request to fetch all invoices
2026-08-10 02:51:53.835 [INVOICE-SERVICE] [http-nio-8088-exec-8] DEBUG [InvoiceController.java:107] com.icwd.invoice.controller.InvoiceController - Fetched all invoices successfully. count=50
2026-08-10 02:52:50.497 [INVOICE-SERVICE] [http-nio-8088-exec-9] INFO  [InvoiceController.java:99] com.icwd.invoice.controller.InvoiceController - Received request to fetch all invoices
2026-08-10 02:52:50.671 [INVOICE-SERVICE] [http-nio-8088-exec-9] DEBUG [InvoiceController.java:107] com.icwd.invoice.controller.InvoiceController - Fetched all invoices successfully. count=50
2026-08-10 02:52:50.702 [INVOICE-SERVICE] [http-nio-8088-exec-10] INFO  [InvoiceController.java:99] com.icwd.invoice.controller.InvoiceController - Received request to fetch all invoices
2026-08-10 02:52:50.777 [INVOICE-SERVICE] [http-nio-8088-exec-10] DEBUG [InvoiceController.java:107] com.icwd.invoice.controller.InvoiceController - Fetched all invoices successfully. count=50
2026-08-10 15:30:00.804 [INVOICE-SERVICE] [http-nio-8088-exec-1] INFO  [InvoiceController.java:53] com.icwd.invoice.controller.InvoiceController - Received request to fetch invoices by user. userId=a9448f2c-dd48-4f17-a3e6-88322f3592c9
2026-08-10 15:30:00.792 [INVOICE-SERVICE] [http-nio-8088-exec-2] INFO  [InvoiceController.java:53] com.icwd.invoice.controller.InvoiceController - Received request to fetch invoices by user. userId=a9448f2c-dd48-4f17-a3e6-88322f3592c9
2026-08-10 15:30:18.821 [INVOICE-SERVICE] [http-nio-8088-exec-4] INFO  [InvoiceController.java:53] com.icwd.invoice.controller.InvoiceController - Received request to fetch invoices by user. userId=a9448f2c-dd48-4f17-a3e6-88322f3592c9
2026-08-10 15:30:18.821 [INVOICE-SERVICE] [http-nio-8088-exec-3] INFO  [InvoiceController.java:53] com.icwd.invoice.controller.InvoiceController - Received request to fetch invoices by user. userId=a9448f2c-dd48-4f17-a3e6-88322f3592c9
2026-08-10 15:30:23.176 [INVOICE-SERVICE] [http-nio-8088-exec-4] DEBUG [InvoiceController.java:64] com.icwd.invoice.controller.InvoiceController - Invoices fetched successfully for user. userId=a9448f2c-dd48-4f17-a3e6-88322f3592c9, count=0
2026-08-10 15:30:23.176 [INVOICE-SERVICE] [http-nio-8088-exec-1] DEBUG [InvoiceController.java:64] com.icwd.invoice.controller.InvoiceController - Invoices fetched successfully for user. userId=a9448f2c-dd48-4f17-a3e6-88322f3592c9, count=0
2026-08-10 15:30:23.176 [INVOICE-SERVICE] [http-nio-8088-exec-3] DEBUG [InvoiceController.java:64] com.icwd.invoice.controller.InvoiceController - Invoices fetched successfully for user. userId=a9448f2c-dd48-4f17-a3e6-88322f3592c9, count=0
2026-08-10 15:30:23.211 [INVOICE-SERVICE] [http-nio-8088-exec-2] DEBUG [InvoiceController.java:64] com.icwd.invoice.controller.InvoiceController - Invoices fetched successfully for user. userId=a9448f2c-dd48-4f17-a3e6-88322f3592c9, count=0
2026-08-10 15:30:24.377 [INVOICE-SERVICE] [http-nio-8088-exec-5] INFO  [InvoiceController.java:53] com.icwd.invoice.controller.InvoiceController - Received request to fetch invoices by user. userId=a9448f2c-dd48-4f17-a3e6-88322f3592c9
2026-08-10 15:30:24.383 [INVOICE-SERVICE] [http-nio-8088-exec-5] DEBUG [InvoiceController.java:64] com.icwd.invoice.controller.InvoiceController - Invoices fetched successfully for user. userId=a9448f2c-dd48-4f17-a3e6-88322f3592c9, count=0
2026-08-10 15:30:24.522 [INVOICE-SERVICE] [http-nio-8088-exec-6] INFO  [InvoiceController.java:53] com.icwd.invoice.controller.InvoiceController - Received request to fetch invoices by user. userId=a9448f2c-dd48-4f17-a3e6-88322f3592c9
2026-08-10 15:30:24.543 [INVOICE-SERVICE] [http-nio-8088-exec-6] DEBUG [InvoiceController.java:64] com.icwd.invoice.controller.InvoiceController - Invoices fetched successfully for user. userId=a9448f2c-dd48-4f17-a3e6-88322f3592c9, count=0
2026-08-10 15:37:22.844 [INVOICE-SERVICE] [http-nio-8088-exec-1] INFO  [InvoiceController.java:53] com.icwd.invoice.controller.InvoiceController - Received request to fetch invoices by user. userId=a9448f2c-dd48-4f17-a3e6-88322f3592c9
2026-08-10 15:37:22.878 [INVOICE-SERVICE] [http-nio-8088-exec-1] DEBUG [InvoiceController.java:64] com.icwd.invoice.controller.InvoiceController - Invoices fetched successfully for user. userId=a9448f2c-dd48-4f17-a3e6-88322f3592c9, count=0
2026-08-10 15:37:23.024 [INVOICE-SERVICE] [http-nio-8088-exec-2] INFO  [InvoiceController.java:53] com.icwd.invoice.controller.InvoiceController - Received request to fetch invoices by user. userId=a9448f2c-dd48-4f17-a3e6-88322f3592c9
2026-08-10 15:37:23.040 [INVOICE-SERVICE] [http-nio-8088-exec-2] DEBUG [InvoiceController.java:64] com.icwd.invoice.controller.InvoiceController - Invoices fetched successfully for user. userId=a9448f2c-dd48-4f17-a3e6-88322f3592c9, count=0
2026-08-10 15:43:59.763 [INVOICE-SERVICE] [http-nio-8088-exec-3] INFO  [InvoiceController.java:53] com.icwd.invoice.controller.InvoiceController - Received request to fetch invoices by user. userId=a9448f2c-dd48-4f17-a3e6-88322f3592c9
2026-08-10 15:43:59.950 [INVOICE-SERVICE] [http-nio-8088-exec-3] DEBUG [InvoiceController.java:64] com.icwd.invoice.controller.InvoiceController - Invoices fetched successfully for user. userId=a9448f2c-dd48-4f17-a3e6-88322f3592c9, count=0
2026-08-10 15:43:59.962 [INVOICE-SERVICE] [http-nio-8088-exec-7] INFO  [InvoiceController.java:53] com.icwd.invoice.controller.InvoiceController - Received request to fetch invoices by user. userId=a9448f2c-dd48-4f17-a3e6-88322f3592c9
2026-08-10 15:43:59.969 [INVOICE-SERVICE] [http-nio-8088-exec-7] DEBUG [InvoiceController.java:64] com.icwd.invoice.controller.InvoiceController - Invoices fetched successfully for user. userId=a9448f2c-dd48-4f17-a3e6-88322f3592c9, count=0
2026-08-10 15:57:38.693 [INVOICE-SERVICE] [http-nio-8088-exec-9] INFO  [InvoiceController.java:99] com.icwd.invoice.controller.InvoiceController - Received request to fetch all invoices
2026-08-10 15:57:39.218 [INVOICE-SERVICE] [http-nio-8088-exec-9] DEBUG [InvoiceController.java:107] com.icwd.invoice.controller.InvoiceController - Fetched all invoices successfully. count=50
2026-08-10 15:57:39.369 [INVOICE-SERVICE] [http-nio-8088-exec-10] INFO  [InvoiceController.java:99] com.icwd.invoice.controller.InvoiceController - Received request to fetch all invoices
2026-08-10 15:57:39.382 [INVOICE-SERVICE] [http-nio-8088-exec-10] DEBUG [InvoiceController.java:107] com.icwd.invoice.controller.InvoiceController - Fetched all invoices successfully. count=50
2026-08-10 16:27:56.173 [INVOICE-SERVICE] [http-nio-8088-exec-6] INFO  [InvoiceController.java:77] com.icwd.invoice.controller.InvoiceController - Received request to fetch invoices by booking. bookingId=BKG011
2026-08-10 16:27:56.173 [INVOICE-SERVICE] [http-nio-8088-exec-2] INFO  [InvoiceController.java:77] com.icwd.invoice.controller.InvoiceController - Received request to fetch invoices by booking. bookingId=BKG001
2026-08-10 16:27:56.173 [INVOICE-SERVICE] [http-nio-8088-exec-4] INFO  [InvoiceController.java:77] com.icwd.invoice.controller.InvoiceController - Received request to fetch invoices by booking. bookingId=BKG041
2026-08-10 16:27:56.173 [INVOICE-SERVICE] [http-nio-8088-exec-1] INFO  [InvoiceController.java:77] com.icwd.invoice.controller.InvoiceController - Received request to fetch invoices by booking. bookingId=BKG021
2026-08-10 16:27:56.173 [INVOICE-SERVICE] [http-nio-8088-exec-3] INFO  [InvoiceController.java:77] com.icwd.invoice.controller.InvoiceController - Received request to fetch invoices by booking. bookingId=BKG031
2026-08-10 16:27:57.505 [INVOICE-SERVICE] [http-nio-8088-exec-1] DEBUG [InvoiceController.java:88] com.icwd.invoice.controller.InvoiceController - Invoices fetched successfully for booking. bookingId=BKG021, count=1
2026-08-10 16:27:57.552 [INVOICE-SERVICE] [http-nio-8088-exec-7] INFO  [InvoiceController.java:77] com.icwd.invoice.controller.InvoiceController - Received request to fetch invoices by booking. bookingId=BKG021
2026-08-10 16:27:57.637 [INVOICE-SERVICE] [http-nio-8088-exec-2] DEBUG [InvoiceController.java:88] com.icwd.invoice.controller.InvoiceController - Invoices fetched successfully for booking. bookingId=BKG001, count=1
2026-08-10 16:27:57.725 [INVOICE-SERVICE] [http-nio-8088-exec-4] DEBUG [InvoiceController.java:88] com.icwd.invoice.controller.InvoiceController - Invoices fetched successfully for booking. bookingId=BKG041, count=1
2026-08-10 16:27:57.756 [INVOICE-SERVICE] [http-nio-8088-exec-4] INFO  [InvoiceController.java:77] com.icwd.invoice.controller.InvoiceController - Received request to fetch invoices by booking. bookingId=BKG001
2026-08-10 16:27:57.756 [INVOICE-SERVICE] [http-nio-8088-exec-3] DEBUG [InvoiceController.java:88] com.icwd.invoice.controller.InvoiceController - Invoices fetched successfully for booking. bookingId=BKG031, count=1
2026-08-10 16:27:57.760 [INVOICE-SERVICE] [http-nio-8088-exec-7] DEBUG [InvoiceController.java:88] com.icwd.invoice.controller.InvoiceController - Invoices fetched successfully for booking. bookingId=BKG021, count=1
2026-08-10 16:27:57.760 [INVOICE-SERVICE] [http-nio-8088-exec-3] INFO  [InvoiceController.java:77] com.icwd.invoice.controller.InvoiceController - Received request to fetch invoices by booking. bookingId=BKG041
2026-08-10 16:27:57.768 [INVOICE-SERVICE] [http-nio-8088-exec-4] DEBUG [InvoiceController.java:88] com.icwd.invoice.controller.InvoiceController - Invoices fetched successfully for booking. bookingId=BKG001, count=1
2026-08-10 16:27:57.768 [INVOICE-SERVICE] [http-nio-8088-exec-3] DEBUG [InvoiceController.java:88] com.icwd.invoice.controller.InvoiceController - Invoices fetched successfully for booking. bookingId=BKG041, count=1
2026-08-10 16:27:57.813 [INVOICE-SERVICE] [http-nio-8088-exec-10] INFO  [InvoiceController.java:77] com.icwd.invoice.controller.InvoiceController - Received request to fetch invoices by booking. bookingId=BKG031
2026-08-10 16:27:57.872 [INVOICE-SERVICE] [http-nio-8088-exec-6] DEBUG [InvoiceController.java:88] com.icwd.invoice.controller.InvoiceController - Invoices fetched successfully for booking. bookingId=BKG011, count=1
2026-08-10 16:27:57.901 [INVOICE-SERVICE] [http-nio-8088-exec-5] INFO  [InvoiceController.java:77] com.icwd.invoice.controller.InvoiceController - Received request to fetch invoices by booking. bookingId=BKG011
2026-08-10 16:27:57.927 [INVOICE-SERVICE] [http-nio-8088-exec-5] DEBUG [InvoiceController.java:88] com.icwd.invoice.controller.InvoiceController - Invoices fetched successfully for booking. bookingId=BKG011, count=1
2026-08-10 16:27:57.927 [INVOICE-SERVICE] [http-nio-8088-exec-10] DEBUG [InvoiceController.java:88] com.icwd.invoice.controller.InvoiceController - Invoices fetched successfully for booking. bookingId=BKG031, count=1
2026-08-10 16:28:30.784 [INVOICE-SERVICE] [http-nio-8088-exec-1] INFO  [InvoiceController.java:77] com.icwd.invoice.controller.InvoiceController - Received request to fetch invoices by booking. bookingId=BKG001
2026-08-10 16:28:30.784 [INVOICE-SERVICE] [http-nio-8088-exec-2] INFO  [InvoiceController.java:77] com.icwd.invoice.controller.InvoiceController - Received request to fetch invoices by booking. bookingId=BKG021
2026-08-10 16:28:30.787 [INVOICE-SERVICE] [http-nio-8088-exec-9] INFO  [InvoiceController.java:77] com.icwd.invoice.controller.InvoiceController - Received request to fetch invoices by booking. bookingId=BKG031
2026-08-10 16:28:31.892 [INVOICE-SERVICE] [http-nio-8088-exec-7] INFO  [InvoiceController.java:77] com.icwd.invoice.controller.InvoiceController - Received request to fetch invoices by booking. bookingId=BKG041
2026-08-10 16:28:31.898 [INVOICE-SERVICE] [http-nio-8088-exec-9] DEBUG [InvoiceController.java:88] com.icwd.invoice.controller.InvoiceController - Invoices fetched successfully for booking. bookingId=BKG031, count=1
2026-08-10 16:28:31.898 [INVOICE-SERVICE] [http-nio-8088-exec-1] DEBUG [InvoiceController.java:88] com.icwd.invoice.controller.InvoiceController - Invoices fetched successfully for booking. bookingId=BKG001, count=1
2026-08-10 16:28:31.898 [INVOICE-SERVICE] [http-nio-8088-exec-2] DEBUG [InvoiceController.java:88] com.icwd.invoice.controller.InvoiceController - Invoices fetched successfully for booking. bookingId=BKG021, count=1
2026-08-10 16:28:31.907 [INVOICE-SERVICE] [http-nio-8088-exec-7] DEBUG [InvoiceController.java:88] com.icwd.invoice.controller.InvoiceController - Invoices fetched successfully for booking. bookingId=BKG041, count=1
2026-08-10 16:28:31.937 [INVOICE-SERVICE] [http-nio-8088-exec-8] INFO  [InvoiceController.java:77] com.icwd.invoice.controller.InvoiceController - Received request to fetch invoices by booking. bookingId=BKG011
2026-08-10 16:28:31.947 [INVOICE-SERVICE] [http-nio-8088-exec-8] DEBUG [InvoiceController.java:88] com.icwd.invoice.controller.InvoiceController - Invoices fetched successfully for booking. bookingId=BKG011, count=1
2026-08-10 16:28:32.037 [INVOICE-SERVICE] [http-nio-8088-exec-4] INFO  [InvoiceController.java:77] com.icwd.invoice.controller.InvoiceController - Received request to fetch invoices by booking. bookingId=BKG021
2026-08-10 16:28:32.037 [INVOICE-SERVICE] [http-nio-8088-exec-3] INFO  [InvoiceController.java:77] com.icwd.invoice.controller.InvoiceController - Received request to fetch invoices by booking. bookingId=BKG031
2026-08-10 16:28:32.046 [INVOICE-SERVICE] [http-nio-8088-exec-10] INFO  [InvoiceController.java:77] com.icwd.invoice.controller.InvoiceController - Received request to fetch invoices by booking. bookingId=BKG011
2026-08-10 16:28:32.123 [INVOICE-SERVICE] [http-nio-8088-exec-6] INFO  [InvoiceController.java:77] com.icwd.invoice.controller.InvoiceController - Received request to fetch invoices by booking. bookingId=BKG041
2026-08-10 16:28:32.128 [INVOICE-SERVICE] [http-nio-8088-exec-5] INFO  [InvoiceController.java:77] com.icwd.invoice.controller.InvoiceController - Received request to fetch invoices by booking. bookingId=BKG001
2026-08-10 16:28:32.128 [INVOICE-SERVICE] [http-nio-8088-exec-3] DEBUG [InvoiceController.java:88] com.icwd.invoice.controller.InvoiceController - Invoices fetched successfully for booking. bookingId=BKG031, count=1
2026-08-10 16:28:32.128 [INVOICE-SERVICE] [http-nio-8088-exec-10] DEBUG [InvoiceController.java:88] com.icwd.invoice.controller.InvoiceController - Invoices fetched successfully for booking. bookingId=BKG011, count=1
2026-08-10 16:28:32.128 [INVOICE-SERVICE] [http-nio-8088-exec-4] DEBUG [InvoiceController.java:88] com.icwd.invoice.controller.InvoiceController - Invoices fetched successfully for booking. bookingId=BKG021, count=1
2026-08-10 16:28:32.128 [INVOICE-SERVICE] [http-nio-8088-exec-5] DEBUG [InvoiceController.java:88] com.icwd.invoice.controller.InvoiceController - Invoices fetched successfully for booking. bookingId=BKG001, count=1
2026-08-10 16:28:32.128 [INVOICE-SERVICE] [http-nio-8088-exec-6] DEBUG [InvoiceController.java:88] com.icwd.invoice.controller.InvoiceController - Invoices fetched successfully for booking. bookingId=BKG041, count=1
2026-08-10 16:57:28.174 [INVOICE-SERVICE] [http-nio-8088-exec-5] INFO  [InvoiceController.java:77] com.icwd.invoice.controller.InvoiceController - Received request to fetch invoices by booking. bookingId=BKG031
2026-08-10 16:57:28.174 [INVOICE-SERVICE] [http-nio-8088-exec-6] INFO  [InvoiceController.java:77] com.icwd.invoice.controller.InvoiceController - Received request to fetch invoices by booking. bookingId=BKG021
2026-08-10 16:57:28.174 [INVOICE-SERVICE] [http-nio-8088-exec-3] INFO  [InvoiceController.java:77] com.icwd.invoice.controller.InvoiceController - Received request to fetch invoices by booking. bookingId=BKG001
2026-08-10 16:57:28.174 [INVOICE-SERVICE] [http-nio-8088-exec-4] INFO  [InvoiceController.java:77] com.icwd.invoice.controller.InvoiceController - Received request to fetch invoices by booking. bookingId=BKG041
2026-08-10 16:57:28.174 [INVOICE-SERVICE] [http-nio-8088-exec-10] INFO  [InvoiceController.java:77] com.icwd.invoice.controller.InvoiceController - Received request to fetch invoices by booking. bookingId=BKG011
2026-08-10 16:57:33.393 [INVOICE-SERVICE] [http-nio-8088-exec-4] DEBUG [InvoiceController.java:88] com.icwd.invoice.controller.InvoiceController - Invoices fetched successfully for booking. bookingId=BKG041, count=1
2026-08-10 16:57:33.393 [INVOICE-SERVICE] [http-nio-8088-exec-6] DEBUG [InvoiceController.java:88] com.icwd.invoice.controller.InvoiceController - Invoices fetched successfully for booking. bookingId=BKG021, count=1
2026-08-10 16:57:33.393 [INVOICE-SERVICE] [http-nio-8088-exec-5] DEBUG [InvoiceController.java:88] com.icwd.invoice.controller.InvoiceController - Invoices fetched successfully for booking. bookingId=BKG031, count=1
2026-08-10 16:57:33.393 [INVOICE-SERVICE] [http-nio-8088-exec-3] DEBUG [InvoiceController.java:88] com.icwd.invoice.controller.InvoiceController - Invoices fetched successfully for booking. bookingId=BKG001, count=1
2026-08-10 16:57:33.406 [INVOICE-SERVICE] [http-nio-8088-exec-10] DEBUG [InvoiceController.java:88] com.icwd.invoice.controller.InvoiceController - Invoices fetched successfully for booking. bookingId=BKG011, count=1
2026-08-10 16:57:34.635 [INVOICE-SERVICE] [http-nio-8088-exec-8] INFO  [InvoiceController.java:77] com.icwd.invoice.controller.InvoiceController - Received request to fetch invoices by booking. bookingId=BKG041
2026-08-10 16:57:34.668 [INVOICE-SERVICE] [http-nio-8088-exec-8] DEBUG [InvoiceController.java:88] com.icwd.invoice.controller.InvoiceController - Invoices fetched successfully for booking. bookingId=BKG041, count=1
2026-08-10 16:57:34.779 [INVOICE-SERVICE] [http-nio-8088-exec-1] INFO  [InvoiceController.java:77] com.icwd.invoice.controller.InvoiceController - Received request to fetch invoices by booking. bookingId=BKG001
2026-08-10 16:57:34.787 [INVOICE-SERVICE] [http-nio-8088-exec-1] DEBUG [InvoiceController.java:88] com.icwd.invoice.controller.InvoiceController - Invoices fetched successfully for booking. bookingId=BKG001, count=1
2026-08-10 16:57:34.795 [INVOICE-SERVICE] [http-nio-8088-exec-9] INFO  [InvoiceController.java:77] com.icwd.invoice.controller.InvoiceController - Received request to fetch invoices by booking. bookingId=BKG021
2026-08-10 16:57:35.901 [INVOICE-SERVICE] [http-nio-8088-exec-7] INFO  [InvoiceController.java:77] com.icwd.invoice.controller.InvoiceController - Received request to fetch invoices by booking. bookingId=BKG011
2026-08-10 16:57:35.958 [INVOICE-SERVICE] [http-nio-8088-exec-9] DEBUG [InvoiceController.java:88] com.icwd.invoice.controller.InvoiceController - Invoices fetched successfully for booking. bookingId=BKG021, count=1
2026-08-10 16:57:36.950 [INVOICE-SERVICE] [http-nio-8088-exec-7] DEBUG [InvoiceController.java:88] com.icwd.invoice.controller.InvoiceController - Invoices fetched successfully for booking. bookingId=BKG011, count=1
2026-08-10 16:57:37.413 [INVOICE-SERVICE] [http-nio-8088-exec-2] INFO  [InvoiceController.java:77] com.icwd.invoice.controller.InvoiceController - Received request to fetch invoices by booking. bookingId=BKG031
2026-08-10 16:57:37.503 [INVOICE-SERVICE] [http-nio-8088-exec-2] DEBUG [InvoiceController.java:88] com.icwd.invoice.controller.InvoiceController - Invoices fetched successfully for booking. bookingId=BKG031, count=1
2026-08-10 16:58:05.670 [INVOICE-SERVICE] [http-nio-8088-exec-10] INFO  [InvoiceController.java:77] com.icwd.invoice.controller.InvoiceController - Received request to fetch invoices by booking. bookingId=BKG001
2026-08-10 16:58:05.758 [INVOICE-SERVICE] [http-nio-8088-exec-3] INFO  [InvoiceController.java:77] com.icwd.invoice.controller.InvoiceController - Received request to fetch invoices by booking. bookingId=BKG011
2026-08-10 16:58:05.758 [INVOICE-SERVICE] [http-nio-8088-exec-6] INFO  [InvoiceController.java:77] com.icwd.invoice.controller.InvoiceController - Received request to fetch invoices by booking. bookingId=BKG031
2026-08-10 16:58:05.760 [INVOICE-SERVICE] [http-nio-8088-exec-4] INFO  [InvoiceController.java:77] com.icwd.invoice.controller.InvoiceController - Received request to fetch invoices by booking. bookingId=BKG041
2026-08-10 16:58:05.766 [INVOICE-SERVICE] [http-nio-8088-exec-10] DEBUG [InvoiceController.java:88] com.icwd.invoice.controller.InvoiceController - Invoices fetched successfully for booking. bookingId=BKG001, count=1
2026-08-10 16:58:05.768 [INVOICE-SERVICE] [http-nio-8088-exec-6] DEBUG [InvoiceController.java:88] com.icwd.invoice.controller.InvoiceController - Invoices fetched successfully for booking. bookingId=BKG031, count=1
2026-08-10 16:58:05.769 [INVOICE-SERVICE] [http-nio-8088-exec-4] DEBUG [InvoiceController.java:88] com.icwd.invoice.controller.InvoiceController - Invoices fetched successfully for booking. bookingId=BKG041, count=1
2026-08-10 16:58:05.794 [INVOICE-SERVICE] [http-nio-8088-exec-5] INFO  [InvoiceController.java:77] com.icwd.invoice.controller.InvoiceController - Received request to fetch invoices by booking. bookingId=BKG031
2026-08-10 16:58:05.804 [INVOICE-SERVICE] [http-nio-8088-exec-5] DEBUG [InvoiceController.java:88] com.icwd.invoice.controller.InvoiceController - Invoices fetched successfully for booking. bookingId=BKG031, count=1
2026-08-10 16:58:05.832 [INVOICE-SERVICE] [http-nio-8088-exec-7] INFO  [InvoiceController.java:77] com.icwd.invoice.controller.InvoiceController - Received request to fetch invoices by booking. bookingId=BKG041
2026-08-10 16:58:05.833 [INVOICE-SERVICE] [http-nio-8088-exec-1] INFO  [InvoiceController.java:77] com.icwd.invoice.controller.InvoiceController - Received request to fetch invoices by booking. bookingId=BKG021
2026-08-10 16:58:05.833 [INVOICE-SERVICE] [http-nio-8088-exec-8] INFO  [InvoiceController.java:77] com.icwd.invoice.controller.InvoiceController - Received request to fetch invoices by booking. bookingId=BKG001
2026-08-10 16:58:05.841 [INVOICE-SERVICE] [http-nio-8088-exec-7] DEBUG [InvoiceController.java:88] com.icwd.invoice.controller.InvoiceController - Invoices fetched successfully for booking. bookingId=BKG041, count=1
2026-08-10 16:58:05.841 [INVOICE-SERVICE] [http-nio-8088-exec-1] DEBUG [InvoiceController.java:88] com.icwd.invoice.controller.InvoiceController - Invoices fetched successfully for booking. bookingId=BKG021, count=1
2026-08-10 16:58:05.851 [INVOICE-SERVICE] [http-nio-8088-exec-3] DEBUG [InvoiceController.java:88] com.icwd.invoice.controller.InvoiceController - Invoices fetched successfully for booking. bookingId=BKG011, count=1
2026-08-10 16:58:05.919 [INVOICE-SERVICE] [http-nio-8088-exec-8] DEBUG [InvoiceController.java:88] com.icwd.invoice.controller.InvoiceController - Invoices fetched successfully for booking. bookingId=BKG001, count=1
2026-08-10 16:58:05.999 [INVOICE-SERVICE] [http-nio-8088-exec-9] INFO  [InvoiceController.java:77] com.icwd.invoice.controller.InvoiceController - Received request to fetch invoices by booking. bookingId=BKG011
2026-08-10 16:58:06.000 [INVOICE-SERVICE] [http-nio-8088-exec-2] INFO  [InvoiceController.java:77] com.icwd.invoice.controller.InvoiceController - Received request to fetch invoices by booking. bookingId=BKG021
2026-08-10 16:58:06.007 [INVOICE-SERVICE] [http-nio-8088-exec-9] DEBUG [InvoiceController.java:88] com.icwd.invoice.controller.InvoiceController - Invoices fetched successfully for booking. bookingId=BKG011, count=1
2026-08-10 16:58:06.007 [INVOICE-SERVICE] [http-nio-8088-exec-2] DEBUG [InvoiceController.java:88] com.icwd.invoice.controller.InvoiceController - Invoices fetched successfully for booking. bookingId=BKG021, count=1
2026-08-10 17:18:32.564 [INVOICE-SERVICE] [http-nio-8088-exec-1] INFO  [InvoiceController.java:77] com.icwd.invoice.controller.InvoiceController - Received request to fetch invoices by booking. bookingId=BKG001
2026-08-10 17:18:32.564 [INVOICE-SERVICE] [http-nio-8088-exec-8] INFO  [InvoiceController.java:77] com.icwd.invoice.controller.InvoiceController - Received request to fetch invoices by booking. bookingId=BKG031
2026-08-10 17:18:32.564 [INVOICE-SERVICE] [http-nio-8088-exec-2] INFO  [InvoiceController.java:77] com.icwd.invoice.controller.InvoiceController - Received request to fetch invoices by booking. bookingId=BKG041
2026-08-10 17:18:32.564 [INVOICE-SERVICE] [http-nio-8088-exec-3] INFO  [InvoiceController.java:77] com.icwd.invoice.controller.InvoiceController - Received request to fetch invoices by booking. bookingId=BKG021
2026-08-10 17:18:32.564 [INVOICE-SERVICE] [http-nio-8088-exec-9] INFO  [InvoiceController.java:77] com.icwd.invoice.controller.InvoiceController - Received request to fetch invoices by booking. bookingId=BKG011
2026-08-10 17:18:34.191 [INVOICE-SERVICE] [http-nio-8088-exec-1] DEBUG [InvoiceController.java:88] com.icwd.invoice.controller.InvoiceController - Invoices fetched successfully for booking. bookingId=BKG001, count=1
2026-08-10 17:18:34.191 [INVOICE-SERVICE] [http-nio-8088-exec-3] DEBUG [InvoiceController.java:88] com.icwd.invoice.controller.InvoiceController - Invoices fetched successfully for booking. bookingId=BKG021, count=1
2026-08-10 17:18:34.191 [INVOICE-SERVICE] [http-nio-8088-exec-8] DEBUG [InvoiceController.java:88] com.icwd.invoice.controller.InvoiceController - Invoices fetched successfully for booking. bookingId=BKG031, count=1
2026-08-10 17:18:34.191 [INVOICE-SERVICE] [http-nio-8088-exec-2] DEBUG [InvoiceController.java:88] com.icwd.invoice.controller.InvoiceController - Invoices fetched successfully for booking. bookingId=BKG041, count=1
2026-08-10 17:18:34.210 [INVOICE-SERVICE] [http-nio-8088-exec-9] DEBUG [InvoiceController.java:88] com.icwd.invoice.controller.InvoiceController - Invoices fetched successfully for booking. bookingId=BKG011, count=1
2026-08-10 17:18:34.682 [INVOICE-SERVICE] [http-nio-8088-exec-1] INFO  [InvoiceController.java:77] com.icwd.invoice.controller.InvoiceController - Received request to fetch invoices by booking. bookingId=BKG011
2026-08-10 17:18:34.700 [INVOICE-SERVICE] [http-nio-8088-exec-10] INFO  [InvoiceController.java:77] com.icwd.invoice.controller.InvoiceController - Received request to fetch invoices by booking. bookingId=BKG001
2026-08-10 17:18:34.700 [INVOICE-SERVICE] [http-nio-8088-exec-1] DEBUG [InvoiceController.java:88] com.icwd.invoice.controller.InvoiceController - Invoices fetched successfully for booking. bookingId=BKG011, count=1
2026-08-10 17:18:34.708 [INVOICE-SERVICE] [http-nio-8088-exec-4] INFO  [InvoiceController.java:77] com.icwd.invoice.controller.InvoiceController - Received request to fetch invoices by booking. bookingId=BKG031
2026-08-10 17:18:34.708 [INVOICE-SERVICE] [http-nio-8088-exec-6] INFO  [InvoiceController.java:77] com.icwd.invoice.controller.InvoiceController - Received request to fetch invoices by booking. bookingId=BKG041
2026-08-10 17:18:34.731 [INVOICE-SERVICE] [http-nio-8088-exec-7] INFO  [InvoiceController.java:77] com.icwd.invoice.controller.InvoiceController - Received request to fetch invoices by booking. bookingId=BKG021
2026-08-10 17:18:34.868 [INVOICE-SERVICE] [http-nio-8088-exec-7] DEBUG [InvoiceController.java:88] com.icwd.invoice.controller.InvoiceController - Invoices fetched successfully for booking. bookingId=BKG021, count=1
2026-08-10 17:18:34.868 [INVOICE-SERVICE] [http-nio-8088-exec-10] DEBUG [InvoiceController.java:88] com.icwd.invoice.controller.InvoiceController - Invoices fetched successfully for booking. bookingId=BKG001, count=1
2026-08-10 17:18:34.868 [INVOICE-SERVICE] [http-nio-8088-exec-4] DEBUG [InvoiceController.java:88] com.icwd.invoice.controller.InvoiceController - Invoices fetched successfully for booking. bookingId=BKG031, count=1
2026-08-10 17:18:34.868 [INVOICE-SERVICE] [http-nio-8088-exec-6] DEBUG [InvoiceController.java:88] com.icwd.invoice.controller.InvoiceController - Invoices fetched successfully for booking. bookingId=BKG041, count=1
2026-08-10 19:43:01.165 [INVOICE-SERVICE] [http-nio-8088-exec-10] INFO  [InvoiceController.java:77] com.icwd.invoice.controller.InvoiceController - Received request to fetch invoices by booking. bookingId=BKG031
2026-08-10 19:43:01.172 [INVOICE-SERVICE] [http-nio-8088-exec-1] INFO  [InvoiceController.java:77] com.icwd.invoice.controller.InvoiceController - Received request to fetch invoices by booking. bookingId=BKG001
2026-08-10 19:43:01.172 [INVOICE-SERVICE] [http-nio-8088-exec-2] INFO  [InvoiceController.java:77] com.icwd.invoice.controller.InvoiceController - Received request to fetch invoices by booking. bookingId=BKG021
2026-08-10 19:43:01.193 [INVOICE-SERVICE] [http-nio-8088-exec-3] INFO  [InvoiceController.java:77] com.icwd.invoice.controller.InvoiceController - Received request to fetch invoices by booking. bookingId=BKG031
2026-08-10 19:43:01.172 [INVOICE-SERVICE] [http-nio-8088-exec-7] INFO  [InvoiceController.java:77] com.icwd.invoice.controller.InvoiceController - Received request to fetch invoices by booking. bookingId=BKG011
2026-08-10 19:43:01.172 [INVOICE-SERVICE] [http-nio-8088-exec-9] INFO  [InvoiceController.java:77] com.icwd.invoice.controller.InvoiceController - Received request to fetch invoices by booking. bookingId=BKG011
2026-08-10 19:43:01.165 [INVOICE-SERVICE] [http-nio-8088-exec-8] INFO  [InvoiceController.java:77] com.icwd.invoice.controller.InvoiceController - Received request to fetch invoices by booking. bookingId=BKG001
2026-08-10 19:43:01.172 [INVOICE-SERVICE] [http-nio-8088-exec-6] INFO  [InvoiceController.java:77] com.icwd.invoice.controller.InvoiceController - Received request to fetch invoices by booking. bookingId=BKG021
2026-08-10 19:43:01.172 [INVOICE-SERVICE] [http-nio-8088-exec-4] INFO  [InvoiceController.java:77] com.icwd.invoice.controller.InvoiceController - Received request to fetch invoices by booking. bookingId=BKG041
2026-08-10 19:43:55.952 [INVOICE-SERVICE] [http-nio-8088-exec-2] DEBUG [InvoiceController.java:88] com.icwd.invoice.controller.InvoiceController - Invoices fetched successfully for booking. bookingId=BKG021, count=1
2026-08-10 19:43:55.952 [INVOICE-SERVICE] [http-nio-8088-exec-9] DEBUG [InvoiceController.java:88] com.icwd.invoice.controller.InvoiceController - Invoices fetched successfully for booking. bookingId=BKG011, count=1
2026-08-10 19:43:55.952 [INVOICE-SERVICE] [http-nio-8088-exec-3] DEBUG [InvoiceController.java:88] com.icwd.invoice.controller.InvoiceController - Invoices fetched successfully for booking. bookingId=BKG031, count=1
2026-08-10 19:43:55.952 [INVOICE-SERVICE] [http-nio-8088-exec-10] DEBUG [InvoiceController.java:88] com.icwd.invoice.controller.InvoiceController - Invoices fetched successfully for booking. bookingId=BKG031, count=1
2026-08-10 19:43:55.952 [INVOICE-SERVICE] [http-nio-8088-exec-8] DEBUG [InvoiceController.java:88] com.icwd.invoice.controller.InvoiceController - Invoices fetched successfully for booking. bookingId=BKG001, count=1
2026-08-10 19:43:55.952 [INVOICE-SERVICE] [http-nio-8088-exec-7] DEBUG [InvoiceController.java:88] com.icwd.invoice.controller.InvoiceController - Invoices fetched successfully for booking. bookingId=BKG011, count=1
2026-08-10 19:43:55.952 [INVOICE-SERVICE] [http-nio-8088-exec-1] DEBUG [InvoiceController.java:88] com.icwd.invoice.controller.InvoiceController - Invoices fetched successfully for booking. bookingId=BKG001, count=1
2026-08-10 19:43:55.952 [INVOICE-SERVICE] [http-nio-8088-exec-4] DEBUG [InvoiceController.java:88] com.icwd.invoice.controller.InvoiceController - Invoices fetched successfully for booking. bookingId=BKG041, count=1
2026-08-10 19:43:55.952 [INVOICE-SERVICE] [http-nio-8088-exec-6] DEBUG [InvoiceController.java:88] com.icwd.invoice.controller.InvoiceController - Invoices fetched successfully for booking. bookingId=BKG021, count=1
2026-08-10 19:45:48.712 [INVOICE-SERVICE] [http-nio-8088-exec-8] INFO  [InvoiceController.java:77] com.icwd.invoice.controller.InvoiceController - Received request to fetch invoices by booking. bookingId=BKG001
2026-08-10 19:45:48.761 [INVOICE-SERVICE] [http-nio-8088-exec-1] INFO  [InvoiceController.java:77] com.icwd.invoice.controller.InvoiceController - Received request to fetch invoices by booking. bookingId=BKG021
2026-08-10 19:45:48.761 [INVOICE-SERVICE] [http-nio-8088-exec-6] INFO  [InvoiceController.java:77] com.icwd.invoice.controller.InvoiceController - Received request to fetch invoices by booking. bookingId=BKG011
2026-08-10 19:45:48.983 [INVOICE-SERVICE] [http-nio-8088-exec-1] DEBUG [InvoiceController.java:88] com.icwd.invoice.controller.InvoiceController - Invoices fetched successfully for booking. bookingId=BKG021, count=1
2026-08-10 19:45:48.983 [INVOICE-SERVICE] [http-nio-8088-exec-6] DEBUG [InvoiceController.java:88] com.icwd.invoice.controller.InvoiceController - Invoices fetched successfully for booking. bookingId=BKG011, count=1
2026-08-10 19:45:49.042 [INVOICE-SERVICE] [http-nio-8088-exec-8] DEBUG [InvoiceController.java:88] com.icwd.invoice.controller.InvoiceController - Invoices fetched successfully for booking. bookingId=BKG001, count=1
2026-08-10 19:45:49.802 [INVOICE-SERVICE] [http-nio-8088-exec-7] INFO  [InvoiceController.java:77] com.icwd.invoice.controller.InvoiceController - Received request to fetch invoices by booking. bookingId=BKG031
2026-08-10 19:45:49.817 [INVOICE-SERVICE] [http-nio-8088-exec-2] INFO  [InvoiceController.java:77] com.icwd.invoice.controller.InvoiceController - Received request to fetch invoices by booking. bookingId=BKG001
2026-08-10 19:45:50.166 [INVOICE-SERVICE] [http-nio-8088-exec-10] INFO  [InvoiceController.java:77] com.icwd.invoice.controller.InvoiceController - Received request to fetch invoices by booking. bookingId=BKG011
2026-08-10 19:45:50.166 [INVOICE-SERVICE] [http-nio-8088-exec-4] INFO  [InvoiceController.java:77] com.icwd.invoice.controller.InvoiceController - Received request to fetch invoices by booking. bookingId=BKG021
2026-08-10 19:45:50.171 [INVOICE-SERVICE] [http-nio-8088-exec-7] DEBUG [InvoiceController.java:88] com.icwd.invoice.controller.InvoiceController - Invoices fetched successfully for booking. bookingId=BKG031, count=1
2026-08-10 19:45:50.302 [INVOICE-SERVICE] [http-nio-8088-exec-4] DEBUG [InvoiceController.java:88] com.icwd.invoice.controller.InvoiceController - Invoices fetched successfully for booking. bookingId=BKG021, count=1
2026-08-10 19:45:50.309 [INVOICE-SERVICE] [http-nio-8088-exec-10] DEBUG [InvoiceController.java:88] com.icwd.invoice.controller.InvoiceController - Invoices fetched successfully for booking. bookingId=BKG011, count=1
2026-08-10 19:45:50.309 [INVOICE-SERVICE] [http-nio-8088-exec-2] DEBUG [InvoiceController.java:88] com.icwd.invoice.controller.InvoiceController - Invoices fetched successfully for booking. bookingId=BKG001, count=1
2026-08-10 19:45:50.383 [INVOICE-SERVICE] [http-nio-8088-exec-3] INFO  [InvoiceController.java:77] com.icwd.invoice.controller.InvoiceController - Received request to fetch invoices by booking. bookingId=BKG031
2026-08-10 19:45:50.399 [INVOICE-SERVICE] [http-nio-8088-exec-5] INFO  [InvoiceController.java:77] com.icwd.invoice.controller.InvoiceController - Received request to fetch invoices by booking. bookingId=BKG041
2026-08-10 19:45:50.406 [INVOICE-SERVICE] [http-nio-8088-exec-5] DEBUG [InvoiceController.java:88] com.icwd.invoice.controller.InvoiceController - Invoices fetched successfully for booking. bookingId=BKG041, count=1
2026-08-10 19:45:50.427 [INVOICE-SERVICE] [http-nio-8088-exec-9] INFO  [InvoiceController.java:77] com.icwd.invoice.controller.InvoiceController - Received request to fetch invoices by booking. bookingId=BKG041
2026-08-10 19:45:50.439 [INVOICE-SERVICE] [http-nio-8088-exec-9] DEBUG [InvoiceController.java:88] com.icwd.invoice.controller.InvoiceController - Invoices fetched successfully for booking. bookingId=BKG041, count=1
2026-08-10 19:45:50.441 [INVOICE-SERVICE] [http-nio-8088-exec-3] DEBUG [InvoiceController.java:88] com.icwd.invoice.controller.InvoiceController - Invoices fetched successfully for booking. bookingId=BKG031, count=1
2026-08-10 19:46:20.662 [INVOICE-SERVICE] [http-nio-8088-exec-8] INFO  [InvoiceController.java:77] com.icwd.invoice.controller.InvoiceController - Received request to fetch invoices by booking. bookingId=BKG021
2026-08-10 19:46:20.662 [INVOICE-SERVICE] [http-nio-8088-exec-6] INFO  [InvoiceController.java:77] com.icwd.invoice.controller.InvoiceController - Received request to fetch invoices by booking. bookingId=BKG001
2026-08-10 19:46:20.670 [INVOICE-SERVICE] [http-nio-8088-exec-8] DEBUG [InvoiceController.java:88] com.icwd.invoice.controller.InvoiceController - Invoices fetched successfully for booking. bookingId=BKG021, count=1
2026-08-10 19:46:20.670 [INVOICE-SERVICE] [http-nio-8088-exec-6] DEBUG [InvoiceController.java:88] com.icwd.invoice.controller.InvoiceController - Invoices fetched successfully for booking. bookingId=BKG001, count=1
2026-08-10 19:46:20.670 [INVOICE-SERVICE] [http-nio-8088-exec-1] INFO  [InvoiceController.java:77] com.icwd.invoice.controller.InvoiceController - Received request to fetch invoices by booking. bookingId=BKG041
2026-08-10 19:46:20.678 [INVOICE-SERVICE] [http-nio-8088-exec-7] INFO  [InvoiceController.java:77] com.icwd.invoice.controller.InvoiceController - Received request to fetch invoices by booking. bookingId=BKG031
2026-08-10 19:46:20.678 [INVOICE-SERVICE] [http-nio-8088-exec-1] DEBUG [InvoiceController.java:88] com.icwd.invoice.controller.InvoiceController - Invoices fetched successfully for booking. bookingId=BKG041, count=1
2026-08-10 19:46:20.684 [INVOICE-SERVICE] [http-nio-8088-exec-7] DEBUG [InvoiceController.java:88] com.icwd.invoice.controller.InvoiceController - Invoices fetched successfully for booking. bookingId=BKG031, count=1
2026-08-10 19:46:21.969 [INVOICE-SERVICE] [http-nio-8088-exec-4] INFO  [InvoiceController.java:77] com.icwd.invoice.controller.InvoiceController - Received request to fetch invoices by booking. bookingId=BKG011
2026-08-10 19:46:21.982 [INVOICE-SERVICE] [http-nio-8088-exec-4] DEBUG [InvoiceController.java:88] com.icwd.invoice.controller.InvoiceController - Invoices fetched successfully for booking. bookingId=BKG011, count=1
2026-08-10 19:46:22.272 [INVOICE-SERVICE] [http-nio-8088-exec-10] INFO  [InvoiceController.java:77] com.icwd.invoice.controller.InvoiceController - Received request to fetch invoices by booking. bookingId=BKG001
2026-08-10 19:46:22.276 [INVOICE-SERVICE] [http-nio-8088-exec-2] INFO  [InvoiceController.java:77] com.icwd.invoice.controller.InvoiceController - Received request to fetch invoices by booking. bookingId=BKG011
2026-08-10 19:46:22.276 [INVOICE-SERVICE] [http-nio-8088-exec-5] INFO  [InvoiceController.java:77] com.icwd.invoice.controller.InvoiceController - Received request to fetch invoices by booking. bookingId=BKG021
2026-08-10 19:46:22.280 [INVOICE-SERVICE] [http-nio-8088-exec-10] DEBUG [InvoiceController.java:88] com.icwd.invoice.controller.InvoiceController - Invoices fetched successfully for booking. bookingId=BKG001, count=1
2026-08-10 19:46:23.604 [INVOICE-SERVICE] [http-nio-8088-exec-9] INFO  [InvoiceController.java:77] com.icwd.invoice.controller.InvoiceController - Received request to fetch invoices by booking. bookingId=BKG041
2026-08-10 19:46:23.604 [INVOICE-SERVICE] [http-nio-8088-exec-3] INFO  [InvoiceController.java:77] com.icwd.invoice.controller.InvoiceController - Received request to fetch invoices by booking. bookingId=BKG031
2026-08-10 19:46:23.611 [INVOICE-SERVICE] [http-nio-8088-exec-5] DEBUG [InvoiceController.java:88] com.icwd.invoice.controller.InvoiceController - Invoices fetched successfully for booking. bookingId=BKG021, count=1
2026-08-10 19:46:23.611 [INVOICE-SERVICE] [http-nio-8088-exec-2] DEBUG [InvoiceController.java:88] com.icwd.invoice.controller.InvoiceController - Invoices fetched successfully for booking. bookingId=BKG011, count=1
2026-08-10 19:46:23.617 [INVOICE-SERVICE] [http-nio-8088-exec-9] DEBUG [InvoiceController.java:88] com.icwd.invoice.controller.InvoiceController - Invoices fetched successfully for booking. bookingId=BKG041, count=1
2026-08-10 19:46:23.617 [INVOICE-SERVICE] [http-nio-8088-exec-3] DEBUG [InvoiceController.java:88] com.icwd.invoice.controller.InvoiceController - Invoices fetched successfully for booking. bookingId=BKG031, count=1
