2026-08-10 02:15:23.200 [INVOICE-SERVICE] [http-nio-8088-exec-4] DEBUG [InvoiceServiceImpl.java:177] com.icwd.invoice.service.impl.InvoiceServiceImpl - Fetching all invoices from repository
2026-08-10 02:15:24.740 [INVOICE-SERVICE] [http-nio-8088-exec-4] INFO  [InvoiceServiceImpl.java:184] com.icwd.invoice.service.impl.InvoiceServiceImpl - Invoices fetched successfully. count=50
2026-08-10 02:15:25.169 [INVOICE-SERVICE] [http-nio-8088-exec-1] DEBUG [InvoiceServiceImpl.java:177] com.icwd.invoice.service.impl.InvoiceServiceImpl - Fetching all invoices from repository
2026-08-10 02:15:25.202 [INVOICE-SERVICE] [http-nio-8088-exec-1] INFO  [InvoiceServiceImpl.java:184] com.icwd.invoice.service.impl.InvoiceServiceImpl - Invoices fetched successfully. count=50
2026-08-10 02:51:07.521 [INVOICE-SERVICE] [http-nio-8088-exec-2] DEBUG [InvoiceServiceImpl.java:177] com.icwd.invoice.service.impl.InvoiceServiceImpl - Fetching all invoices from repository
2026-08-10 02:51:08.730 [INVOICE-SERVICE] [http-nio-8088-exec-2] INFO  [InvoiceServiceImpl.java:184] com.icwd.invoice.service.impl.InvoiceServiceImpl - Invoices fetched successfully. count=50
2026-08-10 02:51:09.309 [INVOICE-SERVICE] [http-nio-8088-exec-2] DEBUG [InvoiceServiceImpl.java:177] com.icwd.invoice.service.impl.InvoiceServiceImpl - Fetching all invoices from repository
2026-08-10 02:51:09.340 [INVOICE-SERVICE] [http-nio-8088-exec-2] INFO  [InvoiceServiceImpl.java:184] com.icwd.invoice.service.impl.InvoiceServiceImpl - Invoices fetched successfully. count=50
2026-08-10 02:51:15.285 [INVOICE-SERVICE] [http-nio-8088-exec-5] DEBUG [InvoiceServiceImpl.java:151] com.icwd.invoice.service.impl.InvoiceServiceImpl - Fetching invoice by ID. invoiceId=INC001
2026-08-10 02:51:53.422 [INVOICE-SERVICE] [http-nio-8088-exec-7] DEBUG [InvoiceServiceImpl.java:177] com.icwd.invoice.service.impl.InvoiceServiceImpl - Fetching all invoices from repository
2026-08-10 02:51:53.564 [INVOICE-SERVICE] [http-nio-8088-exec-7] INFO  [InvoiceServiceImpl.java:184] com.icwd.invoice.service.impl.InvoiceServiceImpl - Invoices fetched successfully. count=50
2026-08-10 02:51:53.745 [INVOICE-SERVICE] [http-nio-8088-exec-8] DEBUG [InvoiceServiceImpl.java:177] com.icwd.invoice.service.impl.InvoiceServiceImpl - Fetching all invoices from repository
2026-08-10 02:51:53.813 [INVOICE-SERVICE] [http-nio-8088-exec-8] INFO  [InvoiceServiceImpl.java:184] com.icwd.invoice.service.impl.InvoiceServiceImpl - Invoices fetched successfully. count=50
2026-08-10 02:52:50.499 [INVOICE-SERVICE] [http-nio-8088-exec-9] DEBUG [InvoiceServiceImpl.java:177] com.icwd.invoice.service.impl.InvoiceServiceImpl - Fetching all invoices from repository
2026-08-10 02:52:50.666 [INVOICE-SERVICE] [http-nio-8088-exec-9] INFO  [InvoiceServiceImpl.java:184] com.icwd.invoice.service.impl.InvoiceServiceImpl - Invoices fetched successfully. count=50
2026-08-10 02:52:50.703 [INVOICE-SERVICE] [http-nio-8088-exec-10] DEBUG [InvoiceServiceImpl.java:177] com.icwd.invoice.service.impl.InvoiceServiceImpl - Fetching all invoices from repository
2026-08-10 02:52:50.752 [INVOICE-SERVICE] [http-nio-8088-exec-10] INFO  [InvoiceServiceImpl.java:184] com.icwd.invoice.service.impl.InvoiceServiceImpl - Invoices fetched successfully. count=50
2026-08-10 15:30:02.496 [INVOICE-SERVICE] [http-nio-8088-exec-1] DEBUG [InvoiceServiceImpl.java:224] com.icwd.invoice.service.impl.InvoiceServiceImpl - Fetching invoices by user. userId=a9448f2c-dd48-4f17-a3e6-88322f3592c9
2026-08-10 15:30:02.530 [INVOICE-SERVICE] [http-nio-8088-exec-2] DEBUG [InvoiceServiceImpl.java:224] com.icwd.invoice.service.impl.InvoiceServiceImpl - Fetching invoices by user. userId=a9448f2c-dd48-4f17-a3e6-88322f3592c9
2026-08-10 15:30:19.897 [INVOICE-SERVICE] [http-nio-8088-exec-3] DEBUG [InvoiceServiceImpl.java:224] com.icwd.invoice.service.impl.InvoiceServiceImpl - Fetching invoices by user. userId=a9448f2c-dd48-4f17-a3e6-88322f3592c9
2026-08-10 15:30:19.911 [INVOICE-SERVICE] [http-nio-8088-exec-4] DEBUG [InvoiceServiceImpl.java:224] com.icwd.invoice.service.impl.InvoiceServiceImpl - Fetching invoices by user. userId=a9448f2c-dd48-4f17-a3e6-88322f3592c9
2026-08-10 15:30:22.751 [INVOICE-SERVICE] [http-nio-8088-exec-4] INFO  [InvoiceServiceImpl.java:235] com.icwd.invoice.service.impl.InvoiceServiceImpl - Invoices fetched successfully for user. userId=a9448f2c-dd48-4f17-a3e6-88322f3592c9, count=0
2026-08-10 15:30:22.751 [INVOICE-SERVICE] [http-nio-8088-exec-3] INFO  [InvoiceServiceImpl.java:235] com.icwd.invoice.service.impl.InvoiceServiceImpl - Invoices fetched successfully for user. userId=a9448f2c-dd48-4f17-a3e6-88322f3592c9, count=0
2026-08-10 15:30:22.751 [INVOICE-SERVICE] [http-nio-8088-exec-2] INFO  [InvoiceServiceImpl.java:235] com.icwd.invoice.service.impl.InvoiceServiceImpl - Invoices fetched successfully for user. userId=a9448f2c-dd48-4f17-a3e6-88322f3592c9, count=0
2026-08-10 15:30:22.751 [INVOICE-SERVICE] [http-nio-8088-exec-1] INFO  [InvoiceServiceImpl.java:235] com.icwd.invoice.service.impl.InvoiceServiceImpl - Invoices fetched successfully for user. userId=a9448f2c-dd48-4f17-a3e6-88322f3592c9, count=0
2026-08-10 15:30:24.377 [INVOICE-SERVICE] [http-nio-8088-exec-5] DEBUG [InvoiceServiceImpl.java:224] com.icwd.invoice.service.impl.InvoiceServiceImpl - Fetching invoices by user. userId=a9448f2c-dd48-4f17-a3e6-88322f3592c9
2026-08-10 15:30:24.377 [INVOICE-SERVICE] [http-nio-8088-exec-5] INFO  [InvoiceServiceImpl.java:235] com.icwd.invoice.service.impl.InvoiceServiceImpl - Invoices fetched successfully for user. userId=a9448f2c-dd48-4f17-a3e6-88322f3592c9, count=0
2026-08-10 15:30:24.522 [INVOICE-SERVICE] [http-nio-8088-exec-6] DEBUG [InvoiceServiceImpl.java:224] com.icwd.invoice.service.impl.InvoiceServiceImpl - Fetching invoices by user. userId=a9448f2c-dd48-4f17-a3e6-88322f3592c9
2026-08-10 15:30:24.522 [INVOICE-SERVICE] [http-nio-8088-exec-6] INFO  [InvoiceServiceImpl.java:235] com.icwd.invoice.service.impl.InvoiceServiceImpl - Invoices fetched successfully for user. userId=a9448f2c-dd48-4f17-a3e6-88322f3592c9, count=0
2026-08-10 15:37:22.872 [INVOICE-SERVICE] [http-nio-8088-exec-1] DEBUG [InvoiceServiceImpl.java:224] com.icwd.invoice.service.impl.InvoiceServiceImpl - Fetching invoices by user. userId=a9448f2c-dd48-4f17-a3e6-88322f3592c9
2026-08-10 15:37:22.878 [INVOICE-SERVICE] [http-nio-8088-exec-1] INFO  [InvoiceServiceImpl.java:235] com.icwd.invoice.service.impl.InvoiceServiceImpl - Invoices fetched successfully for user. userId=a9448f2c-dd48-4f17-a3e6-88322f3592c9, count=0
2026-08-10 15:37:23.024 [INVOICE-SERVICE] [http-nio-8088-exec-2] DEBUG [InvoiceServiceImpl.java:224] com.icwd.invoice.service.impl.InvoiceServiceImpl - Fetching invoices by user. userId=a9448f2c-dd48-4f17-a3e6-88322f3592c9
2026-08-10 15:37:23.040 [INVOICE-SERVICE] [http-nio-8088-exec-2] INFO  [InvoiceServiceImpl.java:235] com.icwd.invoice.service.impl.InvoiceServiceImpl - Invoices fetched successfully for user. userId=a9448f2c-dd48-4f17-a3e6-88322f3592c9, count=0
2026-08-10 15:43:59.763 [INVOICE-SERVICE] [http-nio-8088-exec-3] DEBUG [InvoiceServiceImpl.java:224] com.icwd.invoice.service.impl.InvoiceServiceImpl - Fetching invoices by user. userId=a9448f2c-dd48-4f17-a3e6-88322f3592c9
2026-08-10 15:43:59.909 [INVOICE-SERVICE] [http-nio-8088-exec-3] INFO  [InvoiceServiceImpl.java:235] com.icwd.invoice.service.impl.InvoiceServiceImpl - Invoices fetched successfully for user. userId=a9448f2c-dd48-4f17-a3e6-88322f3592c9, count=0
2026-08-10 15:43:59.964 [INVOICE-SERVICE] [http-nio-8088-exec-7] DEBUG [InvoiceServiceImpl.java:224] com.icwd.invoice.service.impl.InvoiceServiceImpl - Fetching invoices by user. userId=a9448f2c-dd48-4f17-a3e6-88322f3592c9
2026-08-10 15:43:59.967 [INVOICE-SERVICE] [http-nio-8088-exec-7] INFO  [InvoiceServiceImpl.java:235] com.icwd.invoice.service.impl.InvoiceServiceImpl - Invoices fetched successfully for user. userId=a9448f2c-dd48-4f17-a3e6-88322f3592c9, count=0
2026-08-10 15:57:38.704 [INVOICE-SERVICE] [http-nio-8088-exec-9] DEBUG [InvoiceServiceImpl.java:177] com.icwd.invoice.service.impl.InvoiceServiceImpl - Fetching all invoices from repository
2026-08-10 15:57:39.218 [INVOICE-SERVICE] [http-nio-8088-exec-9] INFO  [InvoiceServiceImpl.java:184] com.icwd.invoice.service.impl.InvoiceServiceImpl - Invoices fetched successfully. count=50
2026-08-10 15:57:39.370 [INVOICE-SERVICE] [http-nio-8088-exec-10] DEBUG [InvoiceServiceImpl.java:177] com.icwd.invoice.service.impl.InvoiceServiceImpl - Fetching all invoices from repository
2026-08-10 15:57:39.379 [INVOICE-SERVICE] [http-nio-8088-exec-10] INFO  [InvoiceServiceImpl.java:184] com.icwd.invoice.service.impl.InvoiceServiceImpl - Invoices fetched successfully. count=50
2026-08-10 16:27:56.531 [INVOICE-SERVICE] [http-nio-8088-exec-6] DEBUG [InvoiceServiceImpl.java:198] com.icwd.invoice.service.impl.InvoiceServiceImpl - Fetching invoices by booking. bookingId=BKG011
2026-08-10 16:27:56.547 [INVOICE-SERVICE] [http-nio-8088-exec-4] DEBUG [InvoiceServiceImpl.java:198] com.icwd.invoice.service.impl.InvoiceServiceImpl - Fetching invoices by booking. bookingId=BKG041
2026-08-10 16:27:56.579 [INVOICE-SERVICE] [http-nio-8088-exec-2] DEBUG [InvoiceServiceImpl.java:198] com.icwd.invoice.service.impl.InvoiceServiceImpl - Fetching invoices by booking. bookingId=BKG001
2026-08-10 16:27:56.579 [INVOICE-SERVICE] [http-nio-8088-exec-1] DEBUG [InvoiceServiceImpl.java:198] com.icwd.invoice.service.impl.InvoiceServiceImpl - Fetching invoices by booking. bookingId=BKG021
2026-08-10 16:27:56.579 [INVOICE-SERVICE] [http-nio-8088-exec-3] DEBUG [InvoiceServiceImpl.java:198] com.icwd.invoice.service.impl.InvoiceServiceImpl - Fetching invoices by booking. bookingId=BKG031
2026-08-10 16:27:57.479 [INVOICE-SERVICE] [http-nio-8088-exec-1] INFO  [InvoiceServiceImpl.java:209] com.icwd.invoice.service.impl.InvoiceServiceImpl - Invoices fetched successfully for booking. bookingId=BKG021, count=1
2026-08-10 16:27:57.553 [INVOICE-SERVICE] [http-nio-8088-exec-7] DEBUG [InvoiceServiceImpl.java:198] com.icwd.invoice.service.impl.InvoiceServiceImpl - Fetching invoices by booking. bookingId=BKG021
2026-08-10 16:27:57.595 [INVOICE-SERVICE] [http-nio-8088-exec-2] INFO  [InvoiceServiceImpl.java:209] com.icwd.invoice.service.impl.InvoiceServiceImpl - Invoices fetched successfully for booking. bookingId=BKG001, count=1
2026-08-10 16:27:57.725 [INVOICE-SERVICE] [http-nio-8088-exec-6] INFO  [InvoiceServiceImpl.java:209] com.icwd.invoice.service.impl.InvoiceServiceImpl - Invoices fetched successfully for booking. bookingId=BKG011, count=1
2026-08-10 16:27:57.725 [INVOICE-SERVICE] [http-nio-8088-exec-4] INFO  [InvoiceServiceImpl.java:209] com.icwd.invoice.service.impl.InvoiceServiceImpl - Invoices fetched successfully for booking. bookingId=BKG041, count=1
2026-08-10 16:27:57.741 [INVOICE-SERVICE] [http-nio-8088-exec-3] INFO  [InvoiceServiceImpl.java:209] com.icwd.invoice.service.impl.InvoiceServiceImpl - Invoices fetched successfully for booking. bookingId=BKG031, count=1
2026-08-10 16:27:57.756 [INVOICE-SERVICE] [http-nio-8088-exec-7] INFO  [InvoiceServiceImpl.java:209] com.icwd.invoice.service.impl.InvoiceServiceImpl - Invoices fetched successfully for booking. bookingId=BKG021, count=1
2026-08-10 16:27:57.756 [INVOICE-SERVICE] [http-nio-8088-exec-4] DEBUG [InvoiceServiceImpl.java:198] com.icwd.invoice.service.impl.InvoiceServiceImpl - Fetching invoices by booking. bookingId=BKG001
2026-08-10 16:27:57.760 [INVOICE-SERVICE] [http-nio-8088-exec-4] INFO  [InvoiceServiceImpl.java:209] com.icwd.invoice.service.impl.InvoiceServiceImpl - Invoices fetched successfully for booking. bookingId=BKG001, count=1
2026-08-10 16:27:57.760 [INVOICE-SERVICE] [http-nio-8088-exec-3] DEBUG [InvoiceServiceImpl.java:198] com.icwd.invoice.service.impl.InvoiceServiceImpl - Fetching invoices by booking. bookingId=BKG041
2026-08-10 16:27:57.768 [INVOICE-SERVICE] [http-nio-8088-exec-3] INFO  [InvoiceServiceImpl.java:209] com.icwd.invoice.service.impl.InvoiceServiceImpl - Invoices fetched successfully for booking. bookingId=BKG041, count=1
2026-08-10 16:27:57.885 [INVOICE-SERVICE] [http-nio-8088-exec-10] DEBUG [InvoiceServiceImpl.java:198] com.icwd.invoice.service.impl.InvoiceServiceImpl - Fetching invoices by booking. bookingId=BKG031
2026-08-10 16:27:57.913 [INVOICE-SERVICE] [http-nio-8088-exec-5] DEBUG [InvoiceServiceImpl.java:198] com.icwd.invoice.service.impl.InvoiceServiceImpl - Fetching invoices by booking. bookingId=BKG011
2026-08-10 16:27:57.924 [INVOICE-SERVICE] [http-nio-8088-exec-10] INFO  [InvoiceServiceImpl.java:209] com.icwd.invoice.service.impl.InvoiceServiceImpl - Invoices fetched successfully for booking. bookingId=BKG031, count=1
2026-08-10 16:27:57.924 [INVOICE-SERVICE] [http-nio-8088-exec-5] INFO  [InvoiceServiceImpl.java:209] com.icwd.invoice.service.impl.InvoiceServiceImpl - Invoices fetched successfully for booking. bookingId=BKG011, count=1
2026-08-10 16:28:30.797 [INVOICE-SERVICE] [http-nio-8088-exec-9] DEBUG [InvoiceServiceImpl.java:198] com.icwd.invoice.service.impl.InvoiceServiceImpl - Fetching invoices by booking. bookingId=BKG031
2026-08-10 16:28:30.797 [INVOICE-SERVICE] [http-nio-8088-exec-1] DEBUG [InvoiceServiceImpl.java:198] com.icwd.invoice.service.impl.InvoiceServiceImpl - Fetching invoices by booking. bookingId=BKG001
2026-08-10 16:28:30.797 [INVOICE-SERVICE] [http-nio-8088-exec-2] DEBUG [InvoiceServiceImpl.java:198] com.icwd.invoice.service.impl.InvoiceServiceImpl - Fetching invoices by booking. bookingId=BKG021
2026-08-10 16:28:31.896 [INVOICE-SERVICE] [http-nio-8088-exec-1] INFO  [InvoiceServiceImpl.java:209] com.icwd.invoice.service.impl.InvoiceServiceImpl - Invoices fetched successfully for booking. bookingId=BKG001, count=1
2026-08-10 16:28:31.896 [INVOICE-SERVICE] [http-nio-8088-exec-2] INFO  [InvoiceServiceImpl.java:209] com.icwd.invoice.service.impl.InvoiceServiceImpl - Invoices fetched successfully for booking. bookingId=BKG021, count=1
2026-08-10 16:28:31.896 [INVOICE-SERVICE] [http-nio-8088-exec-9] INFO  [InvoiceServiceImpl.java:209] com.icwd.invoice.service.impl.InvoiceServiceImpl - Invoices fetched successfully for booking. bookingId=BKG031, count=1
2026-08-10 16:28:31.898 [INVOICE-SERVICE] [http-nio-8088-exec-7] DEBUG [InvoiceServiceImpl.java:198] com.icwd.invoice.service.impl.InvoiceServiceImpl - Fetching invoices by booking. bookingId=BKG041
2026-08-10 16:28:31.906 [INVOICE-SERVICE] [http-nio-8088-exec-7] INFO  [InvoiceServiceImpl.java:209] com.icwd.invoice.service.impl.InvoiceServiceImpl - Invoices fetched successfully for booking. bookingId=BKG041, count=1
2026-08-10 16:28:31.940 [INVOICE-SERVICE] [http-nio-8088-exec-8] DEBUG [InvoiceServiceImpl.java:198] com.icwd.invoice.service.impl.InvoiceServiceImpl - Fetching invoices by booking. bookingId=BKG011
2026-08-10 16:28:31.947 [INVOICE-SERVICE] [http-nio-8088-exec-8] INFO  [InvoiceServiceImpl.java:209] com.icwd.invoice.service.impl.InvoiceServiceImpl - Invoices fetched successfully for booking. bookingId=BKG011, count=1
2026-08-10 16:28:32.046 [INVOICE-SERVICE] [http-nio-8088-exec-4] DEBUG [InvoiceServiceImpl.java:198] com.icwd.invoice.service.impl.InvoiceServiceImpl - Fetching invoices by booking. bookingId=BKG021
2026-08-10 16:28:32.047 [INVOICE-SERVICE] [http-nio-8088-exec-10] DEBUG [InvoiceServiceImpl.java:198] com.icwd.invoice.service.impl.InvoiceServiceImpl - Fetching invoices by booking. bookingId=BKG011
2026-08-10 16:28:32.046 [INVOICE-SERVICE] [http-nio-8088-exec-3] DEBUG [InvoiceServiceImpl.java:198] com.icwd.invoice.service.impl.InvoiceServiceImpl - Fetching invoices by booking. bookingId=BKG031
2026-08-10 16:28:32.128 [INVOICE-SERVICE] [http-nio-8088-exec-6] DEBUG [InvoiceServiceImpl.java:198] com.icwd.invoice.service.impl.InvoiceServiceImpl - Fetching invoices by booking. bookingId=BKG041
2026-08-10 16:28:32.128 [INVOICE-SERVICE] [http-nio-8088-exec-5] DEBUG [InvoiceServiceImpl.java:198] com.icwd.invoice.service.impl.InvoiceServiceImpl - Fetching invoices by booking. bookingId=BKG001
2026-08-10 16:28:32.128 [INVOICE-SERVICE] [http-nio-8088-exec-10] INFO  [InvoiceServiceImpl.java:209] com.icwd.invoice.service.impl.InvoiceServiceImpl - Invoices fetched successfully for booking. bookingId=BKG011, count=1
2026-08-10 16:28:32.128 [INVOICE-SERVICE] [http-nio-8088-exec-4] INFO  [InvoiceServiceImpl.java:209] com.icwd.invoice.service.impl.InvoiceServiceImpl - Invoices fetched successfully for booking. bookingId=BKG021, count=1
2026-08-10 16:28:32.128 [INVOICE-SERVICE] [http-nio-8088-exec-3] INFO  [InvoiceServiceImpl.java:209] com.icwd.invoice.service.impl.InvoiceServiceImpl - Invoices fetched successfully for booking. bookingId=BKG031, count=1
2026-08-10 16:28:32.128 [INVOICE-SERVICE] [http-nio-8088-exec-5] INFO  [InvoiceServiceImpl.java:209] com.icwd.invoice.service.impl.InvoiceServiceImpl - Invoices fetched successfully for booking. bookingId=BKG001, count=1
2026-08-10 16:28:32.128 [INVOICE-SERVICE] [http-nio-8088-exec-6] INFO  [InvoiceServiceImpl.java:209] com.icwd.invoice.service.impl.InvoiceServiceImpl - Invoices fetched successfully for booking. bookingId=BKG041, count=1
2026-08-10 16:57:29.802 [INVOICE-SERVICE] [http-nio-8088-exec-4] DEBUG [InvoiceServiceImpl.java:198] com.icwd.invoice.service.impl.InvoiceServiceImpl - Fetching invoices by booking. bookingId=BKG041
2026-08-10 16:57:29.802 [INVOICE-SERVICE] [http-nio-8088-exec-10] DEBUG [InvoiceServiceImpl.java:198] com.icwd.invoice.service.impl.InvoiceServiceImpl - Fetching invoices by booking. bookingId=BKG011
2026-08-10 16:57:29.802 [INVOICE-SERVICE] [http-nio-8088-exec-6] DEBUG [InvoiceServiceImpl.java:198] com.icwd.invoice.service.impl.InvoiceServiceImpl - Fetching invoices by booking. bookingId=BKG021
2026-08-10 16:57:29.802 [INVOICE-SERVICE] [http-nio-8088-exec-5] DEBUG [InvoiceServiceImpl.java:198] com.icwd.invoice.service.impl.InvoiceServiceImpl - Fetching invoices by booking. bookingId=BKG031
2026-08-10 16:57:29.809 [INVOICE-SERVICE] [http-nio-8088-exec-3] DEBUG [InvoiceServiceImpl.java:198] com.icwd.invoice.service.impl.InvoiceServiceImpl - Fetching invoices by booking. bookingId=BKG001
2026-08-10 16:57:33.337 [INVOICE-SERVICE] [http-nio-8088-exec-4] INFO  [InvoiceServiceImpl.java:209] com.icwd.invoice.service.impl.InvoiceServiceImpl - Invoices fetched successfully for booking. bookingId=BKG041, count=1
2026-08-10 16:57:33.337 [INVOICE-SERVICE] [http-nio-8088-exec-3] INFO  [InvoiceServiceImpl.java:209] com.icwd.invoice.service.impl.InvoiceServiceImpl - Invoices fetched successfully for booking. bookingId=BKG001, count=1
2026-08-10 16:57:33.337 [INVOICE-SERVICE] [http-nio-8088-exec-6] INFO  [InvoiceServiceImpl.java:209] com.icwd.invoice.service.impl.InvoiceServiceImpl - Invoices fetched successfully for booking. bookingId=BKG021, count=1
2026-08-10 16:57:33.337 [INVOICE-SERVICE] [http-nio-8088-exec-10] INFO  [InvoiceServiceImpl.java:209] com.icwd.invoice.service.impl.InvoiceServiceImpl - Invoices fetched successfully for booking. bookingId=BKG011, count=1
2026-08-10 16:57:33.337 [INVOICE-SERVICE] [http-nio-8088-exec-5] INFO  [InvoiceServiceImpl.java:209] com.icwd.invoice.service.impl.InvoiceServiceImpl - Invoices fetched successfully for booking. bookingId=BKG031, count=1
2026-08-10 16:57:34.642 [INVOICE-SERVICE] [http-nio-8088-exec-8] DEBUG [InvoiceServiceImpl.java:198] com.icwd.invoice.service.impl.InvoiceServiceImpl - Fetching invoices by booking. bookingId=BKG041
2026-08-10 16:57:34.668 [INVOICE-SERVICE] [http-nio-8088-exec-8] INFO  [InvoiceServiceImpl.java:209] com.icwd.invoice.service.impl.InvoiceServiceImpl - Invoices fetched successfully for booking. bookingId=BKG041, count=1
2026-08-10 16:57:34.779 [INVOICE-SERVICE] [http-nio-8088-exec-1] DEBUG [InvoiceServiceImpl.java:198] com.icwd.invoice.service.impl.InvoiceServiceImpl - Fetching invoices by booking. bookingId=BKG001
2026-08-10 16:57:34.785 [INVOICE-SERVICE] [http-nio-8088-exec-1] INFO  [InvoiceServiceImpl.java:209] com.icwd.invoice.service.impl.InvoiceServiceImpl - Invoices fetched successfully for booking. bookingId=BKG001, count=1
2026-08-10 16:57:34.795 [INVOICE-SERVICE] [http-nio-8088-exec-9] DEBUG [InvoiceServiceImpl.java:198] com.icwd.invoice.service.impl.InvoiceServiceImpl - Fetching invoices by booking. bookingId=BKG021
2026-08-10 16:57:35.901 [INVOICE-SERVICE] [http-nio-8088-exec-7] DEBUG [InvoiceServiceImpl.java:198] com.icwd.invoice.service.impl.InvoiceServiceImpl - Fetching invoices by booking. bookingId=BKG011
2026-08-10 16:57:35.958 [INVOICE-SERVICE] [http-nio-8088-exec-9] INFO  [InvoiceServiceImpl.java:209] com.icwd.invoice.service.impl.InvoiceServiceImpl - Invoices fetched successfully for booking. bookingId=BKG021, count=1
2026-08-10 16:57:36.947 [INVOICE-SERVICE] [http-nio-8088-exec-7] INFO  [InvoiceServiceImpl.java:209] com.icwd.invoice.service.impl.InvoiceServiceImpl - Invoices fetched successfully for booking. bookingId=BKG011, count=1
2026-08-10 16:57:37.496 [INVOICE-SERVICE] [http-nio-8088-exec-2] DEBUG [InvoiceServiceImpl.java:198] com.icwd.invoice.service.impl.InvoiceServiceImpl - Fetching invoices by booking. bookingId=BKG031
2026-08-10 16:57:37.503 [INVOICE-SERVICE] [http-nio-8088-exec-2] INFO  [InvoiceServiceImpl.java:209] com.icwd.invoice.service.impl.InvoiceServiceImpl - Invoices fetched successfully for booking. bookingId=BKG031, count=1
2026-08-10 16:58:05.725 [INVOICE-SERVICE] [http-nio-8088-exec-10] DEBUG [InvoiceServiceImpl.java:198] com.icwd.invoice.service.impl.InvoiceServiceImpl - Fetching invoices by booking. bookingId=BKG001
2026-08-10 16:58:05.761 [INVOICE-SERVICE] [http-nio-8088-exec-3] DEBUG [InvoiceServiceImpl.java:198] com.icwd.invoice.service.impl.InvoiceServiceImpl - Fetching invoices by booking. bookingId=BKG011
2026-08-10 16:58:05.761 [INVOICE-SERVICE] [http-nio-8088-exec-6] DEBUG [InvoiceServiceImpl.java:198] com.icwd.invoice.service.impl.InvoiceServiceImpl - Fetching invoices by booking. bookingId=BKG031
2026-08-10 16:58:05.763 [INVOICE-SERVICE] [http-nio-8088-exec-4] DEBUG [InvoiceServiceImpl.java:198] com.icwd.invoice.service.impl.InvoiceServiceImpl - Fetching invoices by booking. bookingId=BKG041
2026-08-10 16:58:05.763 [INVOICE-SERVICE] [http-nio-8088-exec-10] INFO  [InvoiceServiceImpl.java:209] com.icwd.invoice.service.impl.InvoiceServiceImpl - Invoices fetched successfully for booking. bookingId=BKG001, count=1
2026-08-10 16:58:05.766 [INVOICE-SERVICE] [http-nio-8088-exec-3] INFO  [InvoiceServiceImpl.java:209] com.icwd.invoice.service.impl.InvoiceServiceImpl - Invoices fetched successfully for booking. bookingId=BKG011, count=1
2026-08-10 16:58:05.766 [INVOICE-SERVICE] [http-nio-8088-exec-6] INFO  [InvoiceServiceImpl.java:209] com.icwd.invoice.service.impl.InvoiceServiceImpl - Invoices fetched successfully for booking. bookingId=BKG031, count=1
2026-08-10 16:58:05.766 [INVOICE-SERVICE] [http-nio-8088-exec-4] INFO  [InvoiceServiceImpl.java:209] com.icwd.invoice.service.impl.InvoiceServiceImpl - Invoices fetched successfully for booking. bookingId=BKG041, count=1
2026-08-10 16:58:05.796 [INVOICE-SERVICE] [http-nio-8088-exec-5] DEBUG [InvoiceServiceImpl.java:198] com.icwd.invoice.service.impl.InvoiceServiceImpl - Fetching invoices by booking. bookingId=BKG031
2026-08-10 16:58:05.801 [INVOICE-SERVICE] [http-nio-8088-exec-5] INFO  [InvoiceServiceImpl.java:209] com.icwd.invoice.service.impl.InvoiceServiceImpl - Invoices fetched successfully for booking. bookingId=BKG031, count=1
2026-08-10 16:58:05.835 [INVOICE-SERVICE] [http-nio-8088-exec-7] DEBUG [InvoiceServiceImpl.java:198] com.icwd.invoice.service.impl.InvoiceServiceImpl - Fetching invoices by booking. bookingId=BKG041
2026-08-10 16:58:05.836 [INVOICE-SERVICE] [http-nio-8088-exec-8] DEBUG [InvoiceServiceImpl.java:198] com.icwd.invoice.service.impl.InvoiceServiceImpl - Fetching invoices by booking. bookingId=BKG001
2026-08-10 16:58:05.836 [INVOICE-SERVICE] [http-nio-8088-exec-1] DEBUG [InvoiceServiceImpl.java:198] com.icwd.invoice.service.impl.InvoiceServiceImpl - Fetching invoices by booking. bookingId=BKG021
2026-08-10 16:58:05.839 [INVOICE-SERVICE] [http-nio-8088-exec-7] INFO  [InvoiceServiceImpl.java:209] com.icwd.invoice.service.impl.InvoiceServiceImpl - Invoices fetched successfully for booking. bookingId=BKG041, count=1
2026-08-10 16:58:05.839 [INVOICE-SERVICE] [http-nio-8088-exec-1] INFO  [InvoiceServiceImpl.java:209] com.icwd.invoice.service.impl.InvoiceServiceImpl - Invoices fetched successfully for booking. bookingId=BKG021, count=1
2026-08-10 16:58:05.917 [INVOICE-SERVICE] [http-nio-8088-exec-8] INFO  [InvoiceServiceImpl.java:209] com.icwd.invoice.service.impl.InvoiceServiceImpl - Invoices fetched successfully for booking. bookingId=BKG001, count=1
2026-08-10 16:58:06.001 [INVOICE-SERVICE] [http-nio-8088-exec-9] DEBUG [InvoiceServiceImpl.java:198] com.icwd.invoice.service.impl.InvoiceServiceImpl - Fetching invoices by booking. bookingId=BKG011
2026-08-10 16:58:06.001 [INVOICE-SERVICE] [http-nio-8088-exec-2] DEBUG [InvoiceServiceImpl.java:198] com.icwd.invoice.service.impl.InvoiceServiceImpl - Fetching invoices by booking. bookingId=BKG021
2026-08-10 16:58:06.005 [INVOICE-SERVICE] [http-nio-8088-exec-9] INFO  [InvoiceServiceImpl.java:209] com.icwd.invoice.service.impl.InvoiceServiceImpl - Invoices fetched successfully for booking. bookingId=BKG011, count=1
2026-08-10 16:58:06.006 [INVOICE-SERVICE] [http-nio-8088-exec-2] INFO  [InvoiceServiceImpl.java:209] com.icwd.invoice.service.impl.InvoiceServiceImpl - Invoices fetched successfully for booking. bookingId=BKG021, count=1
2026-08-10 17:18:32.967 [INVOICE-SERVICE] [http-nio-8088-exec-3] DEBUG [InvoiceServiceImpl.java:198] com.icwd.invoice.service.impl.InvoiceServiceImpl - Fetching invoices by booking. bookingId=BKG021
2026-08-10 17:18:32.967 [INVOICE-SERVICE] [http-nio-8088-exec-8] DEBUG [InvoiceServiceImpl.java:198] com.icwd.invoice.service.impl.InvoiceServiceImpl - Fetching invoices by booking. bookingId=BKG031
2026-08-10 17:18:32.967 [INVOICE-SERVICE] [http-nio-8088-exec-9] DEBUG [InvoiceServiceImpl.java:198] com.icwd.invoice.service.impl.InvoiceServiceImpl - Fetching invoices by booking. bookingId=BKG011
2026-08-10 17:18:33.014 [INVOICE-SERVICE] [http-nio-8088-exec-1] DEBUG [InvoiceServiceImpl.java:198] com.icwd.invoice.service.impl.InvoiceServiceImpl - Fetching invoices by booking. bookingId=BKG001
2026-08-10 17:18:32.967 [INVOICE-SERVICE] [http-nio-8088-exec-2] DEBUG [InvoiceServiceImpl.java:198] com.icwd.invoice.service.impl.InvoiceServiceImpl - Fetching invoices by booking. bookingId=BKG041
2026-08-10 17:18:34.162 [INVOICE-SERVICE] [http-nio-8088-exec-9] INFO  [InvoiceServiceImpl.java:209] com.icwd.invoice.service.impl.InvoiceServiceImpl - Invoices fetched successfully for booking. bookingId=BKG011, count=1
2026-08-10 17:18:34.162 [INVOICE-SERVICE] [http-nio-8088-exec-1] INFO  [InvoiceServiceImpl.java:209] com.icwd.invoice.service.impl.InvoiceServiceImpl - Invoices fetched successfully for booking. bookingId=BKG001, count=1
2026-08-10 17:18:34.162 [INVOICE-SERVICE] [http-nio-8088-exec-8] INFO  [InvoiceServiceImpl.java:209] com.icwd.invoice.service.impl.InvoiceServiceImpl - Invoices fetched successfully for booking. bookingId=BKG031, count=1
2026-08-10 17:18:34.162 [INVOICE-SERVICE] [http-nio-8088-exec-3] INFO  [InvoiceServiceImpl.java:209] com.icwd.invoice.service.impl.InvoiceServiceImpl - Invoices fetched successfully for booking. bookingId=BKG021, count=1
2026-08-10 17:18:34.162 [INVOICE-SERVICE] [http-nio-8088-exec-2] INFO  [InvoiceServiceImpl.java:209] com.icwd.invoice.service.impl.InvoiceServiceImpl - Invoices fetched successfully for booking. bookingId=BKG041, count=1
2026-08-10 17:18:34.691 [INVOICE-SERVICE] [http-nio-8088-exec-1] DEBUG [InvoiceServiceImpl.java:198] com.icwd.invoice.service.impl.InvoiceServiceImpl - Fetching invoices by booking. bookingId=BKG011
2026-08-10 17:18:34.697 [INVOICE-SERVICE] [http-nio-8088-exec-1] INFO  [InvoiceServiceImpl.java:209] com.icwd.invoice.service.impl.InvoiceServiceImpl - Invoices fetched successfully for booking. bookingId=BKG011, count=1
2026-08-10 17:18:34.700 [INVOICE-SERVICE] [http-nio-8088-exec-10] DEBUG [InvoiceServiceImpl.java:198] com.icwd.invoice.service.impl.InvoiceServiceImpl - Fetching invoices by booking. bookingId=BKG001
2026-08-10 17:18:34.708 [INVOICE-SERVICE] [http-nio-8088-exec-4] DEBUG [InvoiceServiceImpl.java:198] com.icwd.invoice.service.impl.InvoiceServiceImpl - Fetching invoices by booking. bookingId=BKG031
2026-08-10 17:18:34.708 [INVOICE-SERVICE] [http-nio-8088-exec-6] DEBUG [InvoiceServiceImpl.java:198] com.icwd.invoice.service.impl.InvoiceServiceImpl - Fetching invoices by booking. bookingId=BKG041
2026-08-10 17:18:34.731 [INVOICE-SERVICE] [http-nio-8088-exec-7] DEBUG [InvoiceServiceImpl.java:198] com.icwd.invoice.service.impl.InvoiceServiceImpl - Fetching invoices by booking. bookingId=BKG021
2026-08-10 17:18:34.868 [INVOICE-SERVICE] [http-nio-8088-exec-7] INFO  [InvoiceServiceImpl.java:209] com.icwd.invoice.service.impl.InvoiceServiceImpl - Invoices fetched successfully for booking. bookingId=BKG021, count=1
2026-08-10 17:18:34.868 [INVOICE-SERVICE] [http-nio-8088-exec-6] INFO  [InvoiceServiceImpl.java:209] com.icwd.invoice.service.impl.InvoiceServiceImpl - Invoices fetched successfully for booking. bookingId=BKG041, count=1
2026-08-10 17:18:34.868 [INVOICE-SERVICE] [http-nio-8088-exec-4] INFO  [InvoiceServiceImpl.java:209] com.icwd.invoice.service.impl.InvoiceServiceImpl - Invoices fetched successfully for booking. bookingId=BKG031, count=1
2026-08-10 17:18:34.868 [INVOICE-SERVICE] [http-nio-8088-exec-10] INFO  [InvoiceServiceImpl.java:209] com.icwd.invoice.service.impl.InvoiceServiceImpl - Invoices fetched successfully for booking. bookingId=BKG001, count=1
2026-08-10 19:43:12.039 [INVOICE-SERVICE] [http-nio-8088-exec-8] DEBUG [InvoiceServiceImpl.java:198] com.icwd.invoice.service.impl.InvoiceServiceImpl - Fetching invoices by booking. bookingId=BKG001
2026-08-10 19:43:12.039 [INVOICE-SERVICE] [http-nio-8088-exec-3] DEBUG [InvoiceServiceImpl.java:198] com.icwd.invoice.service.impl.InvoiceServiceImpl - Fetching invoices by booking. bookingId=BKG031
2026-08-10 19:43:12.039 [INVOICE-SERVICE] [http-nio-8088-exec-6] DEBUG [InvoiceServiceImpl.java:198] com.icwd.invoice.service.impl.InvoiceServiceImpl - Fetching invoices by booking. bookingId=BKG021
2026-08-10 19:43:12.039 [INVOICE-SERVICE] [http-nio-8088-exec-7] DEBUG [InvoiceServiceImpl.java:198] com.icwd.invoice.service.impl.InvoiceServiceImpl - Fetching invoices by booking. bookingId=BKG011
2026-08-10 19:43:12.039 [INVOICE-SERVICE] [http-nio-8088-exec-10] DEBUG [InvoiceServiceImpl.java:198] com.icwd.invoice.service.impl.InvoiceServiceImpl - Fetching invoices by booking. bookingId=BKG031
2026-08-10 19:43:12.039 [INVOICE-SERVICE] [http-nio-8088-exec-9] DEBUG [InvoiceServiceImpl.java:198] com.icwd.invoice.service.impl.InvoiceServiceImpl - Fetching invoices by booking. bookingId=BKG011
2026-08-10 19:43:12.039 [INVOICE-SERVICE] [http-nio-8088-exec-2] DEBUG [InvoiceServiceImpl.java:198] com.icwd.invoice.service.impl.InvoiceServiceImpl - Fetching invoices by booking. bookingId=BKG021
2026-08-10 19:43:12.039 [INVOICE-SERVICE] [http-nio-8088-exec-4] DEBUG [InvoiceServiceImpl.java:198] com.icwd.invoice.service.impl.InvoiceServiceImpl - Fetching invoices by booking. bookingId=BKG041
2026-08-10 19:43:12.039 [INVOICE-SERVICE] [http-nio-8088-exec-1] DEBUG [InvoiceServiceImpl.java:198] com.icwd.invoice.service.impl.InvoiceServiceImpl - Fetching invoices by booking. bookingId=BKG001
2026-08-10 19:43:54.760 [INVOICE-SERVICE] [http-nio-8088-exec-1] INFO  [InvoiceServiceImpl.java:209] com.icwd.invoice.service.impl.InvoiceServiceImpl - Invoices fetched successfully for booking. bookingId=BKG001, count=1
2026-08-10 19:43:54.760 [INVOICE-SERVICE] [http-nio-8088-exec-6] INFO  [InvoiceServiceImpl.java:209] com.icwd.invoice.service.impl.InvoiceServiceImpl - Invoices fetched successfully for booking. bookingId=BKG021, count=1
2026-08-10 19:43:54.760 [INVOICE-SERVICE] [http-nio-8088-exec-8] INFO  [InvoiceServiceImpl.java:209] com.icwd.invoice.service.impl.InvoiceServiceImpl - Invoices fetched successfully for booking. bookingId=BKG001, count=1
2026-08-10 19:43:54.760 [INVOICE-SERVICE] [http-nio-8088-exec-4] INFO  [InvoiceServiceImpl.java:209] com.icwd.invoice.service.impl.InvoiceServiceImpl - Invoices fetched successfully for booking. bookingId=BKG041, count=1
2026-08-10 19:43:54.760 [INVOICE-SERVICE] [http-nio-8088-exec-9] INFO  [InvoiceServiceImpl.java:209] com.icwd.invoice.service.impl.InvoiceServiceImpl - Invoices fetched successfully for booking. bookingId=BKG011, count=1
2026-08-10 19:43:54.760 [INVOICE-SERVICE] [http-nio-8088-exec-10] INFO  [InvoiceServiceImpl.java:209] com.icwd.invoice.service.impl.InvoiceServiceImpl - Invoices fetched successfully for booking. bookingId=BKG031, count=1
2026-08-10 19:43:54.760 [INVOICE-SERVICE] [http-nio-8088-exec-7] INFO  [InvoiceServiceImpl.java:209] com.icwd.invoice.service.impl.InvoiceServiceImpl - Invoices fetched successfully for booking. bookingId=BKG011, count=1
2026-08-10 19:43:54.760 [INVOICE-SERVICE] [http-nio-8088-exec-2] INFO  [InvoiceServiceImpl.java:209] com.icwd.invoice.service.impl.InvoiceServiceImpl - Invoices fetched successfully for booking. bookingId=BKG021, count=1
2026-08-10 19:43:54.760 [INVOICE-SERVICE] [http-nio-8088-exec-3] INFO  [InvoiceServiceImpl.java:209] com.icwd.invoice.service.impl.InvoiceServiceImpl - Invoices fetched successfully for booking. bookingId=BKG031, count=1
2026-08-10 19:45:48.713 [INVOICE-SERVICE] [http-nio-8088-exec-8] DEBUG [InvoiceServiceImpl.java:198] com.icwd.invoice.service.impl.InvoiceServiceImpl - Fetching invoices by booking. bookingId=BKG001
2026-08-10 19:45:48.761 [INVOICE-SERVICE] [http-nio-8088-exec-1] DEBUG [InvoiceServiceImpl.java:198] com.icwd.invoice.service.impl.InvoiceServiceImpl - Fetching invoices by booking. bookingId=BKG021
2026-08-10 19:45:48.809 [INVOICE-SERVICE] [http-nio-8088-exec-6] DEBUG [InvoiceServiceImpl.java:198] com.icwd.invoice.service.impl.InvoiceServiceImpl - Fetching invoices by booking. bookingId=BKG011
2026-08-10 19:45:48.983 [INVOICE-SERVICE] [http-nio-8088-exec-6] INFO  [InvoiceServiceImpl.java:209] com.icwd.invoice.service.impl.InvoiceServiceImpl - Invoices fetched successfully for booking. bookingId=BKG011, count=1
2026-08-10 19:45:48.983 [INVOICE-SERVICE] [http-nio-8088-exec-1] INFO  [InvoiceServiceImpl.java:209] com.icwd.invoice.service.impl.InvoiceServiceImpl - Invoices fetched successfully for booking. bookingId=BKG021, count=1
2026-08-10 19:45:49.039 [INVOICE-SERVICE] [http-nio-8088-exec-8] INFO  [InvoiceServiceImpl.java:209] com.icwd.invoice.service.impl.InvoiceServiceImpl - Invoices fetched successfully for booking. bookingId=BKG001, count=1
2026-08-10 19:45:49.869 [INVOICE-SERVICE] [http-nio-8088-exec-7] DEBUG [InvoiceServiceImpl.java:198] com.icwd.invoice.service.impl.InvoiceServiceImpl - Fetching invoices by booking. bookingId=BKG031
2026-08-10 19:45:50.168 [INVOICE-SERVICE] [http-nio-8088-exec-4] DEBUG [InvoiceServiceImpl.java:198] com.icwd.invoice.service.impl.InvoiceServiceImpl - Fetching invoices by booking. bookingId=BKG021
2026-08-10 19:45:50.168 [INVOICE-SERVICE] [http-nio-8088-exec-7] INFO  [InvoiceServiceImpl.java:209] com.icwd.invoice.service.impl.InvoiceServiceImpl - Invoices fetched successfully for booking. bookingId=BKG031, count=1
2026-08-10 19:45:50.282 [INVOICE-SERVICE] [http-nio-8088-exec-4] INFO  [InvoiceServiceImpl.java:209] com.icwd.invoice.service.impl.InvoiceServiceImpl - Invoices fetched successfully for booking. bookingId=BKG021, count=1
2026-08-10 19:45:50.296 [INVOICE-SERVICE] [http-nio-8088-exec-10] DEBUG [InvoiceServiceImpl.java:198] com.icwd.invoice.service.impl.InvoiceServiceImpl - Fetching invoices by booking. bookingId=BKG011
2026-08-10 19:45:50.302 [INVOICE-SERVICE] [http-nio-8088-exec-2] DEBUG [InvoiceServiceImpl.java:198] com.icwd.invoice.service.impl.InvoiceServiceImpl - Fetching invoices by booking. bookingId=BKG001
2026-08-10 19:45:50.302 [INVOICE-SERVICE] [http-nio-8088-exec-2] INFO  [InvoiceServiceImpl.java:209] com.icwd.invoice.service.impl.InvoiceServiceImpl - Invoices fetched successfully for booking. bookingId=BKG001, count=1
2026-08-10 19:45:50.302 [INVOICE-SERVICE] [http-nio-8088-exec-10] INFO  [InvoiceServiceImpl.java:209] com.icwd.invoice.service.impl.InvoiceServiceImpl - Invoices fetched successfully for booking. bookingId=BKG011, count=1
2026-08-10 19:45:50.385 [INVOICE-SERVICE] [http-nio-8088-exec-3] DEBUG [InvoiceServiceImpl.java:198] com.icwd.invoice.service.impl.InvoiceServiceImpl - Fetching invoices by booking. bookingId=BKG031
2026-08-10 19:45:50.399 [INVOICE-SERVICE] [http-nio-8088-exec-5] DEBUG [InvoiceServiceImpl.java:198] com.icwd.invoice.service.impl.InvoiceServiceImpl - Fetching invoices by booking. bookingId=BKG041
2026-08-10 19:45:50.399 [INVOICE-SERVICE] [http-nio-8088-exec-5] INFO  [InvoiceServiceImpl.java:209] com.icwd.invoice.service.impl.InvoiceServiceImpl - Invoices fetched successfully for booking. bookingId=BKG041, count=1
2026-08-10 19:45:50.434 [INVOICE-SERVICE] [http-nio-8088-exec-9] DEBUG [InvoiceServiceImpl.java:198] com.icwd.invoice.service.impl.InvoiceServiceImpl - Fetching invoices by booking. bookingId=BKG041
2026-08-10 19:45:50.438 [INVOICE-SERVICE] [http-nio-8088-exec-9] INFO  [InvoiceServiceImpl.java:209] com.icwd.invoice.service.impl.InvoiceServiceImpl - Invoices fetched successfully for booking. bookingId=BKG041, count=1
2026-08-10 19:45:50.440 [INVOICE-SERVICE] [http-nio-8088-exec-3] INFO  [InvoiceServiceImpl.java:209] com.icwd.invoice.service.impl.InvoiceServiceImpl - Invoices fetched successfully for booking. bookingId=BKG031, count=1
2026-08-10 19:46:20.662 [INVOICE-SERVICE] [http-nio-8088-exec-6] DEBUG [InvoiceServiceImpl.java:198] com.icwd.invoice.service.impl.InvoiceServiceImpl - Fetching invoices by booking. bookingId=BKG001
2026-08-10 19:46:20.662 [INVOICE-SERVICE] [http-nio-8088-exec-8] DEBUG [InvoiceServiceImpl.java:198] com.icwd.invoice.service.impl.InvoiceServiceImpl - Fetching invoices by booking. bookingId=BKG021
2026-08-10 19:46:20.666 [INVOICE-SERVICE] [http-nio-8088-exec-6] INFO  [InvoiceServiceImpl.java:209] com.icwd.invoice.service.impl.InvoiceServiceImpl - Invoices fetched successfully for booking. bookingId=BKG001, count=1
2026-08-10 19:46:20.666 [INVOICE-SERVICE] [http-nio-8088-exec-8] INFO  [InvoiceServiceImpl.java:209] com.icwd.invoice.service.impl.InvoiceServiceImpl - Invoices fetched successfully for booking. bookingId=BKG021, count=1
2026-08-10 19:46:20.678 [INVOICE-SERVICE] [http-nio-8088-exec-1] DEBUG [InvoiceServiceImpl.java:198] com.icwd.invoice.service.impl.InvoiceServiceImpl - Fetching invoices by booking. bookingId=BKG041
2026-08-10 19:46:20.678 [INVOICE-SERVICE] [http-nio-8088-exec-7] DEBUG [InvoiceServiceImpl.java:198] com.icwd.invoice.service.impl.InvoiceServiceImpl - Fetching invoices by booking. bookingId=BKG031
2026-08-10 19:46:20.678 [INVOICE-SERVICE] [http-nio-8088-exec-1] INFO  [InvoiceServiceImpl.java:209] com.icwd.invoice.service.impl.InvoiceServiceImpl - Invoices fetched successfully for booking. bookingId=BKG041, count=1
2026-08-10 19:46:20.678 [INVOICE-SERVICE] [http-nio-8088-exec-7] INFO  [InvoiceServiceImpl.java:209] com.icwd.invoice.service.impl.InvoiceServiceImpl - Invoices fetched successfully for booking. bookingId=BKG031, count=1
2026-08-10 19:46:21.972 [INVOICE-SERVICE] [http-nio-8088-exec-4] DEBUG [InvoiceServiceImpl.java:198] com.icwd.invoice.service.impl.InvoiceServiceImpl - Fetching invoices by booking. bookingId=BKG011
2026-08-10 19:46:21.979 [INVOICE-SERVICE] [http-nio-8088-exec-4] INFO  [InvoiceServiceImpl.java:209] com.icwd.invoice.service.impl.InvoiceServiceImpl - Invoices fetched successfully for booking. bookingId=BKG011, count=1
2026-08-10 19:46:22.275 [INVOICE-SERVICE] [http-nio-8088-exec-10] DEBUG [InvoiceServiceImpl.java:198] com.icwd.invoice.service.impl.InvoiceServiceImpl - Fetching invoices by booking. bookingId=BKG001
2026-08-10 19:46:22.277 [INVOICE-SERVICE] [http-nio-8088-exec-2] DEBUG [InvoiceServiceImpl.java:198] com.icwd.invoice.service.impl.InvoiceServiceImpl - Fetching invoices by booking. bookingId=BKG011
2026-08-10 19:46:22.277 [INVOICE-SERVICE] [http-nio-8088-exec-5] DEBUG [InvoiceServiceImpl.java:198] com.icwd.invoice.service.impl.InvoiceServiceImpl - Fetching invoices by booking. bookingId=BKG021
2026-08-10 19:46:22.278 [INVOICE-SERVICE] [http-nio-8088-exec-10] INFO  [InvoiceServiceImpl.java:209] com.icwd.invoice.service.impl.InvoiceServiceImpl - Invoices fetched successfully for booking. bookingId=BKG001, count=1
2026-08-10 19:46:23.604 [INVOICE-SERVICE] [http-nio-8088-exec-5] INFO  [InvoiceServiceImpl.java:209] com.icwd.invoice.service.impl.InvoiceServiceImpl - Invoices fetched successfully for booking. bookingId=BKG021, count=1
2026-08-10 19:46:23.604 [INVOICE-SERVICE] [http-nio-8088-exec-2] INFO  [InvoiceServiceImpl.java:209] com.icwd.invoice.service.impl.InvoiceServiceImpl - Invoices fetched successfully for booking. bookingId=BKG011, count=1
2026-08-10 19:46:23.611 [INVOICE-SERVICE] [http-nio-8088-exec-3] DEBUG [InvoiceServiceImpl.java:198] com.icwd.invoice.service.impl.InvoiceServiceImpl - Fetching invoices by booking. bookingId=BKG031
2026-08-10 19:46:23.611 [INVOICE-SERVICE] [http-nio-8088-exec-9] DEBUG [InvoiceServiceImpl.java:198] com.icwd.invoice.service.impl.InvoiceServiceImpl - Fetching invoices by booking. bookingId=BKG041
2026-08-10 19:46:23.614 [INVOICE-SERVICE] [http-nio-8088-exec-3] INFO  [InvoiceServiceImpl.java:209] com.icwd.invoice.service.impl.InvoiceServiceImpl - Invoices fetched successfully for booking. bookingId=BKG031, count=1
2026-08-10 19:46:23.614 [INVOICE-SERVICE] [http-nio-8088-exec-9] INFO  [InvoiceServiceImpl.java:209] com.icwd.invoice.service.impl.InvoiceServiceImpl - Invoices fetched successfully for booking. bookingId=BKG041, count=1
