2026-08-11 00:04:28.210 [AUTH-SERVICE] [AsyncResolver-bootstrap-executor-%d] INFO  [ConfigClusterResolver.java:43] c.n.discovery.shared.resolver.aws.ConfigClusterResolver - Resolving eureka endpoints via configuration
2026-08-11 00:06:16.376 [AUTH-SERVICE] [http-nio-8099-exec-1] INFO  [AuthenticationController.java:26] com.example.AuthService.auth.AuthenticationController - Received user registration request. email=conceptsofphysics@gmail.com
2026-08-11 00:06:18.188 [AUTH-SERVICE] [http-nio-8099-exec-1] INFO  [JwtService.java:95] com.example.AuthService.config.JwtService - Starting JWT generation. username=conceptsofphysics@gmail.com
2026-08-11 00:06:18.383 [AUTH-SERVICE] [http-nio-8099-exec-1] INFO  [JwtService.java:127] com.example.AuthService.config.JwtService - JWT generated successfully. username=conceptsofphysics@gmail.com
2026-08-11 00:06:19.591 [AUTH-SERVICE] [http-nio-8099-exec-1] INFO  [AuthenticationController.java:34] com.example.AuthService.auth.AuthenticationController - User registration completed successfully. email=conceptsofphysics@gmail.com
2026-08-11 00:09:38.326 [AUTH-SERVICE] [AsyncResolver-bootstrap-executor-%d] INFO  [ConfigClusterResolver.java:43] c.n.discovery.shared.resolver.aws.ConfigClusterResolver - Resolving eureka endpoints via configuration
2026-08-11 00:14:38.328 [AUTH-SERVICE] [AsyncResolver-bootstrap-executor-%d] INFO  [ConfigClusterResolver.java:43] c.n.discovery.shared.resolver.aws.ConfigClusterResolver - Resolving eureka endpoints via configuration
2026-08-11 00:19:38.333 [AUTH-SERVICE] [AsyncResolver-bootstrap-executor-%d] INFO  [ConfigClusterResolver.java:43] c.n.discovery.shared.resolver.aws.ConfigClusterResolver - Resolving eureka endpoints via configuration
2026-08-11 00:24:38.337 [AUTH-SERVICE] [AsyncResolver-bootstrap-executor-%d] INFO  [ConfigClusterResolver.java:43] c.n.discovery.shared.resolver.aws.ConfigClusterResolver - Resolving eureka endpoints via configuration
2026-08-11 00:29:38.339 [AUTH-SERVICE] [AsyncResolver-bootstrap-executor-%d] INFO  [ConfigClusterResolver.java:43] c.n.discovery.shared.resolver.aws.ConfigClusterResolver - Resolving eureka endpoints via configuration
2026-08-11 00:34:38.352 [AUTH-SERVICE] [AsyncResolver-bootstrap-executor-%d] INFO  [ConfigClusterResolver.java:43] c.n.discovery.shared.resolver.aws.ConfigClusterResolver - Resolving eureka endpoints via configuration
2026-08-11 00:39:38.360 [AUTH-SERVICE] [AsyncResolver-bootstrap-executor-%d] INFO  [ConfigClusterResolver.java:43] c.n.discovery.shared.resolver.aws.ConfigClusterResolver - Resolving eureka endpoints via configuration
2026-08-11 00:44:38.396 [AUTH-SERVICE] [AsyncResolver-bootstrap-executor-%d] INFO  [ConfigClusterResolver.java:43] c.n.discovery.shared.resolver.aws.ConfigClusterResolver - Resolving eureka endpoints via configuration
2026-08-11 00:49:38.591 [AUTH-SERVICE] [AsyncResolver-bootstrap-executor-%d] INFO  [ConfigClusterResolver.java:43] c.n.discovery.shared.resolver.aws.ConfigClusterResolver - Resolving eureka endpoints via configuration
2026-08-11 00:54:38.593 [AUTH-SERVICE] [AsyncResolver-bootstrap-executor-%d] INFO  [ConfigClusterResolver.java:43] c.n.discovery.shared.resolver.aws.ConfigClusterResolver - Resolving eureka endpoints via configuration
2026-08-11 00:59:38.606 [AUTH-SERVICE] [AsyncResolver-bootstrap-executor-%d] INFO  [ConfigClusterResolver.java:43] c.n.discovery.shared.resolver.aws.ConfigClusterResolver - Resolving eureka endpoints via configuration
2026-08-11 01:02:20.669 [AUTH-SERVICE] [SpringApplicationShutdownHook] INFO  [EurekaServiceRegistry.java:91] o.s.c.netflix.eureka.serviceregistry.EurekaServiceRegistry - Unregistering application AUTH-SERVICE with eureka with status DOWN
2026-08-11 01:02:20.671 [AUTH-SERVICE] [SpringApplicationShutdownHook] INFO  [DiscoveryClient.java:1297] com.netflix.discovery.DiscoveryClient - Saw local status change event StatusChangeEvent [timestamp=1786390340671, current=DOWN, previous=UP]
2026-08-11 01:02:21.026 [AUTH-SERVICE] [DiscoveryClient-InstanceInfoReplicator-%d] INFO  [DiscoveryClient.java:825] com.netflix.discovery.DiscoveryClient - DiscoveryClient_AUTH-SERVICE/AUTH-SERVICE:8099: registering service...
2026-08-11 01:02:37.318 [AUTH-SERVICE] [SpringApplicationShutdownHook] INFO  [AbstractEntityManagerFactoryBean.java:650] o.s.orm.jpa.LocalContainerEntityManagerFactoryBean - Closing JPA EntityManagerFactory for persistence unit 'default'
2026-08-11 01:02:38.617 [AUTH-SERVICE] [DiscoveryClient-InstanceInfoReplicator-%d] INFO  [DiscoveryClient.java:834] com.netflix.discovery.DiscoveryClient - DiscoveryClient_AUTH-SERVICE/AUTH-SERVICE:8099 - registration status: 204
2026-08-11 01:02:41.056 [AUTH-SERVICE] [SpringApplicationShutdownHook] INFO  [HikariDataSource.java:349] com.zaxxer.hikari.HikariDataSource - HikariPool-1 - Shutdown initiated...
2026-08-11 01:02:45.045 [AUTH-SERVICE] [SpringApplicationShutdownHook] INFO  [HikariDataSource.java:351] com.zaxxer.hikari.HikariDataSource - HikariPool-1 - Shutdown completed.
2026-08-11 01:02:45.097 [AUTH-SERVICE] [SpringApplicationShutdownHook] INFO  [DiscoveryClient.java:887] com.netflix.discovery.DiscoveryClient - Shutting down DiscoveryClient ...
2026-08-11 01:02:48.400 [AUTH-SERVICE] [DiscoveryClient-%d] WARN  [TimedSupervisorTask.java:87] com.netflix.discovery.TimedSupervisorTask - task supervisor shutting down, can't accept the task
2026-08-11 01:02:48.682 [AUTH-SERVICE] [SpringApplicationShutdownHook] INFO  [DiscoveryClient.java:918] com.netflix.discovery.DiscoveryClient - Unregistering ...
2026-08-11 01:02:58.204 [AUTH-SERVICE] [SpringApplicationShutdownHook] INFO  [DiscoveryClient.java:920] com.netflix.discovery.DiscoveryClient - DiscoveryClient_AUTH-SERVICE/AUTH-SERVICE:8099 - deregister  status: 200
2026-08-11 01:02:58.205 [AUTH-SERVICE] [SpringApplicationShutdownHook] INFO  [DiscoveryClient.java:907] com.netflix.discovery.DiscoveryClient - Completed shut down of DiscoveryClient
2026-08-11 10:16:15.673 [AUTH-SERVICE] [background-preinit] INFO  [Version.java:21] org.hibernate.validator.internal.util.Version - HV000001: Hibernate Validator 8.0.1.Final
2026-08-11 10:16:15.723 [AUTH-SERVICE] [main] INFO  [StartupInfoLogger.java:50] com.example.AuthService.AuthServiceApplication - Starting AuthServiceApplication using Java 21.0.11 with PID 6784 (D:\Project Work\AuthService\target\classes started by prans in D:\Project Work)
2026-08-11 10:16:15.725 [AUTH-SERVICE] [main] INFO  [SpringApplication.java:654] com.example.AuthService.AuthServiceApplication - No active profile set, falling back to 1 default profile: "default"
2026-08-11 10:16:17.646 [AUTH-SERVICE] [main] INFO  [RepositoryConfigurationDelegate.java:143] o.s.data.repository.config.RepositoryConfigurationDelegate - Bootstrapping Spring Data JPA repositories in DEFAULT mode.
2026-08-11 10:16:18.001 [AUTH-SERVICE] [main] INFO  [RepositoryConfigurationDelegate.java:211] o.s.data.repository.config.RepositoryConfigurationDelegate - Finished Spring Data repository scanning in 338 ms. Found 1 JPA repository interface.
2026-08-11 10:16:18.773 [AUTH-SERVICE] [main] INFO  [GenericScope.java:282] org.springframework.cloud.context.scope.GenericScope - BeanFactory id=b3776e89-ad62-3616-bebb-2d6d9f433c90
2026-08-11 10:16:19.375 [AUTH-SERVICE] [main] WARN  [PostProcessorRegistrationDelegate.java:429] o.s.c.s.PostProcessorRegistrationDelegate$BeanPostProcessorChecker - Bean 'org.springframework.cloud.client.loadbalancer.LoadBalancerAutoConfiguration$DeferringLoadBalancerInterceptorConfig' of type [org.springframework.cloud.client.loadbalancer.LoadBalancerAutoConfiguration$DeferringLoadBalancerInterceptorConfig] is not eligible for getting processed by all BeanPostProcessors (for example: not eligible for auto-proxying). The currently created BeanPostProcessor [lbRestClientPostProcessor] is declared through a non-static factory method on that class; consider declaring it as static instead.
2026-08-11 10:16:19.379 [AUTH-SERVICE] [main] WARN  [PostProcessorRegistrationDelegate.java:437] o.s.c.s.PostProcessorRegistrationDelegate$BeanPostProcessorChecker - Bean 'deferringLoadBalancerInterceptor' of type [org.springframework.cloud.client.loadbalancer.DeferringLoadBalancerInterceptor] is not eligible for getting processed by all BeanPostProcessors (for example: not eligible for auto-proxying). Is this bean getting eagerly injected into a currently created BeanPostProcessor [lbRestClientPostProcessor]? Check the corresponding BeanPostProcessor declaration and its dependencies.
2026-08-11 10:16:19.887 [AUTH-SERVICE] [main] INFO  [TomcatWebServer.java:111] o.springframework.boot.web.embedded.tomcat.TomcatWebServer - Tomcat initialized with port 8099 (http)
2026-08-11 10:16:19.911 [AUTH-SERVICE] [main] INFO  [DirectJDKLog.java:173] org.apache.coyote.http11.Http11NioProtocol - Initializing ProtocolHandler ["http-nio-8099"]
2026-08-11 10:16:19.918 [AUTH-SERVICE] [main] INFO  [DirectJDKLog.java:173] org.apache.catalina.core.StandardService - Starting service [Tomcat]
2026-08-11 10:16:19.919 [AUTH-SERVICE] [main] INFO  [DirectJDKLog.java:173] org.apache.catalina.core.StandardEngine - Starting Servlet engine: [Apache Tomcat/10.1.30]
2026-08-11 10:16:20.027 [AUTH-SERVICE] [main] INFO  [DirectJDKLog.java:173] o.a.catalina.core.ContainerBase.[Tomcat].[localhost].[/] - Initializing Spring embedded WebApplicationContext
2026-08-11 10:16:20.028 [AUTH-SERVICE] [main] INFO  [ServletWebServerApplicationContext.java:296] o.s.b.web.servlet.context.ServletWebServerApplicationContext - Root WebApplicationContext: initialization completed in 4237 ms
2026-08-11 10:16:20.331 [AUTH-SERVICE] [main] INFO  [LogHelper.java:31] org.hibernate.jpa.internal.util.LogHelper - HHH000204: Processing PersistenceUnitInfo [name: default]
2026-08-11 10:16:20.462 [AUTH-SERVICE] [main] INFO  [Version.java:44] org.hibernate.Version - HHH000412: Hibernate ORM core version 6.5.3.Final
2026-08-11 10:16:20.532 [AUTH-SERVICE] [main] INFO  [RegionFactoryInitiator.java:50] org.hibernate.cache.internal.RegionFactoryInitiator - HHH000026: Second-level cache disabled
2026-08-11 10:16:21.466 [AUTH-SERVICE] [main] INFO  [SpringPersistenceUnitInfo.java:87] o.s.orm.jpa.persistenceunit.SpringPersistenceUnitInfo - No LoadTimeWeaver setup: ignoring JPA class transformer
2026-08-11 10:16:21.576 [AUTH-SERVICE] [main] INFO  [HikariDataSource.java:109] com.zaxxer.hikari.HikariDataSource - HikariPool-1 - Starting...
2026-08-11 10:16:22.007 [AUTH-SERVICE] [main] INFO  [HikariPool.java:554] com.zaxxer.hikari.pool.HikariPool - HikariPool-1 - Added connection com.mysql.cj.jdbc.ConnectionImpl@40edc64e
2026-08-11 10:16:22.013 [AUTH-SERVICE] [main] INFO  [HikariDataSource.java:122] com.zaxxer.hikari.HikariDataSource - HikariPool-1 - Start completed.
2026-08-11 10:16:22.214 [AUTH-SERVICE] [main] WARN  [DialectFactoryImpl.java:153] org.hibernate.orm.deprecation - HHH90000025: MySQLDialect does not need to be specified explicitly using 'hibernate.dialect' (remove the property setting and it will be selected by default)
2026-08-11 10:16:24.256 [AUTH-SERVICE] [main] INFO  [JtaPlatformInitiator.java:59] o.h.e.transaction.jta.platform.internal.JtaPlatformInitiator - HHH000489: No JTA platform available (set 'hibernate.transaction.jta.platform' to enable JTA platform integration)
2026-08-11 10:16:24.353 [AUTH-SERVICE] [main] INFO  [AbstractEntityManagerFactoryBean.java:437] o.s.orm.jpa.LocalContainerEntityManagerFactoryBean - Initialized JPA EntityManagerFactory for persistence unit 'default'
2026-08-11 10:16:24.862 [AUTH-SERVICE] [main] INFO  [ApplicationConfig.java:27] com.example.AuthService.config.ApplicationConfig - Initializing UserDetailsService for authentication
2026-08-11 10:16:24.872 [AUTH-SERVICE] [main] INFO  [FilterRegistrationConfig.java:28] com.example.AuthService.config.FilterRegistrationConfig - JwtAuthenticationFilter servlet auto-registration disabled; filter will be managed by Spring Security filter chain
2026-08-11 10:16:25.138 [AUTH-SERVICE] [main] INFO  [RegistrationBean.java:49] org.springframework.boot.web.servlet.RegistrationBean - Filter jwtAuthenticationFilterRegistration was not registered (disabled)
2026-08-11 10:16:25.222 [AUTH-SERVICE] [main] INFO  [ApplicationConfig.java:84] com.example.AuthService.config.ApplicationConfig - Initializing AuthenticationManager
2026-08-11 10:16:25.313 [AUTH-SERVICE] [main] INFO  [ApplicationConfig.java:57] com.example.AuthService.config.ApplicationConfig - Initializing DaoAuthenticationProvider
2026-08-11 10:16:25.355 [AUTH-SERVICE] [main] INFO  [InitializeAuthenticationProviderBeanManagerConfigurer.java:83] o.s.s.c.a.a.c.InitializeAuthenticationProviderBeanManagerConfigurer$InitializeAuthenticationProviderManagerConfigurer - Global AuthenticationManager configured with AuthenticationProvider bean with name authenticationProvider
2026-08-11 10:16:25.356 [AUTH-SERVICE] [main] WARN  [InitializeUserDetailsBeanManagerConfigurer.java:72] o.s.s.c.a.a.c.InitializeUserDetailsBeanManagerConfigurer$InitializeUserDetailsManagerConfigurer - Global AuthenticationManager configured with an AuthenticationProvider bean. UserDetailsService beans will not be used for username/password login. Consider removing the AuthenticationProvider bean. Alternatively, consider using the UserDetailsService in a manually instantiated DaoAuthenticationProvider.
2026-08-11 10:16:26.671 [AUTH-SERVICE] [main] INFO  [InetUtils.java:170] org.springframework.cloud.commons.util.InetUtils - Cannot determine local hostname
2026-08-11 10:16:26.750 [AUTH-SERVICE] [main] INFO  [FeignClientFactoryBean.java:468] org.springframework.cloud.openfeign.FeignClientFactoryBean - For 'USER-SERVICE' URL not provided. Will try picking an instance via load-balancing.
2026-08-11 10:16:27.016 [AUTH-SERVICE] [main] INFO  [SecurityConfiguration.java:50] com.example.AuthService.config.SecurityConfiguration - Configuring AuthService security filter chain
2026-08-11 10:16:27.637 [AUTH-SERVICE] [main] INFO  [EndpointLinksResolver.java:60] o.s.boot.actuate.endpoint.web.EndpointLinksResolver - Exposing 3 endpoints beneath base path '/actuator'
2026-08-11 10:16:27.724 [AUTH-SERVICE] [main] INFO  [SecurityConfiguration.java:326] com.example.AuthService.config.SecurityConfiguration - AuthService security filter chain configured successfully. sessionPolicy=STATELESS, jwtFilterEnabled=true
2026-08-11 10:16:29.339 [AUTH-SERVICE] [main] INFO  [InetUtils.java:170] org.springframework.cloud.commons.util.InetUtils - Cannot determine local hostname
2026-08-11 10:16:29.367 [AUTH-SERVICE] [main] INFO  [DiscoveryClientOptionalArgsConfiguration.java:80] o.s.c.n.e.config.DiscoveryClientOptionalArgsConfiguration - Eureka HTTP Client uses RestTemplate.
2026-08-11 10:16:29.430 [AUTH-SERVICE] [main] WARN  [LoadBalancerCacheAutoConfiguration.java:94] o.s.c.l.c.LoadBalancerCacheAutoConfiguration$LoadBalancerCaffeineWarnLogger - Spring Cloud LoadBalancer is currently working with the default cache. While this cache implementation is useful for development and tests, it's recommended to use Caffeine cache in production.You can switch to using Caffeine cache, by adding it and org.springframework.cache.caffeine.CaffeineCacheManager to the classpath.
2026-08-11 10:16:29.534 [AUTH-SERVICE] [main] INFO  [InstanceInfoFactory.java:67] o.springframework.cloud.netflix.eureka.InstanceInfoFactory - Setting initial instance status as: STARTING
2026-08-11 10:16:29.572 [AUTH-SERVICE] [main] INFO  [DiscoveryClient.java:329] com.netflix.discovery.DiscoveryClient - Initializing Eureka in region us-east-1
2026-08-11 10:16:29.579 [AUTH-SERVICE] [main] INFO  [ConfigClusterResolver.java:43] c.n.discovery.shared.resolver.aws.ConfigClusterResolver - Resolving eureka endpoints via configuration
2026-08-11 10:16:29.592 [AUTH-SERVICE] [main] INFO  [DiscoveryClient.java:954] com.netflix.discovery.DiscoveryClient - Disable delta property : false
2026-08-11 10:16:29.593 [AUTH-SERVICE] [main] INFO  [DiscoveryClient.java:955] com.netflix.discovery.DiscoveryClient - Single vip registry refresh property : null
2026-08-11 10:16:29.593 [AUTH-SERVICE] [main] INFO  [DiscoveryClient.java:956] com.netflix.discovery.DiscoveryClient - Force full registry fetch : false
2026-08-11 10:16:29.593 [AUTH-SERVICE] [main] INFO  [DiscoveryClient.java:957] com.netflix.discovery.DiscoveryClient - Application is null : false
2026-08-11 10:16:29.593 [AUTH-SERVICE] [main] INFO  [DiscoveryClient.java:958] com.netflix.discovery.DiscoveryClient - Registered Applications size is zero : true
2026-08-11 10:16:29.594 [AUTH-SERVICE] [main] INFO  [DiscoveryClient.java:960] com.netflix.discovery.DiscoveryClient - Application version is -1: true
2026-08-11 10:16:29.594 [AUTH-SERVICE] [main] INFO  [DiscoveryClient.java:1042] com.netflix.discovery.DiscoveryClient - Getting all instance registry info from the eureka server
2026-08-11 10:16:30.125 [AUTH-SERVICE] [main] INFO  [DiscoveryClient.java:1051] com.netflix.discovery.DiscoveryClient - The response status is 200
2026-08-11 10:16:30.128 [AUTH-SERVICE] [main] INFO  [DiscoveryClient.java:1266] com.netflix.discovery.DiscoveryClient - Starting heartbeat executor: renew interval is: 30
2026-08-11 10:16:30.132 [AUTH-SERVICE] [main] INFO  [InstanceInfoReplicator.java:64] com.netflix.discovery.InstanceInfoReplicator - InstanceInfoReplicator onDemand update allowed rate per min is 4
2026-08-11 10:16:30.135 [AUTH-SERVICE] [main] INFO  [DiscoveryClient.java:455] com.netflix.discovery.DiscoveryClient - Discovery Client initialized at timestamp 1786423590134 with initial instances count: 8
2026-08-11 10:16:30.144 [AUTH-SERVICE] [main] INFO  [EurekaServiceRegistry.java:70] o.s.c.netflix.eureka.serviceregistry.EurekaServiceRegistry - Registering application AUTH-SERVICE with eureka with status UP
2026-08-11 10:16:30.145 [AUTH-SERVICE] [main] INFO  [DiscoveryClient.java:1297] com.netflix.discovery.DiscoveryClient - Saw local status change event StatusChangeEvent [timestamp=1786423590145, current=UP, previous=STARTING]
2026-08-11 10:16:30.148 [AUTH-SERVICE] [main] INFO  [DirectJDKLog.java:173] org.apache.coyote.http11.Http11NioProtocol - Starting ProtocolHandler ["http-nio-8099"]
2026-08-11 10:16:30.148 [AUTH-SERVICE] [DiscoveryClient-InstanceInfoReplicator-%d] INFO  [DiscoveryClient.java:825] com.netflix.discovery.DiscoveryClient - DiscoveryClient_AUTH-SERVICE/AUTH-SERVICE:8099: registering service...
2026-08-11 10:16:30.176 [AUTH-SERVICE] [main] INFO  [TomcatWebServer.java:243] o.springframework.boot.web.embedded.tomcat.TomcatWebServer - Tomcat started on port 8099 (http) with context path '/'
2026-08-11 10:16:30.177 [AUTH-SERVICE] [main] INFO  [EurekaAutoServiceRegistration.java:150] o.s.c.n.eureka.serviceregistry.EurekaAutoServiceRegistration - Updating port to 8099
2026-08-11 10:16:30.213 [AUTH-SERVICE] [DiscoveryClient-InstanceInfoReplicator-%d] INFO  [DiscoveryClient.java:834] com.netflix.discovery.DiscoveryClient - DiscoveryClient_AUTH-SERVICE/AUTH-SERVICE:8099 - registration status: 204
2026-08-11 10:16:31.207 [AUTH-SERVICE] [main] INFO  [InetUtils.java:170] org.springframework.cloud.commons.util.InetUtils - Cannot determine local hostname
2026-08-11 10:16:31.221 [AUTH-SERVICE] [main] INFO  [StartupInfoLogger.java:56] com.example.AuthService.AuthServiceApplication - Started AuthServiceApplication in 17.493 seconds (process running for 18.425)
2026-08-11 10:17:57.892 [AUTH-SERVICE] [http-nio-8099-exec-1] INFO  [DirectJDKLog.java:173] o.a.catalina.core.ContainerBase.[Tomcat].[localhost].[/] - Initializing Spring DispatcherServlet 'dispatcherServlet'
2026-08-11 10:17:57.893 [AUTH-SERVICE] [http-nio-8099-exec-1] INFO  [FrameworkServlet.java:532] org.springframework.web.servlet.DispatcherServlet - Initializing Servlet 'dispatcherServlet'
2026-08-11 10:17:57.894 [AUTH-SERVICE] [http-nio-8099-exec-1] INFO  [FrameworkServlet.java:554] org.springframework.web.servlet.DispatcherServlet - Completed initialization in 1 ms
2026-08-11 10:17:58.815 [AUTH-SERVICE] [http-nio-8099-exec-1] DEBUG [AuthenticationController.java:68] com.example.AuthService.auth.AuthenticationController - Token validation endpoint reached after successful JWT validation
2026-08-11 10:17:58.879 [AUTH-SERVICE] [http-nio-8099-exec-2] DEBUG [AuthenticationController.java:68] com.example.AuthService.auth.AuthenticationController - Token validation endpoint reached after successful JWT validation
2026-08-11 10:21:29.599 [AUTH-SERVICE] [AsyncResolver-bootstrap-executor-%d] INFO  [ConfigClusterResolver.java:43] c.n.discovery.shared.resolver.aws.ConfigClusterResolver - Resolving eureka endpoints via configuration
2026-08-11 10:26:29.628 [AUTH-SERVICE] [AsyncResolver-bootstrap-executor-%d] INFO  [ConfigClusterResolver.java:43] c.n.discovery.shared.resolver.aws.ConfigClusterResolver - Resolving eureka endpoints via configuration
2026-08-11 10:31:29.643 [AUTH-SERVICE] [AsyncResolver-bootstrap-executor-%d] INFO  [ConfigClusterResolver.java:43] c.n.discovery.shared.resolver.aws.ConfigClusterResolver - Resolving eureka endpoints via configuration
2026-08-11 10:36:29.648 [AUTH-SERVICE] [AsyncResolver-bootstrap-executor-%d] INFO  [ConfigClusterResolver.java:43] c.n.discovery.shared.resolver.aws.ConfigClusterResolver - Resolving eureka endpoints via configuration
2026-08-11 10:41:29.656 [AUTH-SERVICE] [AsyncResolver-bootstrap-executor-%d] INFO  [ConfigClusterResolver.java:43] c.n.discovery.shared.resolver.aws.ConfigClusterResolver - Resolving eureka endpoints via configuration
2026-08-11 10:46:29.659 [AUTH-SERVICE] [AsyncResolver-bootstrap-executor-%d] INFO  [ConfigClusterResolver.java:43] c.n.discovery.shared.resolver.aws.ConfigClusterResolver - Resolving eureka endpoints via configuration
2026-08-11 10:51:29.670 [AUTH-SERVICE] [AsyncResolver-bootstrap-executor-%d] INFO  [ConfigClusterResolver.java:43] c.n.discovery.shared.resolver.aws.ConfigClusterResolver - Resolving eureka endpoints via configuration
2026-08-11 10:56:29.672 [AUTH-SERVICE] [AsyncResolver-bootstrap-executor-%d] INFO  [ConfigClusterResolver.java:43] c.n.discovery.shared.resolver.aws.ConfigClusterResolver - Resolving eureka endpoints via configuration
2026-08-11 11:01:29.682 [AUTH-SERVICE] [AsyncResolver-bootstrap-executor-%d] INFO  [ConfigClusterResolver.java:43] c.n.discovery.shared.resolver.aws.ConfigClusterResolver - Resolving eureka endpoints via configuration
2026-08-11 11:06:29.693 [AUTH-SERVICE] [AsyncResolver-bootstrap-executor-%d] INFO  [ConfigClusterResolver.java:43] c.n.discovery.shared.resolver.aws.ConfigClusterResolver - Resolving eureka endpoints via configuration
2026-08-11 11:11:29.702 [AUTH-SERVICE] [AsyncResolver-bootstrap-executor-%d] INFO  [ConfigClusterResolver.java:43] c.n.discovery.shared.resolver.aws.ConfigClusterResolver - Resolving eureka endpoints via configuration
2026-08-11 11:16:29.704 [AUTH-SERVICE] [AsyncResolver-bootstrap-executor-%d] INFO  [ConfigClusterResolver.java:43] c.n.discovery.shared.resolver.aws.ConfigClusterResolver - Resolving eureka endpoints via configuration
2026-08-11 11:21:29.716 [AUTH-SERVICE] [AsyncResolver-bootstrap-executor-%d] INFO  [ConfigClusterResolver.java:43] c.n.discovery.shared.resolver.aws.ConfigClusterResolver - Resolving eureka endpoints via configuration
2026-08-11 11:26:29.720 [AUTH-SERVICE] [AsyncResolver-bootstrap-executor-%d] INFO  [ConfigClusterResolver.java:43] c.n.discovery.shared.resolver.aws.ConfigClusterResolver - Resolving eureka endpoints via configuration
2026-08-11 11:31:29.723 [AUTH-SERVICE] [AsyncResolver-bootstrap-executor-%d] INFO  [ConfigClusterResolver.java:43] c.n.discovery.shared.resolver.aws.ConfigClusterResolver - Resolving eureka endpoints via configuration
2026-08-11 11:36:29.724 [AUTH-SERVICE] [AsyncResolver-bootstrap-executor-%d] INFO  [ConfigClusterResolver.java:43] c.n.discovery.shared.resolver.aws.ConfigClusterResolver - Resolving eureka endpoints via configuration
2026-08-11 11:41:29.729 [AUTH-SERVICE] [AsyncResolver-bootstrap-executor-%d] INFO  [ConfigClusterResolver.java:43] c.n.discovery.shared.resolver.aws.ConfigClusterResolver - Resolving eureka endpoints via configuration
2026-08-11 11:46:29.742 [AUTH-SERVICE] [AsyncResolver-bootstrap-executor-%d] INFO  [ConfigClusterResolver.java:43] c.n.discovery.shared.resolver.aws.ConfigClusterResolver - Resolving eureka endpoints via configuration
2026-08-11 11:51:29.745 [AUTH-SERVICE] [AsyncResolver-bootstrap-executor-%d] INFO  [ConfigClusterResolver.java:43] c.n.discovery.shared.resolver.aws.ConfigClusterResolver - Resolving eureka endpoints via configuration
2026-08-11 11:56:29.851 [AUTH-SERVICE] [AsyncResolver-bootstrap-executor-%d] INFO  [ConfigClusterResolver.java:43] c.n.discovery.shared.resolver.aws.ConfigClusterResolver - Resolving eureka endpoints via configuration
2026-08-11 12:01:29.853 [AUTH-SERVICE] [AsyncResolver-bootstrap-executor-%d] INFO  [ConfigClusterResolver.java:43] c.n.discovery.shared.resolver.aws.ConfigClusterResolver - Resolving eureka endpoints via configuration
2026-08-11 12:06:29.867 [AUTH-SERVICE] [AsyncResolver-bootstrap-executor-%d] INFO  [ConfigClusterResolver.java:43] c.n.discovery.shared.resolver.aws.ConfigClusterResolver - Resolving eureka endpoints via configuration
2026-08-11 12:08:59.823 [AUTH-SERVICE] [http-nio-8099-exec-4] DEBUG [AuthenticationController.java:68] com.example.AuthService.auth.AuthenticationController - Token validation endpoint reached after successful JWT validation
2026-08-11 12:09:00.096 [AUTH-SERVICE] [http-nio-8099-exec-4] DEBUG [AuthenticationController.java:68] com.example.AuthService.auth.AuthenticationController - Token validation endpoint reached after successful JWT validation
2026-08-11 12:11:29.875 [AUTH-SERVICE] [AsyncResolver-bootstrap-executor-%d] INFO  [ConfigClusterResolver.java:43] c.n.discovery.shared.resolver.aws.ConfigClusterResolver - Resolving eureka endpoints via configuration
2026-08-11 12:16:29.886 [AUTH-SERVICE] [AsyncResolver-bootstrap-executor-%d] INFO  [ConfigClusterResolver.java:43] c.n.discovery.shared.resolver.aws.ConfigClusterResolver - Resolving eureka endpoints via configuration
2026-08-11 12:21:29.889 [AUTH-SERVICE] [AsyncResolver-bootstrap-executor-%d] INFO  [ConfigClusterResolver.java:43] c.n.discovery.shared.resolver.aws.ConfigClusterResolver - Resolving eureka endpoints via configuration
2026-08-11 12:26:29.898 [AUTH-SERVICE] [AsyncResolver-bootstrap-executor-%d] INFO  [ConfigClusterResolver.java:43] c.n.discovery.shared.resolver.aws.ConfigClusterResolver - Resolving eureka endpoints via configuration
2026-08-11 12:31:29.913 [AUTH-SERVICE] [AsyncResolver-bootstrap-executor-%d] INFO  [ConfigClusterResolver.java:43] c.n.discovery.shared.resolver.aws.ConfigClusterResolver - Resolving eureka endpoints via configuration
2026-08-11 12:36:29.929 [AUTH-SERVICE] [AsyncResolver-bootstrap-executor-%d] INFO  [ConfigClusterResolver.java:43] c.n.discovery.shared.resolver.aws.ConfigClusterResolver - Resolving eureka endpoints via configuration
2026-08-11 12:41:29.941 [AUTH-SERVICE] [AsyncResolver-bootstrap-executor-%d] INFO  [ConfigClusterResolver.java:43] c.n.discovery.shared.resolver.aws.ConfigClusterResolver - Resolving eureka endpoints via configuration
2026-08-11 12:46:29.950 [AUTH-SERVICE] [AsyncResolver-bootstrap-executor-%d] INFO  [ConfigClusterResolver.java:43] c.n.discovery.shared.resolver.aws.ConfigClusterResolver - Resolving eureka endpoints via configuration
2026-08-11 12:51:29.964 [AUTH-SERVICE] [AsyncResolver-bootstrap-executor-%d] INFO  [ConfigClusterResolver.java:43] c.n.discovery.shared.resolver.aws.ConfigClusterResolver - Resolving eureka endpoints via configuration
2026-08-11 12:56:29.968 [AUTH-SERVICE] [AsyncResolver-bootstrap-executor-%d] INFO  [ConfigClusterResolver.java:43] c.n.discovery.shared.resolver.aws.ConfigClusterResolver - Resolving eureka endpoints via configuration
2026-08-11 13:01:29.986 [AUTH-SERVICE] [AsyncResolver-bootstrap-executor-%d] INFO  [ConfigClusterResolver.java:43] c.n.discovery.shared.resolver.aws.ConfigClusterResolver - Resolving eureka endpoints via configuration
2026-08-11 13:06:30.036 [AUTH-SERVICE] [AsyncResolver-bootstrap-executor-%d] INFO  [ConfigClusterResolver.java:43] c.n.discovery.shared.resolver.aws.ConfigClusterResolver - Resolving eureka endpoints via configuration
2026-08-11 13:11:30.057 [AUTH-SERVICE] [AsyncResolver-bootstrap-executor-%d] INFO  [ConfigClusterResolver.java:43] c.n.discovery.shared.resolver.aws.ConfigClusterResolver - Resolving eureka endpoints via configuration
2026-08-11 13:16:30.065 [AUTH-SERVICE] [AsyncResolver-bootstrap-executor-%d] INFO  [ConfigClusterResolver.java:43] c.n.discovery.shared.resolver.aws.ConfigClusterResolver - Resolving eureka endpoints via configuration
2026-08-11 13:21:30.090 [AUTH-SERVICE] [AsyncResolver-bootstrap-executor-%d] INFO  [ConfigClusterResolver.java:43] c.n.discovery.shared.resolver.aws.ConfigClusterResolver - Resolving eureka endpoints via configuration
2026-08-11 13:26:30.106 [AUTH-SERVICE] [AsyncResolver-bootstrap-executor-%d] INFO  [ConfigClusterResolver.java:43] c.n.discovery.shared.resolver.aws.ConfigClusterResolver - Resolving eureka endpoints via configuration
2026-08-11 13:31:30.130 [AUTH-SERVICE] [AsyncResolver-bootstrap-executor-%d] INFO  [ConfigClusterResolver.java:43] c.n.discovery.shared.resolver.aws.ConfigClusterResolver - Resolving eureka endpoints via configuration
2026-08-11 13:34:41.583 [AUTH-SERVICE] [http-nio-8099-exec-6] DEBUG [AuthenticationController.java:68] com.example.AuthService.auth.AuthenticationController - Token validation endpoint reached after successful JWT validation
2026-08-11 13:34:43.568 [AUTH-SERVICE] [http-nio-8099-exec-7] DEBUG [AuthenticationController.java:68] com.example.AuthService.auth.AuthenticationController - Token validation endpoint reached after successful JWT validation
2026-08-11 13:34:44.699 [AUTH-SERVICE] [http-nio-8099-exec-8] DEBUG [AuthenticationController.java:68] com.example.AuthService.auth.AuthenticationController - Token validation endpoint reached after successful JWT validation
2026-08-11 13:34:45.644 [AUTH-SERVICE] [http-nio-8099-exec-9] DEBUG [AuthenticationController.java:68] com.example.AuthService.auth.AuthenticationController - Token validation endpoint reached after successful JWT validation
2026-08-11 13:36:30.171 [AUTH-SERVICE] [AsyncResolver-bootstrap-executor-%d] INFO  [ConfigClusterResolver.java:43] c.n.discovery.shared.resolver.aws.ConfigClusterResolver - Resolving eureka endpoints via configuration
2026-08-11 13:41:30.187 [AUTH-SERVICE] [AsyncResolver-bootstrap-executor-%d] INFO  [ConfigClusterResolver.java:43] c.n.discovery.shared.resolver.aws.ConfigClusterResolver - Resolving eureka endpoints via configuration
2026-08-11 13:46:30.323 [AUTH-SERVICE] [AsyncResolver-bootstrap-executor-%d] INFO  [ConfigClusterResolver.java:43] c.n.discovery.shared.resolver.aws.ConfigClusterResolver - Resolving eureka endpoints via configuration
2026-08-11 13:52:54.091 [AUTH-SERVICE] [AsyncResolver-bootstrap-executor-%d] INFO  [ConfigClusterResolver.java:43] c.n.discovery.shared.resolver.aws.ConfigClusterResolver - Resolving eureka endpoints via configuration
2026-08-11 13:52:59.067 [AUTH-SERVICE] [HikariPool-1 housekeeper] WARN  [HikariPool.java:797] com.zaxxer.hikari.pool.HikariPool - HikariPool-1 - Thread starvation or clock leap detected (housekeeper delta=1m57s390ms314µs600ns).
