2026-08-11 00:04:08.920 [PAYMENT-SERVICE] [AsyncResolver-bootstrap-executor-%d] INFO  [ConfigClusterResolver.java:43] c.n.discovery.shared.resolver.aws.ConfigClusterResolver - Resolving eureka endpoints via configuration
2026-08-11 00:07:51.375 [PAYMENT-SERVICE] [http-nio-8085-exec-4] INFO  [PaymentController.java:128] com.icwd.payment.controller.PaymentController - Received request to fetch all payments
2026-08-11 00:07:55.341 [PAYMENT-SERVICE] [http-nio-8085-exec-6] INFO  [PaymentController.java:128] com.icwd.payment.controller.PaymentController - Received request to fetch all payments
2026-08-11 00:07:57.596 [PAYMENT-SERVICE] [http-nio-8085-exec-4] DEBUG [PaymentServiceImpl.java:631] com.icwd.payment.service.impl.PaymentServiceImpl - Fetching all payments from repository
2026-08-11 00:07:57.596 [PAYMENT-SERVICE] [http-nio-8085-exec-6] DEBUG [PaymentServiceImpl.java:631] com.icwd.payment.service.impl.PaymentServiceImpl - Fetching all payments from repository
2026-08-11 00:08:21.984 [PAYMENT-SERVICE] [http-nio-8085-exec-4] INFO  [PaymentServiceImpl.java:644] com.icwd.payment.service.impl.PaymentServiceImpl - Payments fetched successfully. count=8
2026-08-11 00:08:22.078 [PAYMENT-SERVICE] [http-nio-8085-exec-6] INFO  [PaymentServiceImpl.java:644] com.icwd.payment.service.impl.PaymentServiceImpl - Payments fetched successfully. count=8
2026-08-11 00:08:22.413 [PAYMENT-SERVICE] [http-nio-8085-exec-6] DEBUG [PaymentController.java:136] com.icwd.payment.controller.PaymentController - Fetched all payments successfully. count=8
2026-08-11 00:08:22.413 [PAYMENT-SERVICE] [http-nio-8085-exec-4] DEBUG [PaymentController.java:136] com.icwd.payment.controller.PaymentController - Fetched all payments successfully. count=8
2026-08-11 00:10:09.809 [PAYMENT-SERVICE] [AsyncResolver-bootstrap-executor-%d] INFO  [ConfigClusterResolver.java:43] c.n.discovery.shared.resolver.aws.ConfigClusterResolver - Resolving eureka endpoints via configuration
2026-08-11 00:15:09.814 [PAYMENT-SERVICE] [AsyncResolver-bootstrap-executor-%d] INFO  [ConfigClusterResolver.java:43] c.n.discovery.shared.resolver.aws.ConfigClusterResolver - Resolving eureka endpoints via configuration
2026-08-11 00:20:09.819 [PAYMENT-SERVICE] [AsyncResolver-bootstrap-executor-%d] INFO  [ConfigClusterResolver.java:43] c.n.discovery.shared.resolver.aws.ConfigClusterResolver - Resolving eureka endpoints via configuration
2026-08-11 00:25:09.834 [PAYMENT-SERVICE] [AsyncResolver-bootstrap-executor-%d] INFO  [ConfigClusterResolver.java:43] c.n.discovery.shared.resolver.aws.ConfigClusterResolver - Resolving eureka endpoints via configuration
2026-08-11 00:30:09.842 [PAYMENT-SERVICE] [AsyncResolver-bootstrap-executor-%d] INFO  [ConfigClusterResolver.java:43] c.n.discovery.shared.resolver.aws.ConfigClusterResolver - Resolving eureka endpoints via configuration
2026-08-11 00:35:09.859 [PAYMENT-SERVICE] [AsyncResolver-bootstrap-executor-%d] INFO  [ConfigClusterResolver.java:43] c.n.discovery.shared.resolver.aws.ConfigClusterResolver - Resolving eureka endpoints via configuration
2026-08-11 00:40:09.863 [PAYMENT-SERVICE] [AsyncResolver-bootstrap-executor-%d] INFO  [ConfigClusterResolver.java:43] c.n.discovery.shared.resolver.aws.ConfigClusterResolver - Resolving eureka endpoints via configuration
2026-08-11 00:45:09.872 [PAYMENT-SERVICE] [AsyncResolver-bootstrap-executor-%d] INFO  [ConfigClusterResolver.java:43] c.n.discovery.shared.resolver.aws.ConfigClusterResolver - Resolving eureka endpoints via configuration
2026-08-11 00:50:09.878 [PAYMENT-SERVICE] [AsyncResolver-bootstrap-executor-%d] INFO  [ConfigClusterResolver.java:43] c.n.discovery.shared.resolver.aws.ConfigClusterResolver - Resolving eureka endpoints via configuration
2026-08-11 00:55:09.881 [PAYMENT-SERVICE] [AsyncResolver-bootstrap-executor-%d] INFO  [ConfigClusterResolver.java:43] c.n.discovery.shared.resolver.aws.ConfigClusterResolver - Resolving eureka endpoints via configuration
2026-08-11 01:00:09.890 [PAYMENT-SERVICE] [AsyncResolver-bootstrap-executor-%d] INFO  [ConfigClusterResolver.java:43] c.n.discovery.shared.resolver.aws.ConfigClusterResolver - Resolving eureka endpoints via configuration
2026-08-11 01:02:18.038 [PAYMENT-SERVICE] [SpringApplicationShutdownHook] INFO  [EurekaServiceRegistry.java:91] o.s.c.netflix.eureka.serviceregistry.EurekaServiceRegistry - Unregistering application PAYMENT-SERVICE with eureka with status DOWN
2026-08-11 01:02:18.370 [PAYMENT-SERVICE] [SpringApplicationShutdownHook] INFO  [DiscoveryClient.java:1297] com.netflix.discovery.DiscoveryClient - Saw local status change event StatusChangeEvent [timestamp=1786390338370, current=DOWN, previous=UP]
2026-08-11 01:02:18.644 [PAYMENT-SERVICE] [DiscoveryClient-InstanceInfoReplicator-%d] INFO  [DiscoveryClient.java:1297] com.netflix.discovery.DiscoveryClient - Saw local status change event StatusChangeEvent [timestamp=1786390338644, current=UP, previous=DOWN]
2026-08-11 01:02:18.679 [PAYMENT-SERVICE] [DiscoveryClient-InstanceInfoReplicator-%d] INFO  [DiscoveryClient.java:825] com.netflix.discovery.DiscoveryClient - DiscoveryClient_PAYMENT-SERVICE/PAYMENT-SERVICE:8085: registering service...
2026-08-11 01:02:38.213 [PAYMENT-SERVICE] [SpringApplicationShutdownHook] INFO  [AbstractEntityManagerFactoryBean.java:650] o.s.orm.jpa.LocalContainerEntityManagerFactoryBean - Closing JPA EntityManagerFactory for persistence unit 'default'
2026-08-11 01:02:38.617 [PAYMENT-SERVICE] [DiscoveryClient-InstanceInfoReplicator-%d] INFO  [DiscoveryClient.java:834] com.netflix.discovery.DiscoveryClient - DiscoveryClient_PAYMENT-SERVICE/PAYMENT-SERVICE:8085 - registration status: 204
2026-08-11 01:02:46.239 [PAYMENT-SERVICE] [SpringApplicationShutdownHook] INFO  [HikariDataSource.java:349] com.zaxxer.hikari.HikariDataSource - HikariPool-1 - Shutdown initiated...
2026-08-11 01:02:48.898 [PAYMENT-SERVICE] [SpringApplicationShutdownHook] INFO  [HikariDataSource.java:351] com.zaxxer.hikari.HikariDataSource - HikariPool-1 - Shutdown completed.
2026-08-11 01:02:50.240 [PAYMENT-SERVICE] [SpringApplicationShutdownHook] INFO  [DiscoveryClient.java:887] com.netflix.discovery.DiscoveryClient - Shutting down DiscoveryClient ...
2026-08-11 01:02:53.432 [PAYMENT-SERVICE] [SpringApplicationShutdownHook] INFO  [DiscoveryClient.java:918] com.netflix.discovery.DiscoveryClient - Unregistering ...
2026-08-11 01:03:01.276 [PAYMENT-SERVICE] [SpringApplicationShutdownHook] INFO  [DiscoveryClient.java:920] com.netflix.discovery.DiscoveryClient - DiscoveryClient_PAYMENT-SERVICE/PAYMENT-SERVICE:8085 - deregister  status: 200
2026-08-11 01:03:01.276 [PAYMENT-SERVICE] [SpringApplicationShutdownHook] INFO  [DiscoveryClient.java:907] com.netflix.discovery.DiscoveryClient - Completed shut down of DiscoveryClient
2026-08-11 10:13:14.484 [PAYMENT-SERVICE] [background-preinit] INFO  [Version.java:21] org.hibernate.validator.internal.util.Version - HV000001: Hibernate Validator 8.0.1.Final
2026-08-11 10:13:14.544 [PAYMENT-SERVICE] [main] INFO  [StartupInfoLogger.java:50] com.icwd.payment.PaymentServiceApplication - Starting PaymentServiceApplication using Java 21.0.11 with PID 15320 (D:\Project Work\PaymentService\target\classes started by prans in D:\Project Work)
2026-08-11 10:13:14.556 [PAYMENT-SERVICE] [main] INFO  [SpringApplication.java:654] com.icwd.payment.PaymentServiceApplication - No active profile set, falling back to 1 default profile: "default"
2026-08-11 10:13:15.548 [PAYMENT-SERVICE] [main] INFO  [RepositoryConfigurationDelegate.java:143] o.s.data.repository.config.RepositoryConfigurationDelegate - Bootstrapping Spring Data JPA repositories in DEFAULT mode.
2026-08-11 10:13:15.674 [PAYMENT-SERVICE] [main] INFO  [RepositoryConfigurationDelegate.java:211] o.s.data.repository.config.RepositoryConfigurationDelegate - Finished Spring Data repository scanning in 119 ms. Found 1 JPA repository interface.
2026-08-11 10:13:15.911 [PAYMENT-SERVICE] [main] INFO  [GenericScope.java:282] org.springframework.cloud.context.scope.GenericScope - BeanFactory id=6f29f2d4-c51b-3413-a7d7-eb25258e92ad
2026-08-11 10:13:16.186 [PAYMENT-SERVICE] [main] WARN  [PostProcessorRegistrationDelegate.java:429] o.s.c.s.PostProcessorRegistrationDelegate$BeanPostProcessorChecker - Bean 'org.springframework.cloud.client.loadbalancer.LoadBalancerAutoConfiguration$DeferringLoadBalancerInterceptorConfig' of type [org.springframework.cloud.client.loadbalancer.LoadBalancerAutoConfiguration$DeferringLoadBalancerInterceptorConfig] is not eligible for getting processed by all BeanPostProcessors (for example: not eligible for auto-proxying). The currently created BeanPostProcessor [lbRestClientPostProcessor] is declared through a non-static factory method on that class; consider declaring it as static instead.
2026-08-11 10:13:16.189 [PAYMENT-SERVICE] [main] WARN  [PostProcessorRegistrationDelegate.java:437] o.s.c.s.PostProcessorRegistrationDelegate$BeanPostProcessorChecker - Bean 'deferringLoadBalancerInterceptor' of type [org.springframework.cloud.client.loadbalancer.DeferringLoadBalancerInterceptor] is not eligible for getting processed by all BeanPostProcessors (for example: not eligible for auto-proxying). Is this bean getting eagerly injected into a currently created BeanPostProcessor [lbRestClientPostProcessor]? Check the corresponding BeanPostProcessor declaration and its dependencies.
2026-08-11 10:13:16.438 [PAYMENT-SERVICE] [main] INFO  [TomcatWebServer.java:111] o.springframework.boot.web.embedded.tomcat.TomcatWebServer - Tomcat initialized with port 8085 (http)
2026-08-11 10:13:16.458 [PAYMENT-SERVICE] [main] INFO  [DirectJDKLog.java:173] org.apache.coyote.http11.Http11NioProtocol - Initializing ProtocolHandler ["http-nio-8085"]
2026-08-11 10:13:16.461 [PAYMENT-SERVICE] [main] INFO  [DirectJDKLog.java:173] org.apache.catalina.core.StandardService - Starting service [Tomcat]
2026-08-11 10:13:16.461 [PAYMENT-SERVICE] [main] INFO  [DirectJDKLog.java:173] org.apache.catalina.core.StandardEngine - Starting Servlet engine: [Apache Tomcat/10.1.30]
2026-08-11 10:13:16.531 [PAYMENT-SERVICE] [main] INFO  [DirectJDKLog.java:173] o.a.catalina.core.ContainerBase.[Tomcat].[localhost].[/] - Initializing Spring embedded WebApplicationContext
2026-08-11 10:13:16.531 [PAYMENT-SERVICE] [main] INFO  [ServletWebServerApplicationContext.java:296] o.s.b.web.servlet.context.ServletWebServerApplicationContext - Root WebApplicationContext: initialization completed in 1920 ms
2026-08-11 10:13:16.884 [PAYMENT-SERVICE] [main] INFO  [LogHelper.java:31] org.hibernate.jpa.internal.util.LogHelper - HHH000204: Processing PersistenceUnitInfo [name: default]
2026-08-11 10:13:16.935 [PAYMENT-SERVICE] [main] INFO  [Version.java:44] org.hibernate.Version - HHH000412: Hibernate ORM core version 6.5.3.Final
2026-08-11 10:13:16.964 [PAYMENT-SERVICE] [main] INFO  [RegionFactoryInitiator.java:50] org.hibernate.cache.internal.RegionFactoryInitiator - HHH000026: Second-level cache disabled
2026-08-11 10:13:17.204 [PAYMENT-SERVICE] [main] INFO  [SpringPersistenceUnitInfo.java:87] o.s.orm.jpa.persistenceunit.SpringPersistenceUnitInfo - No LoadTimeWeaver setup: ignoring JPA class transformer
2026-08-11 10:13:17.228 [PAYMENT-SERVICE] [main] INFO  [HikariDataSource.java:109] com.zaxxer.hikari.HikariDataSource - HikariPool-1 - Starting...
2026-08-11 10:13:17.371 [PAYMENT-SERVICE] [main] INFO  [HikariPool.java:554] com.zaxxer.hikari.pool.HikariPool - HikariPool-1 - Added connection com.mysql.cj.jdbc.ConnectionImpl@1cdad619
2026-08-11 10:13:17.373 [PAYMENT-SERVICE] [main] INFO  [HikariDataSource.java:122] com.zaxxer.hikari.HikariDataSource - HikariPool-1 - Start completed.
2026-08-11 10:13:17.430 [PAYMENT-SERVICE] [main] WARN  [DialectFactoryImpl.java:153] org.hibernate.orm.deprecation - HHH90000025: MySQLDialect does not need to be specified explicitly using 'hibernate.dialect' (remove the property setting and it will be selected by default)
2026-08-11 10:13:18.166 [PAYMENT-SERVICE] [main] INFO  [JtaPlatformInitiator.java:59] o.h.e.transaction.jta.platform.internal.JtaPlatformInitiator - HHH000489: No JTA platform available (set 'hibernate.transaction.jta.platform' to enable JTA platform integration)
2026-08-11 10:13:18.287 [PAYMENT-SERVICE] [main] INFO  [AbstractEntityManagerFactoryBean.java:437] o.s.orm.jpa.LocalContainerEntityManagerFactoryBean - Initialized JPA EntityManagerFactory for persistence unit 'default'
2026-08-11 10:13:18.802 [PAYMENT-SERVICE] [main] INFO  [FeignClientFactoryBean.java:468] org.springframework.cloud.openfeign.FeignClientFactoryBean - For 'BOOKING-SERVICE' URL not provided. Will try picking an instance via load-balancing.
2026-08-11 10:13:18.848 [PAYMENT-SERVICE] [main] INFO  [RazorpayConfig.java:23] com.icwd.payment.config.RazorpayConfig - Initializing Razorpay client
2026-08-11 10:13:19.038 [PAYMENT-SERVICE] [main] INFO  [RazorpayConfig.java:33] com.icwd.payment.config.RazorpayConfig - Razorpay client initialized successfully
2026-08-11 10:13:19.759 [PAYMENT-SERVICE] [main] INFO  [DiscoveryClientOptionalArgsConfiguration.java:80] o.s.c.n.e.config.DiscoveryClientOptionalArgsConfiguration - Eureka HTTP Client uses RestTemplate.
2026-08-11 10:13:19.802 [PAYMENT-SERVICE] [main] WARN  [LoadBalancerCacheAutoConfiguration.java:94] o.s.c.l.c.LoadBalancerCacheAutoConfiguration$LoadBalancerCaffeineWarnLogger - Spring Cloud LoadBalancer is currently working with the default cache. While this cache implementation is useful for development and tests, it's recommended to use Caffeine cache in production.You can switch to using Caffeine cache, by adding it and org.springframework.cache.caffeine.CaffeineCacheManager to the classpath.
2026-08-11 10:13:19.823 [PAYMENT-SERVICE] [main] INFO  [EndpointLinksResolver.java:60] o.s.boot.actuate.endpoint.web.EndpointLinksResolver - Exposing 2 endpoints beneath base path '/actuator'
2026-08-11 10:13:19.887 [PAYMENT-SERVICE] [main] INFO  [InstanceInfoFactory.java:67] o.springframework.cloud.netflix.eureka.InstanceInfoFactory - Setting initial instance status as: STARTING
2026-08-11 10:13:19.907 [PAYMENT-SERVICE] [main] INFO  [DiscoveryClient.java:329] com.netflix.discovery.DiscoveryClient - Initializing Eureka in region us-east-1
2026-08-11 10:13:19.912 [PAYMENT-SERVICE] [main] INFO  [ConfigClusterResolver.java:43] c.n.discovery.shared.resolver.aws.ConfigClusterResolver - Resolving eureka endpoints via configuration
2026-08-11 10:13:19.919 [PAYMENT-SERVICE] [main] INFO  [DiscoveryClient.java:954] com.netflix.discovery.DiscoveryClient - Disable delta property : false
2026-08-11 10:13:19.920 [PAYMENT-SERVICE] [main] INFO  [DiscoveryClient.java:955] com.netflix.discovery.DiscoveryClient - Single vip registry refresh property : null
2026-08-11 10:13:19.920 [PAYMENT-SERVICE] [main] INFO  [DiscoveryClient.java:956] com.netflix.discovery.DiscoveryClient - Force full registry fetch : false
2026-08-11 10:13:19.920 [PAYMENT-SERVICE] [main] INFO  [DiscoveryClient.java:957] com.netflix.discovery.DiscoveryClient - Application is null : false
2026-08-11 10:13:19.920 [PAYMENT-SERVICE] [main] INFO  [DiscoveryClient.java:958] com.netflix.discovery.DiscoveryClient - Registered Applications size is zero : true
2026-08-11 10:13:19.920 [PAYMENT-SERVICE] [main] INFO  [DiscoveryClient.java:960] com.netflix.discovery.DiscoveryClient - Application version is -1: true
2026-08-11 10:13:19.920 [PAYMENT-SERVICE] [main] INFO  [DiscoveryClient.java:1042] com.netflix.discovery.DiscoveryClient - Getting all instance registry info from the eureka server
2026-08-11 10:13:20.218 [PAYMENT-SERVICE] [main] INFO  [DiscoveryClient.java:1051] com.netflix.discovery.DiscoveryClient - The response status is 200
2026-08-11 10:13:20.220 [PAYMENT-SERVICE] [main] INFO  [DiscoveryClient.java:1266] com.netflix.discovery.DiscoveryClient - Starting heartbeat executor: renew interval is: 30
2026-08-11 10:13:20.222 [PAYMENT-SERVICE] [main] INFO  [InstanceInfoReplicator.java:64] com.netflix.discovery.InstanceInfoReplicator - InstanceInfoReplicator onDemand update allowed rate per min is 4
2026-08-11 10:13:20.224 [PAYMENT-SERVICE] [main] INFO  [DiscoveryClient.java:455] com.netflix.discovery.DiscoveryClient - Discovery Client initialized at timestamp 1786423400223 with initial instances count: 2
2026-08-11 10:13:20.231 [PAYMENT-SERVICE] [main] INFO  [EurekaServiceRegistry.java:70] o.s.c.netflix.eureka.serviceregistry.EurekaServiceRegistry - Registering application PAYMENT-SERVICE with eureka with status UP
2026-08-11 10:13:20.232 [PAYMENT-SERVICE] [main] INFO  [DiscoveryClient.java:1297] com.netflix.discovery.DiscoveryClient - Saw local status change event StatusChangeEvent [timestamp=1786423400232, current=UP, previous=STARTING]
2026-08-11 10:13:20.233 [PAYMENT-SERVICE] [main] WARN  [InstanceInfoReplicator.java:114] com.netflix.discovery.InstanceInfoReplicator - Ignoring onDemand update due to rate limiter
2026-08-11 10:13:20.233 [PAYMENT-SERVICE] [DiscoveryClient-InstanceInfoReplicator-%d] INFO  [DiscoveryClient.java:825] com.netflix.discovery.DiscoveryClient - DiscoveryClient_PAYMENT-SERVICE/PAYMENT-SERVICE:8085: registering service...
2026-08-11 10:13:20.234 [PAYMENT-SERVICE] [main] INFO  [DirectJDKLog.java:173] org.apache.coyote.http11.Http11NioProtocol - Starting ProtocolHandler ["http-nio-8085"]
2026-08-11 10:13:20.255 [PAYMENT-SERVICE] [main] INFO  [TomcatWebServer.java:243] o.springframework.boot.web.embedded.tomcat.TomcatWebServer - Tomcat started on port 8085 (http) with context path '/'
2026-08-11 10:13:20.255 [PAYMENT-SERVICE] [main] INFO  [EurekaAutoServiceRegistration.java:150] o.s.c.n.eureka.serviceregistry.EurekaAutoServiceRegistration - Updating port to 8085
2026-08-11 10:13:20.276 [PAYMENT-SERVICE] [DiscoveryClient-InstanceInfoReplicator-%d] INFO  [DiscoveryClient.java:834] com.netflix.discovery.DiscoveryClient - DiscoveryClient_PAYMENT-SERVICE/PAYMENT-SERVICE:8085 - registration status: 204
2026-08-11 10:13:20.280 [PAYMENT-SERVICE] [main] INFO  [StartupInfoLogger.java:56] com.icwd.payment.PaymentServiceApplication - Started PaymentServiceApplication in 6.531 seconds (process running for 7.124)
2026-08-11 10:18:23.907 [PAYMENT-SERVICE] [AsyncResolver-bootstrap-executor-%d] INFO  [ConfigClusterResolver.java:43] c.n.discovery.shared.resolver.aws.ConfigClusterResolver - Resolving eureka endpoints via configuration
2026-08-11 10:23:24.952 [PAYMENT-SERVICE] [AsyncResolver-bootstrap-executor-%d] INFO  [ConfigClusterResolver.java:43] c.n.discovery.shared.resolver.aws.ConfigClusterResolver - Resolving eureka endpoints via configuration
2026-08-11 10:28:25.010 [PAYMENT-SERVICE] [AsyncResolver-bootstrap-executor-%d] INFO  [ConfigClusterResolver.java:43] c.n.discovery.shared.resolver.aws.ConfigClusterResolver - Resolving eureka endpoints via configuration
2026-08-11 10:33:25.018 [PAYMENT-SERVICE] [AsyncResolver-bootstrap-executor-%d] INFO  [ConfigClusterResolver.java:43] c.n.discovery.shared.resolver.aws.ConfigClusterResolver - Resolving eureka endpoints via configuration
2026-08-11 10:38:25.033 [PAYMENT-SERVICE] [AsyncResolver-bootstrap-executor-%d] INFO  [ConfigClusterResolver.java:43] c.n.discovery.shared.resolver.aws.ConfigClusterResolver - Resolving eureka endpoints via configuration
2026-08-11 10:43:25.067 [PAYMENT-SERVICE] [AsyncResolver-bootstrap-executor-%d] INFO  [ConfigClusterResolver.java:43] c.n.discovery.shared.resolver.aws.ConfigClusterResolver - Resolving eureka endpoints via configuration
2026-08-11 10:48:25.070 [PAYMENT-SERVICE] [AsyncResolver-bootstrap-executor-%d] INFO  [ConfigClusterResolver.java:43] c.n.discovery.shared.resolver.aws.ConfigClusterResolver - Resolving eureka endpoints via configuration
2026-08-11 10:53:25.073 [PAYMENT-SERVICE] [AsyncResolver-bootstrap-executor-%d] INFO  [ConfigClusterResolver.java:43] c.n.discovery.shared.resolver.aws.ConfigClusterResolver - Resolving eureka endpoints via configuration
2026-08-11 10:58:25.080 [PAYMENT-SERVICE] [AsyncResolver-bootstrap-executor-%d] INFO  [ConfigClusterResolver.java:43] c.n.discovery.shared.resolver.aws.ConfigClusterResolver - Resolving eureka endpoints via configuration
2026-08-11 11:03:25.092 [PAYMENT-SERVICE] [AsyncResolver-bootstrap-executor-%d] INFO  [ConfigClusterResolver.java:43] c.n.discovery.shared.resolver.aws.ConfigClusterResolver - Resolving eureka endpoints via configuration
2026-08-11 11:08:25.099 [PAYMENT-SERVICE] [AsyncResolver-bootstrap-executor-%d] INFO  [ConfigClusterResolver.java:43] c.n.discovery.shared.resolver.aws.ConfigClusterResolver - Resolving eureka endpoints via configuration
2026-08-11 11:13:25.103 [PAYMENT-SERVICE] [AsyncResolver-bootstrap-executor-%d] INFO  [ConfigClusterResolver.java:43] c.n.discovery.shared.resolver.aws.ConfigClusterResolver - Resolving eureka endpoints via configuration
2026-08-11 11:18:25.105 [PAYMENT-SERVICE] [AsyncResolver-bootstrap-executor-%d] INFO  [ConfigClusterResolver.java:43] c.n.discovery.shared.resolver.aws.ConfigClusterResolver - Resolving eureka endpoints via configuration
2026-08-11 11:23:25.112 [PAYMENT-SERVICE] [AsyncResolver-bootstrap-executor-%d] INFO  [ConfigClusterResolver.java:43] c.n.discovery.shared.resolver.aws.ConfigClusterResolver - Resolving eureka endpoints via configuration
2026-08-11 11:28:25.123 [PAYMENT-SERVICE] [AsyncResolver-bootstrap-executor-%d] INFO  [ConfigClusterResolver.java:43] c.n.discovery.shared.resolver.aws.ConfigClusterResolver - Resolving eureka endpoints via configuration
2026-08-11 11:33:25.138 [PAYMENT-SERVICE] [AsyncResolver-bootstrap-executor-%d] INFO  [ConfigClusterResolver.java:43] c.n.discovery.shared.resolver.aws.ConfigClusterResolver - Resolving eureka endpoints via configuration
2026-08-11 11:38:25.143 [PAYMENT-SERVICE] [AsyncResolver-bootstrap-executor-%d] INFO  [ConfigClusterResolver.java:43] c.n.discovery.shared.resolver.aws.ConfigClusterResolver - Resolving eureka endpoints via configuration
2026-08-11 11:43:25.150 [PAYMENT-SERVICE] [AsyncResolver-bootstrap-executor-%d] INFO  [ConfigClusterResolver.java:43] c.n.discovery.shared.resolver.aws.ConfigClusterResolver - Resolving eureka endpoints via configuration
2026-08-11 11:48:25.151 [PAYMENT-SERVICE] [AsyncResolver-bootstrap-executor-%d] INFO  [ConfigClusterResolver.java:43] c.n.discovery.shared.resolver.aws.ConfigClusterResolver - Resolving eureka endpoints via configuration
2026-08-11 11:53:25.157 [PAYMENT-SERVICE] [AsyncResolver-bootstrap-executor-%d] INFO  [ConfigClusterResolver.java:43] c.n.discovery.shared.resolver.aws.ConfigClusterResolver - Resolving eureka endpoints via configuration
2026-08-11 11:58:25.170 [PAYMENT-SERVICE] [AsyncResolver-bootstrap-executor-%d] INFO  [ConfigClusterResolver.java:43] c.n.discovery.shared.resolver.aws.ConfigClusterResolver - Resolving eureka endpoints via configuration
2026-08-11 12:03:25.185 [PAYMENT-SERVICE] [AsyncResolver-bootstrap-executor-%d] INFO  [ConfigClusterResolver.java:43] c.n.discovery.shared.resolver.aws.ConfigClusterResolver - Resolving eureka endpoints via configuration
2026-08-11 12:08:25.196 [PAYMENT-SERVICE] [AsyncResolver-bootstrap-executor-%d] INFO  [ConfigClusterResolver.java:43] c.n.discovery.shared.resolver.aws.ConfigClusterResolver - Resolving eureka endpoints via configuration
2026-08-11 12:13:25.204 [PAYMENT-SERVICE] [AsyncResolver-bootstrap-executor-%d] INFO  [ConfigClusterResolver.java:43] c.n.discovery.shared.resolver.aws.ConfigClusterResolver - Resolving eureka endpoints via configuration
2026-08-11 12:18:25.212 [PAYMENT-SERVICE] [AsyncResolver-bootstrap-executor-%d] INFO  [ConfigClusterResolver.java:43] c.n.discovery.shared.resolver.aws.ConfigClusterResolver - Resolving eureka endpoints via configuration
2026-08-11 12:23:25.214 [PAYMENT-SERVICE] [AsyncResolver-bootstrap-executor-%d] INFO  [ConfigClusterResolver.java:43] c.n.discovery.shared.resolver.aws.ConfigClusterResolver - Resolving eureka endpoints via configuration
2026-08-11 12:28:25.218 [PAYMENT-SERVICE] [AsyncResolver-bootstrap-executor-%d] INFO  [ConfigClusterResolver.java:43] c.n.discovery.shared.resolver.aws.ConfigClusterResolver - Resolving eureka endpoints via configuration
2026-08-11 12:33:25.224 [PAYMENT-SERVICE] [AsyncResolver-bootstrap-executor-%d] INFO  [ConfigClusterResolver.java:43] c.n.discovery.shared.resolver.aws.ConfigClusterResolver - Resolving eureka endpoints via configuration
2026-08-11 12:38:25.233 [PAYMENT-SERVICE] [AsyncResolver-bootstrap-executor-%d] INFO  [ConfigClusterResolver.java:43] c.n.discovery.shared.resolver.aws.ConfigClusterResolver - Resolving eureka endpoints via configuration
2026-08-11 12:43:25.249 [PAYMENT-SERVICE] [AsyncResolver-bootstrap-executor-%d] INFO  [ConfigClusterResolver.java:43] c.n.discovery.shared.resolver.aws.ConfigClusterResolver - Resolving eureka endpoints via configuration
2026-08-11 12:48:25.353 [PAYMENT-SERVICE] [AsyncResolver-bootstrap-executor-%d] INFO  [ConfigClusterResolver.java:43] c.n.discovery.shared.resolver.aws.ConfigClusterResolver - Resolving eureka endpoints via configuration
2026-08-11 12:53:25.398 [PAYMENT-SERVICE] [AsyncResolver-bootstrap-executor-%d] INFO  [ConfigClusterResolver.java:43] c.n.discovery.shared.resolver.aws.ConfigClusterResolver - Resolving eureka endpoints via configuration
2026-08-11 12:58:25.435 [PAYMENT-SERVICE] [AsyncResolver-bootstrap-executor-%d] INFO  [ConfigClusterResolver.java:43] c.n.discovery.shared.resolver.aws.ConfigClusterResolver - Resolving eureka endpoints via configuration
2026-08-11 13:03:25.441 [PAYMENT-SERVICE] [AsyncResolver-bootstrap-executor-%d] INFO  [ConfigClusterResolver.java:43] c.n.discovery.shared.resolver.aws.ConfigClusterResolver - Resolving eureka endpoints via configuration
2026-08-11 13:08:25.453 [PAYMENT-SERVICE] [AsyncResolver-bootstrap-executor-%d] INFO  [ConfigClusterResolver.java:43] c.n.discovery.shared.resolver.aws.ConfigClusterResolver - Resolving eureka endpoints via configuration
2026-08-11 13:13:25.470 [PAYMENT-SERVICE] [AsyncResolver-bootstrap-executor-%d] INFO  [ConfigClusterResolver.java:43] c.n.discovery.shared.resolver.aws.ConfigClusterResolver - Resolving eureka endpoints via configuration
2026-08-11 13:18:25.474 [PAYMENT-SERVICE] [AsyncResolver-bootstrap-executor-%d] INFO  [ConfigClusterResolver.java:43] c.n.discovery.shared.resolver.aws.ConfigClusterResolver - Resolving eureka endpoints via configuration
2026-08-11 13:23:25.490 [PAYMENT-SERVICE] [AsyncResolver-bootstrap-executor-%d] INFO  [ConfigClusterResolver.java:43] c.n.discovery.shared.resolver.aws.ConfigClusterResolver - Resolving eureka endpoints via configuration
2026-08-11 13:28:25.495 [PAYMENT-SERVICE] [AsyncResolver-bootstrap-executor-%d] INFO  [ConfigClusterResolver.java:43] c.n.discovery.shared.resolver.aws.ConfigClusterResolver - Resolving eureka endpoints via configuration
2026-08-11 13:33:25.506 [PAYMENT-SERVICE] [AsyncResolver-bootstrap-executor-%d] INFO  [ConfigClusterResolver.java:43] c.n.discovery.shared.resolver.aws.ConfigClusterResolver - Resolving eureka endpoints via configuration
2026-08-11 13:38:25.507 [PAYMENT-SERVICE] [AsyncResolver-bootstrap-executor-%d] INFO  [ConfigClusterResolver.java:43] c.n.discovery.shared.resolver.aws.ConfigClusterResolver - Resolving eureka endpoints via configuration
2026-08-11 13:43:25.529 [PAYMENT-SERVICE] [AsyncResolver-bootstrap-executor-%d] INFO  [ConfigClusterResolver.java:43] c.n.discovery.shared.resolver.aws.ConfigClusterResolver - Resolving eureka endpoints via configuration
2026-08-11 13:48:25.536 [PAYMENT-SERVICE] [AsyncResolver-bootstrap-executor-%d] INFO  [ConfigClusterResolver.java:43] c.n.discovery.shared.resolver.aws.ConfigClusterResolver - Resolving eureka endpoints via configuration
2026-08-11 13:52:51.815 [PAYMENT-SERVICE] [HikariPool-1 housekeeper] WARN  [HikariPool.java:797] com.zaxxer.hikari.pool.HikariPool - HikariPool-1 - Thread starvation or clock leap detected (housekeeper delta=1m57s381ms747µs299ns).
