2026-08-10 01:16:45.116 [ROOM-SERVICE] [http-nio-8089-exec-1] INFO  [RoomServiceRequestController.java:48] c.icwd.RoomService.controller.RoomServiceRequestController - Received request to fetch all room service requests
2026-08-10 01:16:47.831 [ROOM-SERVICE] [http-nio-8089-exec-2] INFO  [RoomServiceRequestController.java:48] c.icwd.RoomService.controller.RoomServiceRequestController - Received request to fetch all room service requests
2026-08-10 01:16:56.693 [ROOM-SERVICE] [http-nio-8089-exec-1] DEBUG [RoomServiceRequestController.java:55] c.icwd.RoomService.controller.RoomServiceRequestController - Fetched all room service requests successfully. count=50
2026-08-10 01:16:56.698 [ROOM-SERVICE] [http-nio-8089-exec-2] DEBUG [RoomServiceRequestController.java:55] c.icwd.RoomService.controller.RoomServiceRequestController - Fetched all room service requests successfully. count=50
2026-08-10 01:16:56.789 [ROOM-SERVICE] [http-nio-8089-exec-6] INFO  [RoomServiceRequestController.java:48] c.icwd.RoomService.controller.RoomServiceRequestController - Received request to fetch all room service requests
2026-08-10 01:16:56.890 [ROOM-SERVICE] [http-nio-8089-exec-6] DEBUG [RoomServiceRequestController.java:55] c.icwd.RoomService.controller.RoomServiceRequestController - Fetched all room service requests successfully. count=50
2026-08-10 01:16:56.900 [ROOM-SERVICE] [http-nio-8089-exec-7] INFO  [RoomServiceRequestController.java:48] c.icwd.RoomService.controller.RoomServiceRequestController - Received request to fetch all room service requests
2026-08-10 01:16:56.983 [ROOM-SERVICE] [http-nio-8089-exec-7] DEBUG [RoomServiceRequestController.java:55] c.icwd.RoomService.controller.RoomServiceRequestController - Fetched all room service requests successfully. count=50
2026-08-10 01:16:56.994 [ROOM-SERVICE] [http-nio-8089-exec-8] INFO  [RoomServiceRequestController.java:48] c.icwd.RoomService.controller.RoomServiceRequestController - Received request to fetch all room service requests
2026-08-10 01:16:57.094 [ROOM-SERVICE] [http-nio-8089-exec-8] DEBUG [RoomServiceRequestController.java:55] c.icwd.RoomService.controller.RoomServiceRequestController - Fetched all room service requests successfully. count=50
2026-08-10 01:16:57.108 [ROOM-SERVICE] [http-nio-8089-exec-3] INFO  [RoomServiceRequestController.java:48] c.icwd.RoomService.controller.RoomServiceRequestController - Received request to fetch all room service requests
2026-08-10 01:16:57.212 [ROOM-SERVICE] [http-nio-8089-exec-3] DEBUG [RoomServiceRequestController.java:55] c.icwd.RoomService.controller.RoomServiceRequestController - Fetched all room service requests successfully. count=50
2026-08-10 01:19:50.925 [ROOM-SERVICE] [http-nio-8089-exec-9] INFO  [RoomServiceRequestController.java:48] c.icwd.RoomService.controller.RoomServiceRequestController - Received request to fetch all room service requests
2026-08-10 01:19:51.322 [ROOM-SERVICE] [http-nio-8089-exec-9] DEBUG [RoomServiceRequestController.java:55] c.icwd.RoomService.controller.RoomServiceRequestController - Fetched all room service requests successfully. count=50
2026-08-10 01:19:51.336 [ROOM-SERVICE] [http-nio-8089-exec-4] INFO  [RoomServiceRequestController.java:48] c.icwd.RoomService.controller.RoomServiceRequestController - Received request to fetch all room service requests
2026-08-10 01:19:51.393 [ROOM-SERVICE] [http-nio-8089-exec-4] DEBUG [RoomServiceRequestController.java:55] c.icwd.RoomService.controller.RoomServiceRequestController - Fetched all room service requests successfully. count=50
2026-08-10 01:20:35.890 [ROOM-SERVICE] [http-nio-8089-exec-1] INFO  [RoomServiceRequestController.java:48] c.icwd.RoomService.controller.RoomServiceRequestController - Received request to fetch all room service requests
2026-08-10 01:20:35.987 [ROOM-SERVICE] [http-nio-8089-exec-1] DEBUG [RoomServiceRequestController.java:55] c.icwd.RoomService.controller.RoomServiceRequestController - Fetched all room service requests successfully. count=50
2026-08-10 01:20:36.010 [ROOM-SERVICE] [http-nio-8089-exec-2] INFO  [RoomServiceRequestController.java:48] c.icwd.RoomService.controller.RoomServiceRequestController - Received request to fetch all room service requests
2026-08-10 01:20:36.115 [ROOM-SERVICE] [http-nio-8089-exec-2] DEBUG [RoomServiceRequestController.java:55] c.icwd.RoomService.controller.RoomServiceRequestController - Fetched all room service requests successfully. count=50
2026-08-10 01:21:05.979 [ROOM-SERVICE] [http-nio-8089-exec-6] INFO  [RoomServiceRequestController.java:48] c.icwd.RoomService.controller.RoomServiceRequestController - Received request to fetch all room service requests
2026-08-10 01:21:06.105 [ROOM-SERVICE] [http-nio-8089-exec-6] DEBUG [RoomServiceRequestController.java:55] c.icwd.RoomService.controller.RoomServiceRequestController - Fetched all room service requests successfully. count=50
2026-08-10 01:21:06.117 [ROOM-SERVICE] [http-nio-8089-exec-7] INFO  [RoomServiceRequestController.java:48] c.icwd.RoomService.controller.RoomServiceRequestController - Received request to fetch all room service requests
2026-08-10 01:21:06.169 [ROOM-SERVICE] [http-nio-8089-exec-7] DEBUG [RoomServiceRequestController.java:55] c.icwd.RoomService.controller.RoomServiceRequestController - Fetched all room service requests successfully. count=50
2026-08-10 01:32:21.583 [ROOM-SERVICE] [http-nio-8089-exec-3] INFO  [RoomServiceRequestController.java:48] c.icwd.RoomService.controller.RoomServiceRequestController - Received request to fetch all room service requests
2026-08-10 01:32:22.129 [ROOM-SERVICE] [http-nio-8089-exec-3] DEBUG [RoomServiceRequestController.java:55] c.icwd.RoomService.controller.RoomServiceRequestController - Fetched all room service requests successfully. count=50
2026-08-10 01:32:22.146 [ROOM-SERVICE] [http-nio-8089-exec-5] INFO  [RoomServiceRequestController.java:48] c.icwd.RoomService.controller.RoomServiceRequestController - Received request to fetch all room service requests
2026-08-10 01:32:22.197 [ROOM-SERVICE] [http-nio-8089-exec-5] DEBUG [RoomServiceRequestController.java:55] c.icwd.RoomService.controller.RoomServiceRequestController - Fetched all room service requests successfully. count=50
2026-08-10 01:32:55.102 [ROOM-SERVICE] [http-nio-8089-exec-10] INFO  [RoomServiceRequestController.java:48] c.icwd.RoomService.controller.RoomServiceRequestController - Received request to fetch all room service requests
2026-08-10 01:32:55.187 [ROOM-SERVICE] [http-nio-8089-exec-10] DEBUG [RoomServiceRequestController.java:55] c.icwd.RoomService.controller.RoomServiceRequestController - Fetched all room service requests successfully. count=50
2026-08-10 01:32:55.208 [ROOM-SERVICE] [http-nio-8089-exec-9] INFO  [RoomServiceRequestController.java:48] c.icwd.RoomService.controller.RoomServiceRequestController - Received request to fetch all room service requests
2026-08-10 01:32:55.259 [ROOM-SERVICE] [http-nio-8089-exec-9] DEBUG [RoomServiceRequestController.java:55] c.icwd.RoomService.controller.RoomServiceRequestController - Fetched all room service requests successfully. count=50
2026-08-10 01:33:08.501 [ROOM-SERVICE] [http-nio-8089-exec-4] INFO  [RoomServiceRequestController.java:48] c.icwd.RoomService.controller.RoomServiceRequestController - Received request to fetch all room service requests
2026-08-10 01:33:08.575 [ROOM-SERVICE] [http-nio-8089-exec-4] DEBUG [RoomServiceRequestController.java:55] c.icwd.RoomService.controller.RoomServiceRequestController - Fetched all room service requests successfully. count=50
2026-08-10 01:33:08.593 [ROOM-SERVICE] [http-nio-8089-exec-1] INFO  [RoomServiceRequestController.java:48] c.icwd.RoomService.controller.RoomServiceRequestController - Received request to fetch all room service requests
2026-08-10 01:33:08.640 [ROOM-SERVICE] [http-nio-8089-exec-1] DEBUG [RoomServiceRequestController.java:55] c.icwd.RoomService.controller.RoomServiceRequestController - Fetched all room service requests successfully. count=50
2026-08-10 01:33:14.569 [ROOM-SERVICE] [http-nio-8089-exec-2] INFO  [RoomServiceRequestController.java:48] c.icwd.RoomService.controller.RoomServiceRequestController - Received request to fetch all room service requests
2026-08-10 01:33:14.638 [ROOM-SERVICE] [http-nio-8089-exec-2] DEBUG [RoomServiceRequestController.java:55] c.icwd.RoomService.controller.RoomServiceRequestController - Fetched all room service requests successfully. count=50
2026-08-10 01:33:14.659 [ROOM-SERVICE] [http-nio-8089-exec-6] INFO  [RoomServiceRequestController.java:48] c.icwd.RoomService.controller.RoomServiceRequestController - Received request to fetch all room service requests
2026-08-10 01:33:14.693 [ROOM-SERVICE] [http-nio-8089-exec-6] DEBUG [RoomServiceRequestController.java:55] c.icwd.RoomService.controller.RoomServiceRequestController - Fetched all room service requests successfully. count=50
2026-08-10 01:33:48.106 [ROOM-SERVICE] [http-nio-8089-exec-7] INFO  [RoomServiceRequestController.java:48] c.icwd.RoomService.controller.RoomServiceRequestController - Received request to fetch all room service requests
2026-08-10 01:33:48.201 [ROOM-SERVICE] [http-nio-8089-exec-7] DEBUG [RoomServiceRequestController.java:55] c.icwd.RoomService.controller.RoomServiceRequestController - Fetched all room service requests successfully. count=50
2026-08-10 01:33:48.221 [ROOM-SERVICE] [http-nio-8089-exec-8] INFO  [RoomServiceRequestController.java:48] c.icwd.RoomService.controller.RoomServiceRequestController - Received request to fetch all room service requests
2026-08-10 01:33:48.286 [ROOM-SERVICE] [http-nio-8089-exec-8] DEBUG [RoomServiceRequestController.java:55] c.icwd.RoomService.controller.RoomServiceRequestController - Fetched all room service requests successfully. count=50
2026-08-10 02:15:29.567 [ROOM-SERVICE] [http-nio-8089-exec-5] INFO  [RoomServiceRequestController.java:48] c.icwd.RoomService.controller.RoomServiceRequestController - Received request to fetch all room service requests
2026-08-10 02:15:31.207 [ROOM-SERVICE] [http-nio-8089-exec-5] DEBUG [RoomServiceRequestController.java:55] c.icwd.RoomService.controller.RoomServiceRequestController - Fetched all room service requests successfully. count=50
2026-08-10 02:15:31.400 [ROOM-SERVICE] [http-nio-8089-exec-9] INFO  [RoomServiceRequestController.java:48] c.icwd.RoomService.controller.RoomServiceRequestController - Received request to fetch all room service requests
2026-08-10 02:15:32.002 [ROOM-SERVICE] [http-nio-8089-exec-9] DEBUG [RoomServiceRequestController.java:55] c.icwd.RoomService.controller.RoomServiceRequestController - Fetched all room service requests successfully. count=50
2026-08-10 02:15:33.266 [ROOM-SERVICE] [http-nio-8089-exec-10] INFO  [HotelServiceOfferingController.java:47] c.icwd.RoomService.controller.HotelServiceOfferingController - Received request to fetch all hotel service offerings
2026-08-10 02:15:36.276 [ROOM-SERVICE] [http-nio-8089-exec-10] DEBUG [HotelServiceOfferingController.java:54] c.icwd.RoomService.controller.HotelServiceOfferingController - Fetched all hotel service offerings successfully. count=50
2026-08-10 02:15:36.393 [ROOM-SERVICE] [http-nio-8089-exec-4] INFO  [HotelServiceOfferingController.java:47] c.icwd.RoomService.controller.HotelServiceOfferingController - Received request to fetch all hotel service offerings
2026-08-10 02:15:36.393 [ROOM-SERVICE] [http-nio-8089-exec-4] DEBUG [HotelServiceOfferingController.java:54] c.icwd.RoomService.controller.HotelServiceOfferingController - Fetched all hotel service offerings successfully. count=50
2026-08-10 02:15:36.483 [ROOM-SERVICE] [http-nio-8089-exec-1] INFO  [HotelServiceOfferingController.java:47] c.icwd.RoomService.controller.HotelServiceOfferingController - Received request to fetch all hotel service offerings
2026-08-10 02:15:36.483 [ROOM-SERVICE] [http-nio-8089-exec-1] DEBUG [HotelServiceOfferingController.java:54] c.icwd.RoomService.controller.HotelServiceOfferingController - Fetched all hotel service offerings successfully. count=50
2026-08-10 02:15:36.503 [ROOM-SERVICE] [http-nio-8089-exec-2] INFO  [HotelServiceOfferingController.java:47] c.icwd.RoomService.controller.HotelServiceOfferingController - Received request to fetch all hotel service offerings
2026-08-10 02:15:36.547 [ROOM-SERVICE] [http-nio-8089-exec-2] DEBUG [HotelServiceOfferingController.java:54] c.icwd.RoomService.controller.HotelServiceOfferingController - Fetched all hotel service offerings successfully. count=50
2026-08-10 02:28:15.970 [ROOM-SERVICE] [http-nio-8089-exec-8] INFO  [HotelServiceOfferingController.java:47] c.icwd.RoomService.controller.HotelServiceOfferingController - Received request to fetch all hotel service offerings
2026-08-10 02:28:15.978 [ROOM-SERVICE] [http-nio-8089-exec-8] DEBUG [HotelServiceOfferingController.java:54] c.icwd.RoomService.controller.HotelServiceOfferingController - Fetched all hotel service offerings successfully. count=50
2026-08-10 02:28:15.989 [ROOM-SERVICE] [http-nio-8089-exec-3] INFO  [HotelServiceOfferingController.java:47] c.icwd.RoomService.controller.HotelServiceOfferingController - Received request to fetch all hotel service offerings
2026-08-10 02:28:16.007 [ROOM-SERVICE] [http-nio-8089-exec-3] DEBUG [HotelServiceOfferingController.java:54] c.icwd.RoomService.controller.HotelServiceOfferingController - Fetched all hotel service offerings successfully. count=50
2026-08-10 02:28:17.462 [ROOM-SERVICE] [http-nio-8089-exec-5] INFO  [RoomServiceRequestController.java:48] c.icwd.RoomService.controller.RoomServiceRequestController - Received request to fetch all room service requests
2026-08-10 02:28:17.469 [ROOM-SERVICE] [http-nio-8089-exec-9] INFO  [HotelServiceOfferingController.java:47] c.icwd.RoomService.controller.HotelServiceOfferingController - Received request to fetch all hotel service offerings
2026-08-10 02:28:17.586 [ROOM-SERVICE] [http-nio-8089-exec-9] DEBUG [HotelServiceOfferingController.java:54] c.icwd.RoomService.controller.HotelServiceOfferingController - Fetched all hotel service offerings successfully. count=50
2026-08-10 02:28:17.614 [ROOM-SERVICE] [http-nio-8089-exec-10] INFO  [HotelServiceOfferingController.java:47] c.icwd.RoomService.controller.HotelServiceOfferingController - Received request to fetch all hotel service offerings
2026-08-10 02:28:17.760 [ROOM-SERVICE] [http-nio-8089-exec-10] DEBUG [HotelServiceOfferingController.java:54] c.icwd.RoomService.controller.HotelServiceOfferingController - Fetched all hotel service offerings successfully. count=50
2026-08-10 02:28:17.764 [ROOM-SERVICE] [http-nio-8089-exec-5] DEBUG [RoomServiceRequestController.java:55] c.icwd.RoomService.controller.RoomServiceRequestController - Fetched all room service requests successfully. count=50
2026-08-10 02:28:17.837 [ROOM-SERVICE] [http-nio-8089-exec-4] INFO  [RoomServiceRequestController.java:48] c.icwd.RoomService.controller.RoomServiceRequestController - Received request to fetch all room service requests
2026-08-10 02:28:18.002 [ROOM-SERVICE] [http-nio-8089-exec-4] DEBUG [RoomServiceRequestController.java:55] c.icwd.RoomService.controller.RoomServiceRequestController - Fetched all room service requests successfully. count=50
2026-08-10 02:29:00.316 [ROOM-SERVICE] [http-nio-8089-exec-1] INFO  [HotelServiceOfferingController.java:47] c.icwd.RoomService.controller.HotelServiceOfferingController - Received request to fetch all hotel service offerings
2026-08-10 02:29:00.334 [ROOM-SERVICE] [http-nio-8089-exec-1] DEBUG [HotelServiceOfferingController.java:54] c.icwd.RoomService.controller.HotelServiceOfferingController - Fetched all hotel service offerings successfully. count=50
2026-08-10 02:29:00.346 [ROOM-SERVICE] [http-nio-8089-exec-2] INFO  [HotelServiceOfferingController.java:47] c.icwd.RoomService.controller.HotelServiceOfferingController - Received request to fetch all hotel service offerings
2026-08-10 02:29:00.371 [ROOM-SERVICE] [http-nio-8089-exec-2] DEBUG [HotelServiceOfferingController.java:54] c.icwd.RoomService.controller.HotelServiceOfferingController - Fetched all hotel service offerings successfully. count=50
2026-08-10 02:52:36.041 [ROOM-SERVICE] [http-nio-8089-exec-8] INFO  [HotelServiceOfferingController.java:47] c.icwd.RoomService.controller.HotelServiceOfferingController - Received request to fetch all hotel service offerings
2026-08-10 02:52:36.286 [ROOM-SERVICE] [http-nio-8089-exec-8] DEBUG [HotelServiceOfferingController.java:54] c.icwd.RoomService.controller.HotelServiceOfferingController - Fetched all hotel service offerings successfully. count=50
2026-08-10 02:52:36.360 [ROOM-SERVICE] [http-nio-8089-exec-3] INFO  [HotelServiceOfferingController.java:47] c.icwd.RoomService.controller.HotelServiceOfferingController - Received request to fetch all hotel service offerings
2026-08-10 02:52:36.423 [ROOM-SERVICE] [http-nio-8089-exec-3] DEBUG [HotelServiceOfferingController.java:54] c.icwd.RoomService.controller.HotelServiceOfferingController - Fetched all hotel service offerings successfully. count=50
2026-08-10 02:52:38.202 [ROOM-SERVICE] [http-nio-8089-exec-9] INFO  [RoomServiceRequestController.java:48] c.icwd.RoomService.controller.RoomServiceRequestController - Received request to fetch all room service requests
2026-08-10 02:52:38.222 [ROOM-SERVICE] [http-nio-8089-exec-10] INFO  [HotelServiceOfferingController.java:47] c.icwd.RoomService.controller.HotelServiceOfferingController - Received request to fetch all hotel service offerings
2026-08-10 02:52:38.347 [ROOM-SERVICE] [http-nio-8089-exec-10] DEBUG [HotelServiceOfferingController.java:54] c.icwd.RoomService.controller.HotelServiceOfferingController - Fetched all hotel service offerings successfully. count=50
2026-08-10 02:52:38.363 [ROOM-SERVICE] [http-nio-8089-exec-5] INFO  [HotelServiceOfferingController.java:47] c.icwd.RoomService.controller.HotelServiceOfferingController - Received request to fetch all hotel service offerings
2026-08-10 02:52:38.432 [ROOM-SERVICE] [http-nio-8089-exec-5] DEBUG [HotelServiceOfferingController.java:54] c.icwd.RoomService.controller.HotelServiceOfferingController - Fetched all hotel service offerings successfully. count=50
2026-08-10 02:52:38.624 [ROOM-SERVICE] [http-nio-8089-exec-9] DEBUG [RoomServiceRequestController.java:55] c.icwd.RoomService.controller.RoomServiceRequestController - Fetched all room service requests successfully. count=50
2026-08-10 02:52:38.694 [ROOM-SERVICE] [http-nio-8089-exec-4] INFO  [RoomServiceRequestController.java:48] c.icwd.RoomService.controller.RoomServiceRequestController - Received request to fetch all room service requests
2026-08-10 02:52:38.987 [ROOM-SERVICE] [http-nio-8089-exec-4] DEBUG [RoomServiceRequestController.java:55] c.icwd.RoomService.controller.RoomServiceRequestController - Fetched all room service requests successfully. count=50
2026-08-10 02:52:42.946 [ROOM-SERVICE] [http-nio-8089-exec-1] INFO  [HotelServiceOfferingController.java:47] c.icwd.RoomService.controller.HotelServiceOfferingController - Received request to fetch all hotel service offerings
2026-08-10 02:52:42.972 [ROOM-SERVICE] [http-nio-8089-exec-1] DEBUG [HotelServiceOfferingController.java:54] c.icwd.RoomService.controller.HotelServiceOfferingController - Fetched all hotel service offerings successfully. count=50
2026-08-10 02:52:43.021 [ROOM-SERVICE] [http-nio-8089-exec-2] INFO  [HotelServiceOfferingController.java:47] c.icwd.RoomService.controller.HotelServiceOfferingController - Received request to fetch all hotel service offerings
2026-08-10 02:52:43.077 [ROOM-SERVICE] [http-nio-8089-exec-2] DEBUG [HotelServiceOfferingController.java:54] c.icwd.RoomService.controller.HotelServiceOfferingController - Fetched all hotel service offerings successfully. count=50
2026-08-10 02:52:44.089 [ROOM-SERVICE] [http-nio-8089-exec-6] INFO  [RoomServiceRequestController.java:48] c.icwd.RoomService.controller.RoomServiceRequestController - Received request to fetch all room service requests
2026-08-10 02:52:44.157 [ROOM-SERVICE] [http-nio-8089-exec-7] INFO  [HotelServiceOfferingController.java:47] c.icwd.RoomService.controller.HotelServiceOfferingController - Received request to fetch all hotel service offerings
2026-08-10 02:52:44.267 [ROOM-SERVICE] [http-nio-8089-exec-7] DEBUG [HotelServiceOfferingController.java:54] c.icwd.RoomService.controller.HotelServiceOfferingController - Fetched all hotel service offerings successfully. count=50
2026-08-10 02:52:44.402 [ROOM-SERVICE] [http-nio-8089-exec-8] INFO  [HotelServiceOfferingController.java:47] c.icwd.RoomService.controller.HotelServiceOfferingController - Received request to fetch all hotel service offerings
2026-08-10 02:52:44.534 [ROOM-SERVICE] [http-nio-8089-exec-8] DEBUG [HotelServiceOfferingController.java:54] c.icwd.RoomService.controller.HotelServiceOfferingController - Fetched all hotel service offerings successfully. count=50
2026-08-10 02:52:44.652 [ROOM-SERVICE] [http-nio-8089-exec-6] DEBUG [RoomServiceRequestController.java:55] c.icwd.RoomService.controller.RoomServiceRequestController - Fetched all room service requests successfully. count=50
2026-08-10 02:52:44.756 [ROOM-SERVICE] [http-nio-8089-exec-3] INFO  [RoomServiceRequestController.java:48] c.icwd.RoomService.controller.RoomServiceRequestController - Received request to fetch all room service requests
2026-08-10 02:52:45.007 [ROOM-SERVICE] [http-nio-8089-exec-3] DEBUG [RoomServiceRequestController.java:55] c.icwd.RoomService.controller.RoomServiceRequestController - Fetched all room service requests successfully. count=50
2026-08-10 15:50:18.675 [ROOM-SERVICE] [http-nio-8089-exec-4] INFO  [HotelServiceOfferingController.java:47] c.icwd.RoomService.controller.HotelServiceOfferingController - Received request to fetch all hotel service offerings
2026-08-10 15:50:18.682 [ROOM-SERVICE] [http-nio-8089-exec-1] INFO  [RoomServiceRequestController.java:48] c.icwd.RoomService.controller.RoomServiceRequestController - Received request to fetch all room service requests
2026-08-10 15:50:23.083 [ROOM-SERVICE] [http-nio-8089-exec-1] DEBUG [RoomServiceRequestController.java:55] c.icwd.RoomService.controller.RoomServiceRequestController - Fetched all room service requests successfully. count=50
2026-08-10 15:50:23.083 [ROOM-SERVICE] [http-nio-8089-exec-4] DEBUG [HotelServiceOfferingController.java:54] c.icwd.RoomService.controller.HotelServiceOfferingController - Fetched all hotel service offerings successfully. count=50
2026-08-10 15:50:23.567 [ROOM-SERVICE] [http-nio-8089-exec-4] INFO  [HotelServiceOfferingController.java:47] c.icwd.RoomService.controller.HotelServiceOfferingController - Received request to fetch all hotel service offerings
2026-08-10 15:50:23.571 [ROOM-SERVICE] [http-nio-8089-exec-1] INFO  [RoomServiceRequestController.java:48] c.icwd.RoomService.controller.RoomServiceRequestController - Received request to fetch all room service requests
2026-08-10 15:50:23.612 [ROOM-SERVICE] [http-nio-8089-exec-4] DEBUG [HotelServiceOfferingController.java:54] c.icwd.RoomService.controller.HotelServiceOfferingController - Fetched all hotel service offerings successfully. count=50
2026-08-10 15:50:23.878 [ROOM-SERVICE] [http-nio-8089-exec-1] DEBUG [RoomServiceRequestController.java:55] c.icwd.RoomService.controller.RoomServiceRequestController - Fetched all room service requests successfully. count=50
2026-08-10 15:57:04.315 [ROOM-SERVICE] [http-nio-8089-exec-9] INFO  [HotelServiceOfferingController.java:47] c.icwd.RoomService.controller.HotelServiceOfferingController - Received request to fetch all hotel service offerings
2026-08-10 15:57:04.325 [ROOM-SERVICE] [http-nio-8089-exec-9] DEBUG [HotelServiceOfferingController.java:54] c.icwd.RoomService.controller.HotelServiceOfferingController - Fetched all hotel service offerings successfully. count=50
2026-08-10 15:57:04.336 [ROOM-SERVICE] [http-nio-8089-exec-10] INFO  [HotelServiceOfferingController.java:47] c.icwd.RoomService.controller.HotelServiceOfferingController - Received request to fetch all hotel service offerings
2026-08-10 15:57:04.348 [ROOM-SERVICE] [http-nio-8089-exec-10] DEBUG [HotelServiceOfferingController.java:54] c.icwd.RoomService.controller.HotelServiceOfferingController - Fetched all hotel service offerings successfully. count=50
2026-08-10 15:57:05.875 [ROOM-SERVICE] [http-nio-8089-exec-3] INFO  [RoomServiceRequestController.java:48] c.icwd.RoomService.controller.RoomServiceRequestController - Received request to fetch all room service requests
2026-08-10 15:57:05.885 [ROOM-SERVICE] [http-nio-8089-exec-2] INFO  [HotelServiceOfferingController.java:47] c.icwd.RoomService.controller.HotelServiceOfferingController - Received request to fetch all hotel service offerings
2026-08-10 15:57:05.902 [ROOM-SERVICE] [http-nio-8089-exec-2] DEBUG [HotelServiceOfferingController.java:54] c.icwd.RoomService.controller.HotelServiceOfferingController - Fetched all hotel service offerings successfully. count=50
2026-08-10 15:57:05.917 [ROOM-SERVICE] [http-nio-8089-exec-4] INFO  [HotelServiceOfferingController.java:47] c.icwd.RoomService.controller.HotelServiceOfferingController - Received request to fetch all hotel service offerings
2026-08-10 15:57:05.926 [ROOM-SERVICE] [http-nio-8089-exec-4] DEBUG [HotelServiceOfferingController.java:54] c.icwd.RoomService.controller.HotelServiceOfferingController - Fetched all hotel service offerings successfully. count=50
2026-08-10 15:57:06.011 [ROOM-SERVICE] [http-nio-8089-exec-3] DEBUG [RoomServiceRequestController.java:55] c.icwd.RoomService.controller.RoomServiceRequestController - Fetched all room service requests successfully. count=50
2026-08-10 15:57:06.198 [ROOM-SERVICE] [http-nio-8089-exec-1] INFO  [RoomServiceRequestController.java:48] c.icwd.RoomService.controller.RoomServiceRequestController - Received request to fetch all room service requests
2026-08-10 15:57:06.264 [ROOM-SERVICE] [http-nio-8089-exec-1] DEBUG [RoomServiceRequestController.java:55] c.icwd.RoomService.controller.RoomServiceRequestController - Fetched all room service requests successfully. count=50
2026-08-10 16:19:51.905 [ROOM-SERVICE] [http-nio-8089-exec-8] INFO  [RoomServiceRequestController.java:48] c.icwd.RoomService.controller.RoomServiceRequestController - Received request to fetch all room service requests
2026-08-10 16:19:52.946 [ROOM-SERVICE] [http-nio-8089-exec-8] DEBUG [RoomServiceRequestController.java:55] c.icwd.RoomService.controller.RoomServiceRequestController - Fetched all room service requests successfully. count=50
2026-08-10 16:19:52.939 [ROOM-SERVICE] [http-nio-8089-exec-9] INFO  [HotelServiceOfferingController.java:47] c.icwd.RoomService.controller.HotelServiceOfferingController - Received request to fetch all hotel service offerings
2026-08-10 16:19:53.009 [ROOM-SERVICE] [http-nio-8089-exec-10] INFO  [RoomServiceRequestController.java:48] c.icwd.RoomService.controller.RoomServiceRequestController - Received request to fetch all room service requests
2026-08-10 16:19:53.144 [ROOM-SERVICE] [http-nio-8089-exec-9] DEBUG [HotelServiceOfferingController.java:54] c.icwd.RoomService.controller.HotelServiceOfferingController - Fetched all hotel service offerings successfully. count=50
2026-08-10 16:19:53.173 [ROOM-SERVICE] [http-nio-8089-exec-2] INFO  [HotelServiceOfferingController.java:47] c.icwd.RoomService.controller.HotelServiceOfferingController - Received request to fetch all hotel service offerings
2026-08-10 16:19:53.215 [ROOM-SERVICE] [http-nio-8089-exec-2] DEBUG [HotelServiceOfferingController.java:54] c.icwd.RoomService.controller.HotelServiceOfferingController - Fetched all hotel service offerings successfully. count=50
2026-08-10 16:19:53.589 [ROOM-SERVICE] [http-nio-8089-exec-10] DEBUG [RoomServiceRequestController.java:55] c.icwd.RoomService.controller.RoomServiceRequestController - Fetched all room service requests successfully. count=50
2026-08-10 16:19:54.251 [ROOM-SERVICE] [http-nio-8089-exec-7] INFO  [HotelServiceOfferingController.java:93] c.icwd.RoomService.controller.HotelServiceOfferingController - Received request to fetch hotel service offerings by hotel. hotelId=HTL-001
2026-08-10 16:19:54.884 [ROOM-SERVICE] [http-nio-8089-exec-7] DEBUG [HotelServiceOfferingController.java:101] c.icwd.RoomService.controller.HotelServiceOfferingController - Hotel service offerings fetched successfully for hotel. hotelId=HTL-001, count=0
2026-08-10 16:19:54.911 [ROOM-SERVICE] [http-nio-8089-exec-4] INFO  [HotelServiceOfferingController.java:93] c.icwd.RoomService.controller.HotelServiceOfferingController - Received request to fetch hotel service offerings by hotel. hotelId=HTL-001
2026-08-10 16:19:54.924 [ROOM-SERVICE] [http-nio-8089-exec-4] DEBUG [HotelServiceOfferingController.java:101] c.icwd.RoomService.controller.HotelServiceOfferingController - Hotel service offerings fetched successfully for hotel. hotelId=HTL-001, count=0
2026-08-10 16:27:48.267 [ROOM-SERVICE] [http-nio-8089-exec-6] INFO  [RoomServiceRequestController.java:48] c.icwd.RoomService.controller.RoomServiceRequestController - Received request to fetch all room service requests
2026-08-10 16:27:48.267 [ROOM-SERVICE] [http-nio-8089-exec-8] INFO  [HotelServiceOfferingController.java:47] c.icwd.RoomService.controller.HotelServiceOfferingController - Received request to fetch all hotel service offerings
2026-08-10 16:27:48.684 [ROOM-SERVICE] [http-nio-8089-exec-8] DEBUG [HotelServiceOfferingController.java:54] c.icwd.RoomService.controller.HotelServiceOfferingController - Fetched all hotel service offerings successfully. count=50
2026-08-10 16:27:48.704 [ROOM-SERVICE] [http-nio-8089-exec-9] INFO  [HotelServiceOfferingController.java:47] c.icwd.RoomService.controller.HotelServiceOfferingController - Received request to fetch all hotel service offerings
2026-08-10 16:27:48.749 [ROOM-SERVICE] [http-nio-8089-exec-9] DEBUG [HotelServiceOfferingController.java:54] c.icwd.RoomService.controller.HotelServiceOfferingController - Fetched all hotel service offerings successfully. count=50
2026-08-10 16:27:48.834 [ROOM-SERVICE] [http-nio-8089-exec-6] DEBUG [RoomServiceRequestController.java:55] c.icwd.RoomService.controller.RoomServiceRequestController - Fetched all room service requests successfully. count=50
2026-08-10 16:27:48.876 [ROOM-SERVICE] [http-nio-8089-exec-2] INFO  [RoomServiceRequestController.java:48] c.icwd.RoomService.controller.RoomServiceRequestController - Received request to fetch all room service requests
2026-08-10 16:27:49.508 [ROOM-SERVICE] [http-nio-8089-exec-2] DEBUG [RoomServiceRequestController.java:55] c.icwd.RoomService.controller.RoomServiceRequestController - Fetched all room service requests successfully. count=50
2026-08-10 16:28:23.670 [ROOM-SERVICE] [http-nio-8089-exec-10] INFO  [HotelServiceOfferingController.java:93] c.icwd.RoomService.controller.HotelServiceOfferingController - Received request to fetch hotel service offerings by hotel. hotelId=HTL001
2026-08-10 16:28:23.745 [ROOM-SERVICE] [http-nio-8089-exec-10] DEBUG [HotelServiceOfferingController.java:101] c.icwd.RoomService.controller.HotelServiceOfferingController - Hotel service offerings fetched successfully for hotel. hotelId=HTL001, count=5
2026-08-10 16:28:23.766 [ROOM-SERVICE] [http-nio-8089-exec-7] INFO  [HotelServiceOfferingController.java:93] c.icwd.RoomService.controller.HotelServiceOfferingController - Received request to fetch hotel service offerings by hotel. hotelId=HTL001
2026-08-10 16:28:23.787 [ROOM-SERVICE] [http-nio-8089-exec-7] DEBUG [HotelServiceOfferingController.java:101] c.icwd.RoomService.controller.HotelServiceOfferingController - Hotel service offerings fetched successfully for hotel. hotelId=HTL001, count=5
2026-08-10 16:28:24.713 [ROOM-SERVICE] [http-nio-8089-exec-4] INFO  [RoomServiceRequestController.java:48] c.icwd.RoomService.controller.RoomServiceRequestController - Received request to fetch all room service requests
2026-08-10 16:28:24.725 [ROOM-SERVICE] [http-nio-8089-exec-3] INFO  [HotelServiceOfferingController.java:47] c.icwd.RoomService.controller.HotelServiceOfferingController - Received request to fetch all hotel service offerings
2026-08-10 16:28:24.747 [ROOM-SERVICE] [http-nio-8089-exec-3] DEBUG [HotelServiceOfferingController.java:54] c.icwd.RoomService.controller.HotelServiceOfferingController - Fetched all hotel service offerings successfully. count=50
2026-08-10 16:28:24.774 [ROOM-SERVICE] [http-nio-8089-exec-1] INFO  [HotelServiceOfferingController.java:47] c.icwd.RoomService.controller.HotelServiceOfferingController - Received request to fetch all hotel service offerings
2026-08-10 16:28:24.784 [ROOM-SERVICE] [http-nio-8089-exec-1] DEBUG [HotelServiceOfferingController.java:54] c.icwd.RoomService.controller.HotelServiceOfferingController - Fetched all hotel service offerings successfully. count=50
2026-08-10 16:28:24.864 [ROOM-SERVICE] [http-nio-8089-exec-4] DEBUG [RoomServiceRequestController.java:55] c.icwd.RoomService.controller.RoomServiceRequestController - Fetched all room service requests successfully. count=50
2026-08-10 16:28:24.898 [ROOM-SERVICE] [http-nio-8089-exec-5] INFO  [RoomServiceRequestController.java:48] c.icwd.RoomService.controller.RoomServiceRequestController - Received request to fetch all room service requests
2026-08-10 16:28:25.079 [ROOM-SERVICE] [http-nio-8089-exec-5] DEBUG [RoomServiceRequestController.java:55] c.icwd.RoomService.controller.RoomServiceRequestController - Fetched all room service requests successfully. count=50
2026-08-10 16:57:11.015 [ROOM-SERVICE] [http-nio-8089-exec-6] INFO  [RoomServiceRequestController.java:48] c.icwd.RoomService.controller.RoomServiceRequestController - Received request to fetch all room service requests
2026-08-10 16:57:11.420 [ROOM-SERVICE] [http-nio-8089-exec-10] INFO  [HotelServiceOfferingController.java:93] c.icwd.RoomService.controller.HotelServiceOfferingController - Received request to fetch hotel service offerings by hotel. hotelId=HTL001
2026-08-10 16:57:11.005 [ROOM-SERVICE] [http-nio-8089-exec-2] INFO  [HotelServiceOfferingController.java:47] c.icwd.RoomService.controller.HotelServiceOfferingController - Received request to fetch all hotel service offerings
2026-08-10 16:57:17.236 [ROOM-SERVICE] [http-nio-8089-exec-10] DEBUG [HotelServiceOfferingController.java:101] c.icwd.RoomService.controller.HotelServiceOfferingController - Hotel service offerings fetched successfully for hotel. hotelId=HTL001, count=5
2026-08-10 16:57:17.302 [ROOM-SERVICE] [http-nio-8089-exec-2] DEBUG [HotelServiceOfferingController.java:54] c.icwd.RoomService.controller.HotelServiceOfferingController - Fetched all hotel service offerings successfully. count=50
2026-08-10 16:57:18.039 [ROOM-SERVICE] [http-nio-8089-exec-6] DEBUG [RoomServiceRequestController.java:55] c.icwd.RoomService.controller.RoomServiceRequestController - Fetched all room service requests successfully. count=50
2026-08-10 16:57:18.928 [ROOM-SERVICE] [http-nio-8089-exec-7] INFO  [HotelServiceOfferingController.java:93] c.icwd.RoomService.controller.HotelServiceOfferingController - Received request to fetch hotel service offerings by hotel. hotelId=HTL001
2026-08-10 16:57:18.935 [ROOM-SERVICE] [http-nio-8089-exec-7] DEBUG [HotelServiceOfferingController.java:101] c.icwd.RoomService.controller.HotelServiceOfferingController - Hotel service offerings fetched successfully for hotel. hotelId=HTL001, count=5
2026-08-10 16:57:19.379 [ROOM-SERVICE] [http-nio-8089-exec-3] INFO  [HotelServiceOfferingController.java:47] c.icwd.RoomService.controller.HotelServiceOfferingController - Received request to fetch all hotel service offerings
2026-08-10 16:57:19.414 [ROOM-SERVICE] [http-nio-8089-exec-6] INFO  [HotelServiceOfferingController.java:93] c.icwd.RoomService.controller.HotelServiceOfferingController - Received request to fetch hotel service offerings by hotel. hotelId=HTL001
2026-08-10 16:57:19.511 [ROOM-SERVICE] [http-nio-8089-exec-6] DEBUG [HotelServiceOfferingController.java:101] c.icwd.RoomService.controller.HotelServiceOfferingController - Hotel service offerings fetched successfully for hotel. hotelId=HTL001, count=5
2026-08-10 16:57:19.608 [ROOM-SERVICE] [http-nio-8089-exec-3] DEBUG [HotelServiceOfferingController.java:54] c.icwd.RoomService.controller.HotelServiceOfferingController - Fetched all hotel service offerings successfully. count=50
2026-08-10 16:57:34.066 [ROOM-SERVICE] [http-nio-8089-exec-4] INFO  [RoomServiceRequestController.java:48] c.icwd.RoomService.controller.RoomServiceRequestController - Received request to fetch all room service requests
2026-08-10 16:57:34.148 [ROOM-SERVICE] [http-nio-8089-exec-5] INFO  [RoomServiceRequestController.java:48] c.icwd.RoomService.controller.RoomServiceRequestController - Received request to fetch all room service requests
2026-08-10 16:57:34.239 [ROOM-SERVICE] [http-nio-8089-exec-5] DEBUG [RoomServiceRequestController.java:55] c.icwd.RoomService.controller.RoomServiceRequestController - Fetched all room service requests successfully. count=50
2026-08-10 16:57:34.309 [ROOM-SERVICE] [http-nio-8089-exec-4] DEBUG [RoomServiceRequestController.java:55] c.icwd.RoomService.controller.RoomServiceRequestController - Fetched all room service requests successfully. count=50
2026-08-10 16:57:34.336 [ROOM-SERVICE] [http-nio-8089-exec-8] INFO  [HotelServiceOfferingController.java:93] c.icwd.RoomService.controller.HotelServiceOfferingController - Received request to fetch hotel service offerings by hotel. hotelId=HTL001
2026-08-10 16:57:34.336 [ROOM-SERVICE] [http-nio-8089-exec-8] DEBUG [HotelServiceOfferingController.java:101] c.icwd.RoomService.controller.HotelServiceOfferingController - Hotel service offerings fetched successfully for hotel. hotelId=HTL001, count=5
2026-08-10 16:57:34.351 [ROOM-SERVICE] [http-nio-8089-exec-9] INFO  [HotelServiceOfferingController.java:47] c.icwd.RoomService.controller.HotelServiceOfferingController - Received request to fetch all hotel service offerings
2026-08-10 16:57:34.357 [ROOM-SERVICE] [http-nio-8089-exec-9] DEBUG [HotelServiceOfferingController.java:54] c.icwd.RoomService.controller.HotelServiceOfferingController - Fetched all hotel service offerings successfully. count=50
2026-08-10 16:57:37.517 [ROOM-SERVICE] [http-nio-8089-exec-2] INFO  [RoomServiceRequestController.java:48] c.icwd.RoomService.controller.RoomServiceRequestController - Received request to fetch all room service requests
2026-08-10 16:57:37.767 [ROOM-SERVICE] [http-nio-8089-exec-10] INFO  [HotelServiceOfferingController.java:47] c.icwd.RoomService.controller.HotelServiceOfferingController - Received request to fetch all hotel service offerings
2026-08-10 16:57:37.823 [ROOM-SERVICE] [http-nio-8089-exec-10] DEBUG [HotelServiceOfferingController.java:54] c.icwd.RoomService.controller.HotelServiceOfferingController - Fetched all hotel service offerings successfully. count=50
2026-08-10 16:57:37.941 [ROOM-SERVICE] [http-nio-8089-exec-2] DEBUG [RoomServiceRequestController.java:55] c.icwd.RoomService.controller.RoomServiceRequestController - Fetched all room service requests successfully. count=50
2026-08-10 16:57:55.141 [ROOM-SERVICE] [http-nio-8089-exec-7] INFO  [HotelServiceOfferingController.java:93] c.icwd.RoomService.controller.HotelServiceOfferingController - Received request to fetch hotel service offerings by hotel. hotelId=HTL001
2026-08-10 16:57:55.282 [ROOM-SERVICE] [http-nio-8089-exec-7] DEBUG [HotelServiceOfferingController.java:101] c.icwd.RoomService.controller.HotelServiceOfferingController - Hotel service offerings fetched successfully for hotel. hotelId=HTL001, count=5
2026-08-10 16:57:55.348 [ROOM-SERVICE] [http-nio-8089-exec-6] INFO  [HotelServiceOfferingController.java:93] c.icwd.RoomService.controller.HotelServiceOfferingController - Received request to fetch hotel service offerings by hotel. hotelId=HTL001
2026-08-10 16:57:55.356 [ROOM-SERVICE] [http-nio-8089-exec-6] DEBUG [HotelServiceOfferingController.java:101] c.icwd.RoomService.controller.HotelServiceOfferingController - Hotel service offerings fetched successfully for hotel. hotelId=HTL001, count=5
2026-08-10 16:57:57.384 [ROOM-SERVICE] [http-nio-8089-exec-3] INFO  [HotelServiceOfferingController.java:47] c.icwd.RoomService.controller.HotelServiceOfferingController - Received request to fetch all hotel service offerings
2026-08-10 16:57:57.380 [ROOM-SERVICE] [http-nio-8089-exec-1] INFO  [RoomServiceRequestController.java:48] c.icwd.RoomService.controller.RoomServiceRequestController - Received request to fetch all room service requests
2026-08-10 16:57:57.513 [ROOM-SERVICE] [http-nio-8089-exec-3] DEBUG [HotelServiceOfferingController.java:54] c.icwd.RoomService.controller.HotelServiceOfferingController - Fetched all hotel service offerings successfully. count=50
2026-08-10 16:57:57.524 [ROOM-SERVICE] [http-nio-8089-exec-5] INFO  [HotelServiceOfferingController.java:47] c.icwd.RoomService.controller.HotelServiceOfferingController - Received request to fetch all hotel service offerings
2026-08-10 16:57:57.531 [ROOM-SERVICE] [http-nio-8089-exec-5] DEBUG [HotelServiceOfferingController.java:54] c.icwd.RoomService.controller.HotelServiceOfferingController - Fetched all hotel service offerings successfully. count=50
2026-08-10 16:57:57.836 [ROOM-SERVICE] [http-nio-8089-exec-1] DEBUG [RoomServiceRequestController.java:55] c.icwd.RoomService.controller.RoomServiceRequestController - Fetched all room service requests successfully. count=50
2026-08-10 16:57:58.254 [ROOM-SERVICE] [http-nio-8089-exec-4] INFO  [RoomServiceRequestController.java:48] c.icwd.RoomService.controller.RoomServiceRequestController - Received request to fetch all room service requests
2026-08-10 16:57:58.728 [ROOM-SERVICE] [http-nio-8089-exec-4] DEBUG [RoomServiceRequestController.java:55] c.icwd.RoomService.controller.RoomServiceRequestController - Fetched all room service requests successfully. count=50
2026-08-10 17:18:16.613 [ROOM-SERVICE] [http-nio-8089-exec-2] INFO  [HotelServiceOfferingController.java:93] c.icwd.RoomService.controller.HotelServiceOfferingController - Received request to fetch hotel service offerings by hotel. hotelId=HTL001
2026-08-10 17:18:18.790 [ROOM-SERVICE] [http-nio-8089-exec-2] DEBUG [HotelServiceOfferingController.java:101] c.icwd.RoomService.controller.HotelServiceOfferingController - Hotel service offerings fetched successfully for hotel. hotelId=HTL001, count=5
2026-08-10 17:18:18.953 [ROOM-SERVICE] [http-nio-8089-exec-7] INFO  [HotelServiceOfferingController.java:93] c.icwd.RoomService.controller.HotelServiceOfferingController - Received request to fetch hotel service offerings by hotel. hotelId=HTL001
2026-08-10 17:18:18.990 [ROOM-SERVICE] [http-nio-8089-exec-7] DEBUG [HotelServiceOfferingController.java:101] c.icwd.RoomService.controller.HotelServiceOfferingController - Hotel service offerings fetched successfully for hotel. hotelId=HTL001, count=5
2026-08-10 17:18:20.988 [ROOM-SERVICE] [http-nio-8089-exec-6] INFO  [RoomServiceRequestController.java:48] c.icwd.RoomService.controller.RoomServiceRequestController - Received request to fetch all room service requests
2026-08-10 17:18:20.988 [ROOM-SERVICE] [http-nio-8089-exec-3] INFO  [HotelServiceOfferingController.java:47] c.icwd.RoomService.controller.HotelServiceOfferingController - Received request to fetch all hotel service offerings
2026-08-10 17:18:21.349 [ROOM-SERVICE] [http-nio-8089-exec-3] DEBUG [HotelServiceOfferingController.java:54] c.icwd.RoomService.controller.HotelServiceOfferingController - Fetched all hotel service offerings successfully. count=50
2026-08-10 17:18:21.453 [ROOM-SERVICE] [http-nio-8089-exec-5] INFO  [HotelServiceOfferingController.java:47] c.icwd.RoomService.controller.HotelServiceOfferingController - Received request to fetch all hotel service offerings
2026-08-10 17:18:21.483 [ROOM-SERVICE] [http-nio-8089-exec-5] DEBUG [HotelServiceOfferingController.java:54] c.icwd.RoomService.controller.HotelServiceOfferingController - Fetched all hotel service offerings successfully. count=50
2026-08-10 17:18:22.489 [ROOM-SERVICE] [http-nio-8089-exec-6] DEBUG [RoomServiceRequestController.java:55] c.icwd.RoomService.controller.RoomServiceRequestController - Fetched all room service requests successfully. count=50
2026-08-10 17:18:22.742 [ROOM-SERVICE] [http-nio-8089-exec-1] INFO  [RoomServiceRequestController.java:48] c.icwd.RoomService.controller.RoomServiceRequestController - Received request to fetch all room service requests
2026-08-10 17:18:23.078 [ROOM-SERVICE] [http-nio-8089-exec-1] DEBUG [RoomServiceRequestController.java:55] c.icwd.RoomService.controller.RoomServiceRequestController - Fetched all room service requests successfully. count=50
2026-08-10 17:19:05.578 [ROOM-SERVICE] [http-nio-8089-exec-4] INFO  [HotelServiceOfferingController.java:93] c.icwd.RoomService.controller.HotelServiceOfferingController - Received request to fetch hotel service offerings by hotel. hotelId=HTL001
2026-08-10 17:19:05.613 [ROOM-SERVICE] [http-nio-8089-exec-4] DEBUG [HotelServiceOfferingController.java:101] c.icwd.RoomService.controller.HotelServiceOfferingController - Hotel service offerings fetched successfully for hotel. hotelId=HTL001, count=5
2026-08-10 17:19:05.634 [ROOM-SERVICE] [http-nio-8089-exec-8] INFO  [HotelServiceOfferingController.java:93] c.icwd.RoomService.controller.HotelServiceOfferingController - Received request to fetch hotel service offerings by hotel. hotelId=HTL001
2026-08-10 17:19:05.642 [ROOM-SERVICE] [http-nio-8089-exec-8] DEBUG [HotelServiceOfferingController.java:101] c.icwd.RoomService.controller.HotelServiceOfferingController - Hotel service offerings fetched successfully for hotel. hotelId=HTL001, count=5
2026-08-10 19:40:11.610 [ROOM-SERVICE] [http-nio-8089-exec-2] INFO  [HotelServiceOfferingController.java:93] c.icwd.RoomService.controller.HotelServiceOfferingController - Received request to fetch hotel service offerings by hotel. hotelId=HTL001
2026-08-10 19:40:12.937 [ROOM-SERVICE] [http-nio-8089-exec-2] DEBUG [HotelServiceOfferingController.java:101] c.icwd.RoomService.controller.HotelServiceOfferingController - Hotel service offerings fetched successfully for hotel. hotelId=HTL001, count=5
2026-08-10 19:40:13.227 [ROOM-SERVICE] [http-nio-8089-exec-7] INFO  [HotelServiceOfferingController.java:93] c.icwd.RoomService.controller.HotelServiceOfferingController - Received request to fetch hotel service offerings by hotel. hotelId=HTL001
2026-08-10 19:40:13.233 [ROOM-SERVICE] [http-nio-8089-exec-7] DEBUG [HotelServiceOfferingController.java:101] c.icwd.RoomService.controller.HotelServiceOfferingController - Hotel service offerings fetched successfully for hotel. hotelId=HTL001, count=5
2026-08-10 19:41:06.369 [ROOM-SERVICE] [http-nio-8089-exec-3] INFO  [HotelServiceOfferingController.java:93] c.icwd.RoomService.controller.HotelServiceOfferingController - Received request to fetch hotel service offerings by hotel. hotelId=HTL001
2026-08-10 19:41:06.448 [ROOM-SERVICE] [http-nio-8089-exec-3] DEBUG [HotelServiceOfferingController.java:101] c.icwd.RoomService.controller.HotelServiceOfferingController - Hotel service offerings fetched successfully for hotel. hotelId=HTL001, count=5
2026-08-10 19:41:06.674 [ROOM-SERVICE] [http-nio-8089-exec-5] INFO  [HotelServiceOfferingController.java:93] c.icwd.RoomService.controller.HotelServiceOfferingController - Received request to fetch hotel service offerings by hotel. hotelId=HTL001
2026-08-10 19:41:06.680 [ROOM-SERVICE] [http-nio-8089-exec-5] DEBUG [HotelServiceOfferingController.java:101] c.icwd.RoomService.controller.HotelServiceOfferingController - Hotel service offerings fetched successfully for hotel. hotelId=HTL001, count=5
2026-08-10 19:41:08.951 [ROOM-SERVICE] [http-nio-8089-exec-6] INFO  [RoomServiceRequestController.java:48] c.icwd.RoomService.controller.RoomServiceRequestController - Received request to fetch all room service requests
2026-08-10 19:41:09.062 [ROOM-SERVICE] [http-nio-8089-exec-1] INFO  [HotelServiceOfferingController.java:47] c.icwd.RoomService.controller.HotelServiceOfferingController - Received request to fetch all hotel service offerings
2026-08-10 19:41:10.605 [ROOM-SERVICE] [http-nio-8089-exec-1] DEBUG [HotelServiceOfferingController.java:54] c.icwd.RoomService.controller.HotelServiceOfferingController - Fetched all hotel service offerings successfully. count=50
2026-08-10 19:41:10.781 [ROOM-SERVICE] [http-nio-8089-exec-6] DEBUG [RoomServiceRequestController.java:55] c.icwd.RoomService.controller.RoomServiceRequestController - Fetched all room service requests successfully. count=50
2026-08-10 19:41:11.697 [ROOM-SERVICE] [http-nio-8089-exec-4] INFO  [HotelServiceOfferingController.java:47] c.icwd.RoomService.controller.HotelServiceOfferingController - Received request to fetch all hotel service offerings
2026-08-10 19:41:11.858 [ROOM-SERVICE] [http-nio-8089-exec-4] DEBUG [HotelServiceOfferingController.java:54] c.icwd.RoomService.controller.HotelServiceOfferingController - Fetched all hotel service offerings successfully. count=50
2026-08-10 19:41:35.195 [ROOM-SERVICE] [http-nio-8089-exec-8] INFO  [RoomServiceRequestController.java:48] c.icwd.RoomService.controller.RoomServiceRequestController - Received request to fetch all room service requests
2026-08-10 19:41:57.589 [ROOM-SERVICE] [http-nio-8089-exec-8] DEBUG [RoomServiceRequestController.java:55] c.icwd.RoomService.controller.RoomServiceRequestController - Fetched all room service requests successfully. count=50
2026-08-10 19:43:21.131 [ROOM-SERVICE] [http-nio-8089-exec-3] INFO  [HotelServiceOfferingController.java:47] c.icwd.RoomService.controller.HotelServiceOfferingController - Received request to fetch all hotel service offerings
2026-08-10 19:43:21.131 [ROOM-SERVICE] [http-nio-8089-exec-7] INFO  [RoomServiceRequestController.java:48] c.icwd.RoomService.controller.RoomServiceRequestController - Received request to fetch all room service requests
2026-08-10 19:43:21.131 [ROOM-SERVICE] [http-nio-8089-exec-2] INFO  [RoomServiceRequestController.java:48] c.icwd.RoomService.controller.RoomServiceRequestController - Received request to fetch all room service requests
2026-08-10 19:43:21.155 [ROOM-SERVICE] [http-nio-8089-exec-5] INFO  [RoomServiceRequestController.java:48] c.icwd.RoomService.controller.RoomServiceRequestController - Received request to fetch all room service requests
2026-08-10 19:43:22.339 [ROOM-SERVICE] [http-nio-8089-exec-2] DEBUG [RoomServiceRequestController.java:55] c.icwd.RoomService.controller.RoomServiceRequestController - Fetched all room service requests successfully. count=50
2026-08-10 19:43:24.012 [ROOM-SERVICE] [http-nio-8089-exec-3] DEBUG [HotelServiceOfferingController.java:54] c.icwd.RoomService.controller.HotelServiceOfferingController - Fetched all hotel service offerings successfully. count=50
2026-08-10 19:43:24.484 [ROOM-SERVICE] [http-nio-8089-exec-7] DEBUG [RoomServiceRequestController.java:55] c.icwd.RoomService.controller.RoomServiceRequestController - Fetched all room service requests successfully. count=50
2026-08-10 19:43:26.073 [ROOM-SERVICE] [http-nio-8089-exec-5] DEBUG [RoomServiceRequestController.java:55] c.icwd.RoomService.controller.RoomServiceRequestController - Fetched all room service requests successfully. count=50
2026-08-10 19:43:39.947 [ROOM-SERVICE] [http-nio-8089-exec-1] INFO  [RoomServiceRequestController.java:48] c.icwd.RoomService.controller.RoomServiceRequestController - Received request to fetch all room service requests
2026-08-10 19:43:59.586 [ROOM-SERVICE] [http-nio-8089-exec-8] INFO  [HotelServiceOfferingController.java:47] c.icwd.RoomService.controller.HotelServiceOfferingController - Received request to fetch all hotel service offerings
2026-08-10 19:43:59.586 [ROOM-SERVICE] [http-nio-8089-exec-4] INFO  [RoomServiceRequestController.java:48] c.icwd.RoomService.controller.RoomServiceRequestController - Received request to fetch all room service requests
2026-08-10 19:43:53.053 [ROOM-SERVICE] [http-nio-8089-exec-6] INFO  [HotelServiceOfferingController.java:47] c.icwd.RoomService.controller.HotelServiceOfferingController - Received request to fetch all hotel service offerings
2026-08-10 19:44:01.541 [ROOM-SERVICE] [http-nio-8089-exec-1] DEBUG [RoomServiceRequestController.java:55] c.icwd.RoomService.controller.RoomServiceRequestController - Fetched all room service requests successfully. count=50
2026-08-10 19:44:01.550 [ROOM-SERVICE] [http-nio-8089-exec-6] DEBUG [HotelServiceOfferingController.java:54] c.icwd.RoomService.controller.HotelServiceOfferingController - Fetched all hotel service offerings successfully. count=50
2026-08-10 19:44:02.671 [ROOM-SERVICE] [http-nio-8089-exec-8] DEBUG [HotelServiceOfferingController.java:54] c.icwd.RoomService.controller.HotelServiceOfferingController - Fetched all hotel service offerings successfully. count=50
2026-08-10 19:44:03.300 [ROOM-SERVICE] [http-nio-8089-exec-4] DEBUG [RoomServiceRequestController.java:55] c.icwd.RoomService.controller.RoomServiceRequestController - Fetched all room service requests successfully. count=50
2026-08-10 19:45:15.485 [ROOM-SERVICE] [http-nio-8089-exec-3] INFO  [HotelServiceOfferingController.java:93] c.icwd.RoomService.controller.HotelServiceOfferingController - Received request to fetch hotel service offerings by hotel. hotelId=HTL001
2026-08-10 19:45:15.909 [ROOM-SERVICE] [http-nio-8089-exec-3] DEBUG [HotelServiceOfferingController.java:101] c.icwd.RoomService.controller.HotelServiceOfferingController - Hotel service offerings fetched successfully for hotel. hotelId=HTL001, count=5
2026-08-10 19:45:30.456 [ROOM-SERVICE] [http-nio-8089-exec-5] INFO  [HotelServiceOfferingController.java:93] c.icwd.RoomService.controller.HotelServiceOfferingController - Received request to fetch hotel service offerings by hotel. hotelId=HTL001
2026-08-10 19:45:30.483 [ROOM-SERVICE] [http-nio-8089-exec-5] DEBUG [HotelServiceOfferingController.java:101] c.icwd.RoomService.controller.HotelServiceOfferingController - Hotel service offerings fetched successfully for hotel. hotelId=HTL001, count=5
2026-08-10 19:45:31.845 [ROOM-SERVICE] [http-nio-8089-exec-1] INFO  [HotelServiceOfferingController.java:47] c.icwd.RoomService.controller.HotelServiceOfferingController - Received request to fetch all hotel service offerings
2026-08-10 19:45:31.851 [ROOM-SERVICE] [http-nio-8089-exec-1] DEBUG [HotelServiceOfferingController.java:54] c.icwd.RoomService.controller.HotelServiceOfferingController - Fetched all hotel service offerings successfully. count=50
2026-08-10 19:45:32.074 [ROOM-SERVICE] [http-nio-8089-exec-6] INFO  [HotelServiceOfferingController.java:47] c.icwd.RoomService.controller.HotelServiceOfferingController - Received request to fetch all hotel service offerings
2026-08-10 19:45:32.083 [ROOM-SERVICE] [http-nio-8089-exec-6] DEBUG [HotelServiceOfferingController.java:54] c.icwd.RoomService.controller.HotelServiceOfferingController - Fetched all hotel service offerings successfully. count=50
2026-08-10 19:45:40.913 [ROOM-SERVICE] [http-nio-8089-exec-8] INFO  [RoomServiceRequestController.java:48] c.icwd.RoomService.controller.RoomServiceRequestController - Received request to fetch all room service requests
2026-08-10 19:45:41.202 [ROOM-SERVICE] [http-nio-8089-exec-8] DEBUG [RoomServiceRequestController.java:55] c.icwd.RoomService.controller.RoomServiceRequestController - Fetched all room service requests successfully. count=50
2026-08-10 19:45:41.235 [ROOM-SERVICE] [http-nio-8089-exec-4] INFO  [RoomServiceRequestController.java:48] c.icwd.RoomService.controller.RoomServiceRequestController - Received request to fetch all room service requests
2026-08-10 19:45:41.379 [ROOM-SERVICE] [http-nio-8089-exec-4] DEBUG [RoomServiceRequestController.java:55] c.icwd.RoomService.controller.RoomServiceRequestController - Fetched all room service requests successfully. count=50
2026-08-10 19:45:58.448 [ROOM-SERVICE] [http-nio-8089-exec-10] INFO  [RoomServiceRequestController.java:48] c.icwd.RoomService.controller.RoomServiceRequestController - Received request to fetch all room service requests
2026-08-10 19:45:58.930 [ROOM-SERVICE] [http-nio-8089-exec-9] INFO  [HotelServiceOfferingController.java:47] c.icwd.RoomService.controller.HotelServiceOfferingController - Received request to fetch all hotel service offerings
2026-08-10 19:45:58.944 [ROOM-SERVICE] [http-nio-8089-exec-9] DEBUG [HotelServiceOfferingController.java:54] c.icwd.RoomService.controller.HotelServiceOfferingController - Fetched all hotel service offerings successfully. count=50
2026-08-10 19:45:58.962 [ROOM-SERVICE] [http-nio-8089-exec-2] INFO  [HotelServiceOfferingController.java:47] c.icwd.RoomService.controller.HotelServiceOfferingController - Received request to fetch all hotel service offerings
2026-08-10 19:45:58.972 [ROOM-SERVICE] [http-nio-8089-exec-2] DEBUG [HotelServiceOfferingController.java:54] c.icwd.RoomService.controller.HotelServiceOfferingController - Fetched all hotel service offerings successfully. count=50
2026-08-10 19:45:59.017 [ROOM-SERVICE] [http-nio-8089-exec-10] DEBUG [RoomServiceRequestController.java:55] c.icwd.RoomService.controller.RoomServiceRequestController - Fetched all room service requests successfully. count=50
2026-08-10 19:45:59.054 [ROOM-SERVICE] [http-nio-8089-exec-7] INFO  [RoomServiceRequestController.java:48] c.icwd.RoomService.controller.RoomServiceRequestController - Received request to fetch all room service requests
2026-08-10 19:45:59.153 [ROOM-SERVICE] [http-nio-8089-exec-7] DEBUG [RoomServiceRequestController.java:55] c.icwd.RoomService.controller.RoomServiceRequestController - Fetched all room service requests successfully. count=50
2026-08-10 19:46:13.658 [ROOM-SERVICE] [http-nio-8089-exec-3] INFO  [HotelServiceOfferingController.java:93] c.icwd.RoomService.controller.HotelServiceOfferingController - Received request to fetch hotel service offerings by hotel. hotelId=HTL001
2026-08-10 19:46:13.668 [ROOM-SERVICE] [http-nio-8089-exec-3] DEBUG [HotelServiceOfferingController.java:101] c.icwd.RoomService.controller.HotelServiceOfferingController - Hotel service offerings fetched successfully for hotel. hotelId=HTL001, count=5
2026-08-10 19:46:13.683 [ROOM-SERVICE] [http-nio-8089-exec-5] INFO  [HotelServiceOfferingController.java:93] c.icwd.RoomService.controller.HotelServiceOfferingController - Received request to fetch hotel service offerings by hotel. hotelId=HTL001
2026-08-10 19:46:13.693 [ROOM-SERVICE] [http-nio-8089-exec-5] DEBUG [HotelServiceOfferingController.java:101] c.icwd.RoomService.controller.HotelServiceOfferingController - Hotel service offerings fetched successfully for hotel. hotelId=HTL001, count=5
2026-08-10 19:46:14.921 [ROOM-SERVICE] [http-nio-8089-exec-1] INFO  [RoomServiceRequestController.java:48] c.icwd.RoomService.controller.RoomServiceRequestController - Received request to fetch all room service requests
2026-08-10 19:46:14.924 [ROOM-SERVICE] [http-nio-8089-exec-6] INFO  [HotelServiceOfferingController.java:47] c.icwd.RoomService.controller.HotelServiceOfferingController - Received request to fetch all hotel service offerings
2026-08-10 19:46:14.936 [ROOM-SERVICE] [http-nio-8089-exec-6] DEBUG [HotelServiceOfferingController.java:54] c.icwd.RoomService.controller.HotelServiceOfferingController - Fetched all hotel service offerings successfully. count=50
2026-08-10 19:46:15.003 [ROOM-SERVICE] [http-nio-8089-exec-1] DEBUG [RoomServiceRequestController.java:55] c.icwd.RoomService.controller.RoomServiceRequestController - Fetched all room service requests successfully. count=50
2026-08-10 19:46:15.225 [ROOM-SERVICE] [http-nio-8089-exec-4] INFO  [HotelServiceOfferingController.java:47] c.icwd.RoomService.controller.HotelServiceOfferingController - Received request to fetch all hotel service offerings
2026-08-10 19:46:15.229 [ROOM-SERVICE] [http-nio-8089-exec-4] DEBUG [HotelServiceOfferingController.java:54] c.icwd.RoomService.controller.HotelServiceOfferingController - Fetched all hotel service offerings successfully. count=50
2026-08-10 19:46:15.373 [ROOM-SERVICE] [http-nio-8089-exec-8] INFO  [RoomServiceRequestController.java:48] c.icwd.RoomService.controller.RoomServiceRequestController - Received request to fetch all room service requests
2026-08-10 19:46:15.416 [ROOM-SERVICE] [http-nio-8089-exec-8] DEBUG [RoomServiceRequestController.java:55] c.icwd.RoomService.controller.RoomServiceRequestController - Fetched all room service requests successfully. count=50
