2026-08-10 01:16:47.665 [ROOM-SERVICE] [http-nio-8089-exec-1] DEBUG [RoomServiceRequestService.java:133] com.icwd.RoomService.service.RoomServiceRequestService - Fetching all room service requests from repository
2026-08-10 01:16:47.887 [ROOM-SERVICE] [http-nio-8089-exec-2] DEBUG [RoomServiceRequestService.java:133] com.icwd.RoomService.service.RoomServiceRequestService - Fetching all room service requests from repository
2026-08-10 01:16:56.649 [ROOM-SERVICE] [http-nio-8089-exec-1] INFO  [RoomServiceRequestService.java:140] com.icwd.RoomService.service.RoomServiceRequestService - Room service requests fetched successfully. count=50
2026-08-10 01:16:56.665 [ROOM-SERVICE] [http-nio-8089-exec-2] INFO  [RoomServiceRequestService.java:140] com.icwd.RoomService.service.RoomServiceRequestService - Room service requests fetched successfully. count=50
2026-08-10 01:16:56.789 [ROOM-SERVICE] [http-nio-8089-exec-6] DEBUG [RoomServiceRequestService.java:133] com.icwd.RoomService.service.RoomServiceRequestService - Fetching all room service requests from repository
2026-08-10 01:16:56.890 [ROOM-SERVICE] [http-nio-8089-exec-6] INFO  [RoomServiceRequestService.java:140] com.icwd.RoomService.service.RoomServiceRequestService - Room service requests fetched successfully. count=50
2026-08-10 01:16:56.900 [ROOM-SERVICE] [http-nio-8089-exec-7] DEBUG [RoomServiceRequestService.java:133] com.icwd.RoomService.service.RoomServiceRequestService - Fetching all room service requests from repository
2026-08-10 01:16:56.983 [ROOM-SERVICE] [http-nio-8089-exec-7] INFO  [RoomServiceRequestService.java:140] com.icwd.RoomService.service.RoomServiceRequestService - Room service requests fetched successfully. count=50
2026-08-10 01:16:57.004 [ROOM-SERVICE] [http-nio-8089-exec-8] DEBUG [RoomServiceRequestService.java:133] com.icwd.RoomService.service.RoomServiceRequestService - Fetching all room service requests from repository
2026-08-10 01:16:57.087 [ROOM-SERVICE] [http-nio-8089-exec-8] INFO  [RoomServiceRequestService.java:140] com.icwd.RoomService.service.RoomServiceRequestService - Room service requests fetched successfully. count=50
2026-08-10 01:16:57.115 [ROOM-SERVICE] [http-nio-8089-exec-3] DEBUG [RoomServiceRequestService.java:133] com.icwd.RoomService.service.RoomServiceRequestService - Fetching all room service requests from repository
2026-08-10 01:16:57.198 [ROOM-SERVICE] [http-nio-8089-exec-3] INFO  [RoomServiceRequestService.java:140] com.icwd.RoomService.service.RoomServiceRequestService - Room service requests fetched successfully. count=50
2026-08-10 01:19:51.020 [ROOM-SERVICE] [http-nio-8089-exec-9] DEBUG [RoomServiceRequestService.java:133] com.icwd.RoomService.service.RoomServiceRequestService - Fetching all room service requests from repository
2026-08-10 01:19:51.276 [ROOM-SERVICE] [http-nio-8089-exec-9] INFO  [RoomServiceRequestService.java:140] com.icwd.RoomService.service.RoomServiceRequestService - Room service requests fetched successfully. count=50
2026-08-10 01:19:51.338 [ROOM-SERVICE] [http-nio-8089-exec-4] DEBUG [RoomServiceRequestService.java:133] com.icwd.RoomService.service.RoomServiceRequestService - Fetching all room service requests from repository
2026-08-10 01:19:51.393 [ROOM-SERVICE] [http-nio-8089-exec-4] INFO  [RoomServiceRequestService.java:140] com.icwd.RoomService.service.RoomServiceRequestService - Room service requests fetched successfully. count=50
2026-08-10 01:20:35.890 [ROOM-SERVICE] [http-nio-8089-exec-1] DEBUG [RoomServiceRequestService.java:133] com.icwd.RoomService.service.RoomServiceRequestService - Fetching all room service requests from repository
2026-08-10 01:20:35.987 [ROOM-SERVICE] [http-nio-8089-exec-1] INFO  [RoomServiceRequestService.java:140] com.icwd.RoomService.service.RoomServiceRequestService - Room service requests fetched successfully. count=50
2026-08-10 01:20:36.012 [ROOM-SERVICE] [http-nio-8089-exec-2] DEBUG [RoomServiceRequestService.java:133] com.icwd.RoomService.service.RoomServiceRequestService - Fetching all room service requests from repository
2026-08-10 01:20:36.110 [ROOM-SERVICE] [http-nio-8089-exec-2] INFO  [RoomServiceRequestService.java:140] com.icwd.RoomService.service.RoomServiceRequestService - Room service requests fetched successfully. count=50
2026-08-10 01:21:05.979 [ROOM-SERVICE] [http-nio-8089-exec-6] DEBUG [RoomServiceRequestService.java:133] com.icwd.RoomService.service.RoomServiceRequestService - Fetching all room service requests from repository
2026-08-10 01:21:06.103 [ROOM-SERVICE] [http-nio-8089-exec-6] INFO  [RoomServiceRequestService.java:140] com.icwd.RoomService.service.RoomServiceRequestService - Room service requests fetched successfully. count=50
2026-08-10 01:21:06.118 [ROOM-SERVICE] [http-nio-8089-exec-7] DEBUG [RoomServiceRequestService.java:133] com.icwd.RoomService.service.RoomServiceRequestService - Fetching all room service requests from repository
2026-08-10 01:21:06.169 [ROOM-SERVICE] [http-nio-8089-exec-7] INFO  [RoomServiceRequestService.java:140] com.icwd.RoomService.service.RoomServiceRequestService - Room service requests fetched successfully. count=50
2026-08-10 01:32:21.599 [ROOM-SERVICE] [http-nio-8089-exec-3] DEBUG [RoomServiceRequestService.java:133] com.icwd.RoomService.service.RoomServiceRequestService - Fetching all room service requests from repository
2026-08-10 01:32:22.114 [ROOM-SERVICE] [http-nio-8089-exec-3] INFO  [RoomServiceRequestService.java:140] com.icwd.RoomService.service.RoomServiceRequestService - Room service requests fetched successfully. count=50
2026-08-10 01:32:22.146 [ROOM-SERVICE] [http-nio-8089-exec-5] DEBUG [RoomServiceRequestService.java:133] com.icwd.RoomService.service.RoomServiceRequestService - Fetching all room service requests from repository
2026-08-10 01:32:22.194 [ROOM-SERVICE] [http-nio-8089-exec-5] INFO  [RoomServiceRequestService.java:140] com.icwd.RoomService.service.RoomServiceRequestService - Room service requests fetched successfully. count=50
2026-08-10 01:32:55.104 [ROOM-SERVICE] [http-nio-8089-exec-10] DEBUG [RoomServiceRequestService.java:133] com.icwd.RoomService.service.RoomServiceRequestService - Fetching all room service requests from repository
2026-08-10 01:32:55.187 [ROOM-SERVICE] [http-nio-8089-exec-10] INFO  [RoomServiceRequestService.java:140] com.icwd.RoomService.service.RoomServiceRequestService - Room service requests fetched successfully. count=50
2026-08-10 01:32:55.208 [ROOM-SERVICE] [http-nio-8089-exec-9] DEBUG [RoomServiceRequestService.java:133] com.icwd.RoomService.service.RoomServiceRequestService - Fetching all room service requests from repository
2026-08-10 01:32:55.259 [ROOM-SERVICE] [http-nio-8089-exec-9] INFO  [RoomServiceRequestService.java:140] com.icwd.RoomService.service.RoomServiceRequestService - Room service requests fetched successfully. count=50
2026-08-10 01:33:08.506 [ROOM-SERVICE] [http-nio-8089-exec-4] DEBUG [RoomServiceRequestService.java:133] com.icwd.RoomService.service.RoomServiceRequestService - Fetching all room service requests from repository
2026-08-10 01:33:08.574 [ROOM-SERVICE] [http-nio-8089-exec-4] INFO  [RoomServiceRequestService.java:140] com.icwd.RoomService.service.RoomServiceRequestService - Room service requests fetched successfully. count=50
2026-08-10 01:33:08.594 [ROOM-SERVICE] [http-nio-8089-exec-1] DEBUG [RoomServiceRequestService.java:133] com.icwd.RoomService.service.RoomServiceRequestService - Fetching all room service requests from repository
2026-08-10 01:33:08.640 [ROOM-SERVICE] [http-nio-8089-exec-1] INFO  [RoomServiceRequestService.java:140] com.icwd.RoomService.service.RoomServiceRequestService - Room service requests fetched successfully. count=50
2026-08-10 01:33:14.574 [ROOM-SERVICE] [http-nio-8089-exec-2] DEBUG [RoomServiceRequestService.java:133] com.icwd.RoomService.service.RoomServiceRequestService - Fetching all room service requests from repository
2026-08-10 01:33:14.638 [ROOM-SERVICE] [http-nio-8089-exec-2] INFO  [RoomServiceRequestService.java:140] com.icwd.RoomService.service.RoomServiceRequestService - Room service requests fetched successfully. count=50
2026-08-10 01:33:14.659 [ROOM-SERVICE] [http-nio-8089-exec-6] DEBUG [RoomServiceRequestService.java:133] com.icwd.RoomService.service.RoomServiceRequestService - Fetching all room service requests from repository
2026-08-10 01:33:14.693 [ROOM-SERVICE] [http-nio-8089-exec-6] INFO  [RoomServiceRequestService.java:140] com.icwd.RoomService.service.RoomServiceRequestService - Room service requests fetched successfully. count=50
2026-08-10 01:33:48.110 [ROOM-SERVICE] [http-nio-8089-exec-7] DEBUG [RoomServiceRequestService.java:133] com.icwd.RoomService.service.RoomServiceRequestService - Fetching all room service requests from repository
2026-08-10 01:33:48.201 [ROOM-SERVICE] [http-nio-8089-exec-7] INFO  [RoomServiceRequestService.java:140] com.icwd.RoomService.service.RoomServiceRequestService - Room service requests fetched successfully. count=50
2026-08-10 01:33:48.221 [ROOM-SERVICE] [http-nio-8089-exec-8] DEBUG [RoomServiceRequestService.java:133] com.icwd.RoomService.service.RoomServiceRequestService - Fetching all room service requests from repository
2026-08-10 01:33:48.284 [ROOM-SERVICE] [http-nio-8089-exec-8] INFO  [RoomServiceRequestService.java:140] com.icwd.RoomService.service.RoomServiceRequestService - Room service requests fetched successfully. count=50
2026-08-10 02:15:29.764 [ROOM-SERVICE] [http-nio-8089-exec-5] DEBUG [RoomServiceRequestService.java:133] com.icwd.RoomService.service.RoomServiceRequestService - Fetching all room service requests from repository
2026-08-10 02:15:31.207 [ROOM-SERVICE] [http-nio-8089-exec-5] INFO  [RoomServiceRequestService.java:140] com.icwd.RoomService.service.RoomServiceRequestService - Room service requests fetched successfully. count=50
2026-08-10 02:15:31.402 [ROOM-SERVICE] [http-nio-8089-exec-9] DEBUG [RoomServiceRequestService.java:133] com.icwd.RoomService.service.RoomServiceRequestService - Fetching all room service requests from repository
2026-08-10 02:15:31.935 [ROOM-SERVICE] [http-nio-8089-exec-9] INFO  [RoomServiceRequestService.java:140] com.icwd.RoomService.service.RoomServiceRequestService - Room service requests fetched successfully. count=50
2026-08-10 02:15:33.405 [ROOM-SERVICE] [http-nio-8089-exec-10] DEBUG [HotelServiceOfferingService.java:72] com.icwd.RoomService.service.HotelServiceOfferingService - Fetching all hotel service offerings from repository
2026-08-10 02:15:36.276 [ROOM-SERVICE] [http-nio-8089-exec-10] INFO  [HotelServiceOfferingService.java:79] com.icwd.RoomService.service.HotelServiceOfferingService - Hotel service offerings fetched successfully. count=50
2026-08-10 02:15:36.393 [ROOM-SERVICE] [http-nio-8089-exec-4] DEBUG [HotelServiceOfferingService.java:72] com.icwd.RoomService.service.HotelServiceOfferingService - Fetching all hotel service offerings from repository
2026-08-10 02:15:36.393 [ROOM-SERVICE] [http-nio-8089-exec-4] INFO  [HotelServiceOfferingService.java:79] com.icwd.RoomService.service.HotelServiceOfferingService - Hotel service offerings fetched successfully. count=50
2026-08-10 02:15:36.483 [ROOM-SERVICE] [http-nio-8089-exec-1] DEBUG [HotelServiceOfferingService.java:72] com.icwd.RoomService.service.HotelServiceOfferingService - Fetching all hotel service offerings from repository
2026-08-10 02:15:36.483 [ROOM-SERVICE] [http-nio-8089-exec-1] INFO  [HotelServiceOfferingService.java:79] com.icwd.RoomService.service.HotelServiceOfferingService - Hotel service offerings fetched successfully. count=50
2026-08-10 02:15:36.530 [ROOM-SERVICE] [http-nio-8089-exec-2] DEBUG [HotelServiceOfferingService.java:72] com.icwd.RoomService.service.HotelServiceOfferingService - Fetching all hotel service offerings from repository
2026-08-10 02:15:36.547 [ROOM-SERVICE] [http-nio-8089-exec-2] INFO  [HotelServiceOfferingService.java:79] com.icwd.RoomService.service.HotelServiceOfferingService - Hotel service offerings fetched successfully. count=50
2026-08-10 02:28:15.971 [ROOM-SERVICE] [http-nio-8089-exec-8] DEBUG [HotelServiceOfferingService.java:72] com.icwd.RoomService.service.HotelServiceOfferingService - Fetching all hotel service offerings from repository
2026-08-10 02:28:15.975 [ROOM-SERVICE] [http-nio-8089-exec-8] INFO  [HotelServiceOfferingService.java:79] com.icwd.RoomService.service.HotelServiceOfferingService - Hotel service offerings fetched successfully. count=50
2026-08-10 02:28:15.991 [ROOM-SERVICE] [http-nio-8089-exec-3] DEBUG [HotelServiceOfferingService.java:72] com.icwd.RoomService.service.HotelServiceOfferingService - Fetching all hotel service offerings from repository
2026-08-10 02:28:16.006 [ROOM-SERVICE] [http-nio-8089-exec-3] INFO  [HotelServiceOfferingService.java:79] com.icwd.RoomService.service.HotelServiceOfferingService - Hotel service offerings fetched successfully. count=50
2026-08-10 02:28:17.462 [ROOM-SERVICE] [http-nio-8089-exec-5] DEBUG [RoomServiceRequestService.java:133] com.icwd.RoomService.service.RoomServiceRequestService - Fetching all room service requests from repository
2026-08-10 02:28:17.469 [ROOM-SERVICE] [http-nio-8089-exec-9] DEBUG [HotelServiceOfferingService.java:72] com.icwd.RoomService.service.HotelServiceOfferingService - Fetching all hotel service offerings from repository
2026-08-10 02:28:17.583 [ROOM-SERVICE] [http-nio-8089-exec-9] INFO  [HotelServiceOfferingService.java:79] com.icwd.RoomService.service.HotelServiceOfferingService - Hotel service offerings fetched successfully. count=50
2026-08-10 02:28:17.631 [ROOM-SERVICE] [http-nio-8089-exec-10] DEBUG [HotelServiceOfferingService.java:72] com.icwd.RoomService.service.HotelServiceOfferingService - Fetching all hotel service offerings from repository
2026-08-10 02:28:17.753 [ROOM-SERVICE] [http-nio-8089-exec-10] INFO  [HotelServiceOfferingService.java:79] com.icwd.RoomService.service.HotelServiceOfferingService - Hotel service offerings fetched successfully. count=50
2026-08-10 02:28:17.760 [ROOM-SERVICE] [http-nio-8089-exec-5] INFO  [RoomServiceRequestService.java:140] com.icwd.RoomService.service.RoomServiceRequestService - Room service requests fetched successfully. count=50
2026-08-10 02:28:17.837 [ROOM-SERVICE] [http-nio-8089-exec-4] DEBUG [RoomServiceRequestService.java:133] com.icwd.RoomService.service.RoomServiceRequestService - Fetching all room service requests from repository
2026-08-10 02:28:18.001 [ROOM-SERVICE] [http-nio-8089-exec-4] INFO  [RoomServiceRequestService.java:140] com.icwd.RoomService.service.RoomServiceRequestService - Room service requests fetched successfully. count=50
2026-08-10 02:29:00.318 [ROOM-SERVICE] [http-nio-8089-exec-1] DEBUG [HotelServiceOfferingService.java:72] com.icwd.RoomService.service.HotelServiceOfferingService - Fetching all hotel service offerings from repository
2026-08-10 02:29:00.332 [ROOM-SERVICE] [http-nio-8089-exec-1] INFO  [HotelServiceOfferingService.java:79] com.icwd.RoomService.service.HotelServiceOfferingService - Hotel service offerings fetched successfully. count=50
2026-08-10 02:29:00.347 [ROOM-SERVICE] [http-nio-8089-exec-2] DEBUG [HotelServiceOfferingService.java:72] com.icwd.RoomService.service.HotelServiceOfferingService - Fetching all hotel service offerings from repository
2026-08-10 02:29:00.368 [ROOM-SERVICE] [http-nio-8089-exec-2] INFO  [HotelServiceOfferingService.java:79] com.icwd.RoomService.service.HotelServiceOfferingService - Hotel service offerings fetched successfully. count=50
2026-08-10 02:52:36.041 [ROOM-SERVICE] [http-nio-8089-exec-8] DEBUG [HotelServiceOfferingService.java:72] com.icwd.RoomService.service.HotelServiceOfferingService - Fetching all hotel service offerings from repository
2026-08-10 02:52:36.242 [ROOM-SERVICE] [http-nio-8089-exec-8] INFO  [HotelServiceOfferingService.java:79] com.icwd.RoomService.service.HotelServiceOfferingService - Hotel service offerings fetched successfully. count=50
2026-08-10 02:52:36.360 [ROOM-SERVICE] [http-nio-8089-exec-3] DEBUG [HotelServiceOfferingService.java:72] com.icwd.RoomService.service.HotelServiceOfferingService - Fetching all hotel service offerings from repository
2026-08-10 02:52:36.423 [ROOM-SERVICE] [http-nio-8089-exec-3] INFO  [HotelServiceOfferingService.java:79] com.icwd.RoomService.service.HotelServiceOfferingService - Hotel service offerings fetched successfully. count=50
2026-08-10 02:52:38.205 [ROOM-SERVICE] [http-nio-8089-exec-9] DEBUG [RoomServiceRequestService.java:133] com.icwd.RoomService.service.RoomServiceRequestService - Fetching all room service requests from repository
2026-08-10 02:52:38.256 [ROOM-SERVICE] [http-nio-8089-exec-10] DEBUG [HotelServiceOfferingService.java:72] com.icwd.RoomService.service.HotelServiceOfferingService - Fetching all hotel service offerings from repository
2026-08-10 02:52:38.347 [ROOM-SERVICE] [http-nio-8089-exec-10] INFO  [HotelServiceOfferingService.java:79] com.icwd.RoomService.service.HotelServiceOfferingService - Hotel service offerings fetched successfully. count=50
2026-08-10 02:52:38.416 [ROOM-SERVICE] [http-nio-8089-exec-5] DEBUG [HotelServiceOfferingService.java:72] com.icwd.RoomService.service.HotelServiceOfferingService - Fetching all hotel service offerings from repository
2026-08-10 02:52:38.416 [ROOM-SERVICE] [http-nio-8089-exec-5] INFO  [HotelServiceOfferingService.java:79] com.icwd.RoomService.service.HotelServiceOfferingService - Hotel service offerings fetched successfully. count=50
2026-08-10 02:52:38.624 [ROOM-SERVICE] [http-nio-8089-exec-9] INFO  [RoomServiceRequestService.java:140] com.icwd.RoomService.service.RoomServiceRequestService - Room service requests fetched successfully. count=50
2026-08-10 02:52:38.694 [ROOM-SERVICE] [http-nio-8089-exec-4] DEBUG [RoomServiceRequestService.java:133] com.icwd.RoomService.service.RoomServiceRequestService - Fetching all room service requests from repository
2026-08-10 02:52:38.987 [ROOM-SERVICE] [http-nio-8089-exec-4] INFO  [RoomServiceRequestService.java:140] com.icwd.RoomService.service.RoomServiceRequestService - Room service requests fetched successfully. count=50
2026-08-10 02:52:42.952 [ROOM-SERVICE] [http-nio-8089-exec-1] DEBUG [HotelServiceOfferingService.java:72] com.icwd.RoomService.service.HotelServiceOfferingService - Fetching all hotel service offerings from repository
2026-08-10 02:52:42.958 [ROOM-SERVICE] [http-nio-8089-exec-1] INFO  [HotelServiceOfferingService.java:79] com.icwd.RoomService.service.HotelServiceOfferingService - Hotel service offerings fetched successfully. count=50
2026-08-10 02:52:43.021 [ROOM-SERVICE] [http-nio-8089-exec-2] DEBUG [HotelServiceOfferingService.java:72] com.icwd.RoomService.service.HotelServiceOfferingService - Fetching all hotel service offerings from repository
2026-08-10 02:52:43.077 [ROOM-SERVICE] [http-nio-8089-exec-2] INFO  [HotelServiceOfferingService.java:79] com.icwd.RoomService.service.HotelServiceOfferingService - Hotel service offerings fetched successfully. count=50
2026-08-10 02:52:44.105 [ROOM-SERVICE] [http-nio-8089-exec-6] DEBUG [RoomServiceRequestService.java:133] com.icwd.RoomService.service.RoomServiceRequestService - Fetching all room service requests from repository
2026-08-10 02:52:44.251 [ROOM-SERVICE] [http-nio-8089-exec-7] DEBUG [HotelServiceOfferingService.java:72] com.icwd.RoomService.service.HotelServiceOfferingService - Fetching all hotel service offerings from repository
2026-08-10 02:52:44.267 [ROOM-SERVICE] [http-nio-8089-exec-7] INFO  [HotelServiceOfferingService.java:79] com.icwd.RoomService.service.HotelServiceOfferingService - Hotel service offerings fetched successfully. count=50
2026-08-10 02:52:44.402 [ROOM-SERVICE] [http-nio-8089-exec-8] DEBUG [HotelServiceOfferingService.java:72] com.icwd.RoomService.service.HotelServiceOfferingService - Fetching all hotel service offerings from repository
2026-08-10 02:52:44.522 [ROOM-SERVICE] [http-nio-8089-exec-8] INFO  [HotelServiceOfferingService.java:79] com.icwd.RoomService.service.HotelServiceOfferingService - Hotel service offerings fetched successfully. count=50
2026-08-10 02:52:44.645 [ROOM-SERVICE] [http-nio-8089-exec-6] INFO  [RoomServiceRequestService.java:140] com.icwd.RoomService.service.RoomServiceRequestService - Room service requests fetched successfully. count=50
2026-08-10 02:52:44.756 [ROOM-SERVICE] [http-nio-8089-exec-3] DEBUG [RoomServiceRequestService.java:133] com.icwd.RoomService.service.RoomServiceRequestService - Fetching all room service requests from repository
2026-08-10 02:52:45.007 [ROOM-SERVICE] [http-nio-8089-exec-3] INFO  [RoomServiceRequestService.java:140] com.icwd.RoomService.service.RoomServiceRequestService - Room service requests fetched successfully. count=50
2026-08-10 15:50:19.608 [ROOM-SERVICE] [http-nio-8089-exec-4] DEBUG [HotelServiceOfferingService.java:72] com.icwd.RoomService.service.HotelServiceOfferingService - Fetching all hotel service offerings from repository
2026-08-10 15:50:19.608 [ROOM-SERVICE] [http-nio-8089-exec-1] DEBUG [RoomServiceRequestService.java:133] com.icwd.RoomService.service.RoomServiceRequestService - Fetching all room service requests from repository
2026-08-10 15:50:23.035 [ROOM-SERVICE] [http-nio-8089-exec-1] INFO  [RoomServiceRequestService.java:140] com.icwd.RoomService.service.RoomServiceRequestService - Room service requests fetched successfully. count=50
2026-08-10 15:50:23.035 [ROOM-SERVICE] [http-nio-8089-exec-4] INFO  [HotelServiceOfferingService.java:79] com.icwd.RoomService.service.HotelServiceOfferingService - Hotel service offerings fetched successfully. count=50
2026-08-10 15:50:23.571 [ROOM-SERVICE] [http-nio-8089-exec-4] DEBUG [HotelServiceOfferingService.java:72] com.icwd.RoomService.service.HotelServiceOfferingService - Fetching all hotel service offerings from repository
2026-08-10 15:50:23.573 [ROOM-SERVICE] [http-nio-8089-exec-1] DEBUG [RoomServiceRequestService.java:133] com.icwd.RoomService.service.RoomServiceRequestService - Fetching all room service requests from repository
2026-08-10 15:50:23.579 [ROOM-SERVICE] [http-nio-8089-exec-4] INFO  [HotelServiceOfferingService.java:79] com.icwd.RoomService.service.HotelServiceOfferingService - Hotel service offerings fetched successfully. count=50
2026-08-10 15:50:23.876 [ROOM-SERVICE] [http-nio-8089-exec-1] INFO  [RoomServiceRequestService.java:140] com.icwd.RoomService.service.RoomServiceRequestService - Room service requests fetched successfully. count=50
2026-08-10 15:57:04.318 [ROOM-SERVICE] [http-nio-8089-exec-9] DEBUG [HotelServiceOfferingService.java:72] com.icwd.RoomService.service.HotelServiceOfferingService - Fetching all hotel service offerings from repository
2026-08-10 15:57:04.322 [ROOM-SERVICE] [http-nio-8089-exec-9] INFO  [HotelServiceOfferingService.java:79] com.icwd.RoomService.service.HotelServiceOfferingService - Hotel service offerings fetched successfully. count=50
2026-08-10 15:57:04.337 [ROOM-SERVICE] [http-nio-8089-exec-10] DEBUG [HotelServiceOfferingService.java:72] com.icwd.RoomService.service.HotelServiceOfferingService - Fetching all hotel service offerings from repository
2026-08-10 15:57:04.345 [ROOM-SERVICE] [http-nio-8089-exec-10] INFO  [HotelServiceOfferingService.java:79] com.icwd.RoomService.service.HotelServiceOfferingService - Hotel service offerings fetched successfully. count=50
2026-08-10 15:57:05.877 [ROOM-SERVICE] [http-nio-8089-exec-3] DEBUG [RoomServiceRequestService.java:133] com.icwd.RoomService.service.RoomServiceRequestService - Fetching all room service requests from repository
2026-08-10 15:57:05.892 [ROOM-SERVICE] [http-nio-8089-exec-2] DEBUG [HotelServiceOfferingService.java:72] com.icwd.RoomService.service.HotelServiceOfferingService - Fetching all hotel service offerings from repository
2026-08-10 15:57:05.899 [ROOM-SERVICE] [http-nio-8089-exec-2] INFO  [HotelServiceOfferingService.java:79] com.icwd.RoomService.service.HotelServiceOfferingService - Hotel service offerings fetched successfully. count=50
2026-08-10 15:57:05.918 [ROOM-SERVICE] [http-nio-8089-exec-4] DEBUG [HotelServiceOfferingService.java:72] com.icwd.RoomService.service.HotelServiceOfferingService - Fetching all hotel service offerings from repository
2026-08-10 15:57:05.925 [ROOM-SERVICE] [http-nio-8089-exec-4] INFO  [HotelServiceOfferingService.java:79] com.icwd.RoomService.service.HotelServiceOfferingService - Hotel service offerings fetched successfully. count=50
2026-08-10 15:57:06.004 [ROOM-SERVICE] [http-nio-8089-exec-3] INFO  [RoomServiceRequestService.java:140] com.icwd.RoomService.service.RoomServiceRequestService - Room service requests fetched successfully. count=50
2026-08-10 15:57:06.198 [ROOM-SERVICE] [http-nio-8089-exec-1] DEBUG [RoomServiceRequestService.java:133] com.icwd.RoomService.service.RoomServiceRequestService - Fetching all room service requests from repository
2026-08-10 15:57:06.264 [ROOM-SERVICE] [http-nio-8089-exec-1] INFO  [RoomServiceRequestService.java:140] com.icwd.RoomService.service.RoomServiceRequestService - Room service requests fetched successfully. count=50
2026-08-10 16:19:51.919 [ROOM-SERVICE] [http-nio-8089-exec-8] DEBUG [RoomServiceRequestService.java:133] com.icwd.RoomService.service.RoomServiceRequestService - Fetching all room service requests from repository
2026-08-10 16:19:52.821 [ROOM-SERVICE] [http-nio-8089-exec-8] INFO  [RoomServiceRequestService.java:140] com.icwd.RoomService.service.RoomServiceRequestService - Room service requests fetched successfully. count=50
2026-08-10 16:19:52.953 [ROOM-SERVICE] [http-nio-8089-exec-9] DEBUG [HotelServiceOfferingService.java:72] com.icwd.RoomService.service.HotelServiceOfferingService - Fetching all hotel service offerings from repository
2026-08-10 16:19:53.009 [ROOM-SERVICE] [http-nio-8089-exec-10] DEBUG [RoomServiceRequestService.java:133] com.icwd.RoomService.service.RoomServiceRequestService - Fetching all room service requests from repository
2026-08-10 16:19:53.144 [ROOM-SERVICE] [http-nio-8089-exec-9] INFO  [HotelServiceOfferingService.java:79] com.icwd.RoomService.service.HotelServiceOfferingService - Hotel service offerings fetched successfully. count=50
2026-08-10 16:19:53.173 [ROOM-SERVICE] [http-nio-8089-exec-2] DEBUG [HotelServiceOfferingService.java:72] com.icwd.RoomService.service.HotelServiceOfferingService - Fetching all hotel service offerings from repository
2026-08-10 16:19:53.215 [ROOM-SERVICE] [http-nio-8089-exec-2] INFO  [HotelServiceOfferingService.java:79] com.icwd.RoomService.service.HotelServiceOfferingService - Hotel service offerings fetched successfully. count=50
2026-08-10 16:19:53.557 [ROOM-SERVICE] [http-nio-8089-exec-10] INFO  [RoomServiceRequestService.java:140] com.icwd.RoomService.service.RoomServiceRequestService - Room service requests fetched successfully. count=50
2026-08-10 16:19:54.251 [ROOM-SERVICE] [http-nio-8089-exec-7] DEBUG [HotelServiceOfferingService.java:118] com.icwd.RoomService.service.HotelServiceOfferingService - Fetching hotel service offerings by hotel. hotelId=HTL-001
2026-08-10 16:19:54.884 [ROOM-SERVICE] [http-nio-8089-exec-7] INFO  [HotelServiceOfferingService.java:128] com.icwd.RoomService.service.HotelServiceOfferingService - Hotel service offerings fetched successfully for hotel. hotelId=HTL-001, count=0
2026-08-10 16:19:54.918 [ROOM-SERVICE] [http-nio-8089-exec-4] DEBUG [HotelServiceOfferingService.java:118] com.icwd.RoomService.service.HotelServiceOfferingService - Fetching hotel service offerings by hotel. hotelId=HTL-001
2026-08-10 16:19:54.924 [ROOM-SERVICE] [http-nio-8089-exec-4] INFO  [HotelServiceOfferingService.java:128] com.icwd.RoomService.service.HotelServiceOfferingService - Hotel service offerings fetched successfully for hotel. hotelId=HTL-001, count=0
2026-08-10 16:27:48.656 [ROOM-SERVICE] [http-nio-8089-exec-8] DEBUG [HotelServiceOfferingService.java:72] com.icwd.RoomService.service.HotelServiceOfferingService - Fetching all hotel service offerings from repository
2026-08-10 16:27:48.677 [ROOM-SERVICE] [http-nio-8089-exec-6] DEBUG [RoomServiceRequestService.java:133] com.icwd.RoomService.service.RoomServiceRequestService - Fetching all room service requests from repository
2026-08-10 16:27:48.663 [ROOM-SERVICE] [http-nio-8089-exec-8] INFO  [HotelServiceOfferingService.java:79] com.icwd.RoomService.service.HotelServiceOfferingService - Hotel service offerings fetched successfully. count=50
2026-08-10 16:27:48.704 [ROOM-SERVICE] [http-nio-8089-exec-9] DEBUG [HotelServiceOfferingService.java:72] com.icwd.RoomService.service.HotelServiceOfferingService - Fetching all hotel service offerings from repository
2026-08-10 16:27:48.749 [ROOM-SERVICE] [http-nio-8089-exec-9] INFO  [HotelServiceOfferingService.java:79] com.icwd.RoomService.service.HotelServiceOfferingService - Hotel service offerings fetched successfully. count=50
2026-08-10 16:27:48.818 [ROOM-SERVICE] [http-nio-8089-exec-6] INFO  [RoomServiceRequestService.java:140] com.icwd.RoomService.service.RoomServiceRequestService - Room service requests fetched successfully. count=50
2026-08-10 16:27:48.876 [ROOM-SERVICE] [http-nio-8089-exec-2] DEBUG [RoomServiceRequestService.java:133] com.icwd.RoomService.service.RoomServiceRequestService - Fetching all room service requests from repository
2026-08-10 16:27:49.476 [ROOM-SERVICE] [http-nio-8089-exec-2] INFO  [RoomServiceRequestService.java:140] com.icwd.RoomService.service.RoomServiceRequestService - Room service requests fetched successfully. count=50
2026-08-10 16:28:23.670 [ROOM-SERVICE] [http-nio-8089-exec-10] DEBUG [HotelServiceOfferingService.java:118] com.icwd.RoomService.service.HotelServiceOfferingService - Fetching hotel service offerings by hotel. hotelId=HTL001
2026-08-10 16:28:23.742 [ROOM-SERVICE] [http-nio-8089-exec-10] INFO  [HotelServiceOfferingService.java:128] com.icwd.RoomService.service.HotelServiceOfferingService - Hotel service offerings fetched successfully for hotel. hotelId=HTL001, count=5
2026-08-10 16:28:23.768 [ROOM-SERVICE] [http-nio-8089-exec-7] DEBUG [HotelServiceOfferingService.java:118] com.icwd.RoomService.service.HotelServiceOfferingService - Fetching hotel service offerings by hotel. hotelId=HTL001
2026-08-10 16:28:23.774 [ROOM-SERVICE] [http-nio-8089-exec-7] INFO  [HotelServiceOfferingService.java:128] com.icwd.RoomService.service.HotelServiceOfferingService - Hotel service offerings fetched successfully for hotel. hotelId=HTL001, count=5
2026-08-10 16:28:24.721 [ROOM-SERVICE] [http-nio-8089-exec-4] DEBUG [RoomServiceRequestService.java:133] com.icwd.RoomService.service.RoomServiceRequestService - Fetching all room service requests from repository
2026-08-10 16:28:24.726 [ROOM-SERVICE] [http-nio-8089-exec-3] DEBUG [HotelServiceOfferingService.java:72] com.icwd.RoomService.service.HotelServiceOfferingService - Fetching all hotel service offerings from repository
2026-08-10 16:28:24.742 [ROOM-SERVICE] [http-nio-8089-exec-3] INFO  [HotelServiceOfferingService.java:79] com.icwd.RoomService.service.HotelServiceOfferingService - Hotel service offerings fetched successfully. count=50
2026-08-10 16:28:24.776 [ROOM-SERVICE] [http-nio-8089-exec-1] DEBUG [HotelServiceOfferingService.java:72] com.icwd.RoomService.service.HotelServiceOfferingService - Fetching all hotel service offerings from repository
2026-08-10 16:28:24.784 [ROOM-SERVICE] [http-nio-8089-exec-1] INFO  [HotelServiceOfferingService.java:79] com.icwd.RoomService.service.HotelServiceOfferingService - Hotel service offerings fetched successfully. count=50
2026-08-10 16:28:24.864 [ROOM-SERVICE] [http-nio-8089-exec-4] INFO  [RoomServiceRequestService.java:140] com.icwd.RoomService.service.RoomServiceRequestService - Room service requests fetched successfully. count=50
2026-08-10 16:28:24.901 [ROOM-SERVICE] [http-nio-8089-exec-5] DEBUG [RoomServiceRequestService.java:133] com.icwd.RoomService.service.RoomServiceRequestService - Fetching all room service requests from repository
2026-08-10 16:28:25.079 [ROOM-SERVICE] [http-nio-8089-exec-5] INFO  [RoomServiceRequestService.java:140] com.icwd.RoomService.service.RoomServiceRequestService - Room service requests fetched successfully. count=50
2026-08-10 16:57:14.135 [ROOM-SERVICE] [http-nio-8089-exec-6] DEBUG [RoomServiceRequestService.java:133] com.icwd.RoomService.service.RoomServiceRequestService - Fetching all room service requests from repository
2026-08-10 16:57:14.135 [ROOM-SERVICE] [http-nio-8089-exec-10] DEBUG [HotelServiceOfferingService.java:118] com.icwd.RoomService.service.HotelServiceOfferingService - Fetching hotel service offerings by hotel. hotelId=HTL001
2026-08-10 16:57:14.532 [ROOM-SERVICE] [http-nio-8089-exec-2] DEBUG [HotelServiceOfferingService.java:72] com.icwd.RoomService.service.HotelServiceOfferingService - Fetching all hotel service offerings from repository
2026-08-10 16:57:17.184 [ROOM-SERVICE] [http-nio-8089-exec-10] INFO  [HotelServiceOfferingService.java:128] com.icwd.RoomService.service.HotelServiceOfferingService - Hotel service offerings fetched successfully for hotel. hotelId=HTL001, count=5
2026-08-10 16:57:17.184 [ROOM-SERVICE] [http-nio-8089-exec-2] INFO  [HotelServiceOfferingService.java:79] com.icwd.RoomService.service.HotelServiceOfferingService - Hotel service offerings fetched successfully. count=50
2026-08-10 16:57:17.990 [ROOM-SERVICE] [http-nio-8089-exec-6] INFO  [RoomServiceRequestService.java:140] com.icwd.RoomService.service.RoomServiceRequestService - Room service requests fetched successfully. count=50
2026-08-10 16:57:18.928 [ROOM-SERVICE] [http-nio-8089-exec-7] DEBUG [HotelServiceOfferingService.java:118] com.icwd.RoomService.service.HotelServiceOfferingService - Fetching hotel service offerings by hotel. hotelId=HTL001
2026-08-10 16:57:18.935 [ROOM-SERVICE] [http-nio-8089-exec-7] INFO  [HotelServiceOfferingService.java:128] com.icwd.RoomService.service.HotelServiceOfferingService - Hotel service offerings fetched successfully for hotel. hotelId=HTL001, count=5
2026-08-10 16:57:19.413 [ROOM-SERVICE] [http-nio-8089-exec-3] DEBUG [HotelServiceOfferingService.java:72] com.icwd.RoomService.service.HotelServiceOfferingService - Fetching all hotel service offerings from repository
2026-08-10 16:57:19.414 [ROOM-SERVICE] [http-nio-8089-exec-6] DEBUG [HotelServiceOfferingService.java:118] com.icwd.RoomService.service.HotelServiceOfferingService - Fetching hotel service offerings by hotel. hotelId=HTL001
2026-08-10 16:57:19.510 [ROOM-SERVICE] [http-nio-8089-exec-6] INFO  [HotelServiceOfferingService.java:128] com.icwd.RoomService.service.HotelServiceOfferingService - Hotel service offerings fetched successfully for hotel. hotelId=HTL001, count=5
2026-08-10 16:57:19.608 [ROOM-SERVICE] [http-nio-8089-exec-3] INFO  [HotelServiceOfferingService.java:79] com.icwd.RoomService.service.HotelServiceOfferingService - Hotel service offerings fetched successfully. count=50
2026-08-10 16:57:34.066 [ROOM-SERVICE] [http-nio-8089-exec-4] DEBUG [RoomServiceRequestService.java:133] com.icwd.RoomService.service.RoomServiceRequestService - Fetching all room service requests from repository
2026-08-10 16:57:34.148 [ROOM-SERVICE] [http-nio-8089-exec-5] DEBUG [RoomServiceRequestService.java:133] com.icwd.RoomService.service.RoomServiceRequestService - Fetching all room service requests from repository
2026-08-10 16:57:34.239 [ROOM-SERVICE] [http-nio-8089-exec-5] INFO  [RoomServiceRequestService.java:140] com.icwd.RoomService.service.RoomServiceRequestService - Room service requests fetched successfully. count=50
2026-08-10 16:57:34.302 [ROOM-SERVICE] [http-nio-8089-exec-4] INFO  [RoomServiceRequestService.java:140] com.icwd.RoomService.service.RoomServiceRequestService - Room service requests fetched successfully. count=50
2026-08-10 16:57:34.336 [ROOM-SERVICE] [http-nio-8089-exec-8] DEBUG [HotelServiceOfferingService.java:118] com.icwd.RoomService.service.HotelServiceOfferingService - Fetching hotel service offerings by hotel. hotelId=HTL001
2026-08-10 16:57:34.336 [ROOM-SERVICE] [http-nio-8089-exec-8] INFO  [HotelServiceOfferingService.java:128] com.icwd.RoomService.service.HotelServiceOfferingService - Hotel service offerings fetched successfully for hotel. hotelId=HTL001, count=5
2026-08-10 16:57:34.351 [ROOM-SERVICE] [http-nio-8089-exec-9] DEBUG [HotelServiceOfferingService.java:72] com.icwd.RoomService.service.HotelServiceOfferingService - Fetching all hotel service offerings from repository
2026-08-10 16:57:34.357 [ROOM-SERVICE] [http-nio-8089-exec-9] INFO  [HotelServiceOfferingService.java:79] com.icwd.RoomService.service.HotelServiceOfferingService - Hotel service offerings fetched successfully. count=50
2026-08-10 16:57:37.517 [ROOM-SERVICE] [http-nio-8089-exec-2] DEBUG [RoomServiceRequestService.java:133] com.icwd.RoomService.service.RoomServiceRequestService - Fetching all room service requests from repository
2026-08-10 16:57:37.767 [ROOM-SERVICE] [http-nio-8089-exec-10] DEBUG [HotelServiceOfferingService.java:72] com.icwd.RoomService.service.HotelServiceOfferingService - Fetching all hotel service offerings from repository
2026-08-10 16:57:37.816 [ROOM-SERVICE] [http-nio-8089-exec-10] INFO  [HotelServiceOfferingService.java:79] com.icwd.RoomService.service.HotelServiceOfferingService - Hotel service offerings fetched successfully. count=50
2026-08-10 16:57:37.934 [ROOM-SERVICE] [http-nio-8089-exec-2] INFO  [RoomServiceRequestService.java:140] com.icwd.RoomService.service.RoomServiceRequestService - Room service requests fetched successfully. count=50
2026-08-10 16:57:55.145 [ROOM-SERVICE] [http-nio-8089-exec-7] DEBUG [HotelServiceOfferingService.java:118] com.icwd.RoomService.service.HotelServiceOfferingService - Fetching hotel service offerings by hotel. hotelId=HTL001
2026-08-10 16:57:55.282 [ROOM-SERVICE] [http-nio-8089-exec-7] INFO  [HotelServiceOfferingService.java:128] com.icwd.RoomService.service.HotelServiceOfferingService - Hotel service offerings fetched successfully for hotel. hotelId=HTL001, count=5
2026-08-10 16:57:55.348 [ROOM-SERVICE] [http-nio-8089-exec-6] DEBUG [HotelServiceOfferingService.java:118] com.icwd.RoomService.service.HotelServiceOfferingService - Fetching hotel service offerings by hotel. hotelId=HTL001
2026-08-10 16:57:55.356 [ROOM-SERVICE] [http-nio-8089-exec-6] INFO  [HotelServiceOfferingService.java:128] com.icwd.RoomService.service.HotelServiceOfferingService - Hotel service offerings fetched successfully for hotel. hotelId=HTL001, count=5
2026-08-10 16:57:57.510 [ROOM-SERVICE] [http-nio-8089-exec-1] DEBUG [RoomServiceRequestService.java:133] com.icwd.RoomService.service.RoomServiceRequestService - Fetching all room service requests from repository
2026-08-10 16:57:57.510 [ROOM-SERVICE] [http-nio-8089-exec-3] DEBUG [HotelServiceOfferingService.java:72] com.icwd.RoomService.service.HotelServiceOfferingService - Fetching all hotel service offerings from repository
2026-08-10 16:57:57.513 [ROOM-SERVICE] [http-nio-8089-exec-3] INFO  [HotelServiceOfferingService.java:79] com.icwd.RoomService.service.HotelServiceOfferingService - Hotel service offerings fetched successfully. count=50
2026-08-10 16:57:57.526 [ROOM-SERVICE] [http-nio-8089-exec-5] DEBUG [HotelServiceOfferingService.java:72] com.icwd.RoomService.service.HotelServiceOfferingService - Fetching all hotel service offerings from repository
2026-08-10 16:57:57.529 [ROOM-SERVICE] [http-nio-8089-exec-5] INFO  [HotelServiceOfferingService.java:79] com.icwd.RoomService.service.HotelServiceOfferingService - Hotel service offerings fetched successfully. count=50
2026-08-10 16:57:57.835 [ROOM-SERVICE] [http-nio-8089-exec-1] INFO  [RoomServiceRequestService.java:140] com.icwd.RoomService.service.RoomServiceRequestService - Room service requests fetched successfully. count=50
2026-08-10 16:57:58.254 [ROOM-SERVICE] [http-nio-8089-exec-4] DEBUG [RoomServiceRequestService.java:133] com.icwd.RoomService.service.RoomServiceRequestService - Fetching all room service requests from repository
2026-08-10 16:57:58.726 [ROOM-SERVICE] [http-nio-8089-exec-4] INFO  [RoomServiceRequestService.java:140] com.icwd.RoomService.service.RoomServiceRequestService - Room service requests fetched successfully. count=50
2026-08-10 17:18:17.506 [ROOM-SERVICE] [http-nio-8089-exec-2] DEBUG [HotelServiceOfferingService.java:118] com.icwd.RoomService.service.HotelServiceOfferingService - Fetching hotel service offerings by hotel. hotelId=HTL001
2026-08-10 17:18:18.745 [ROOM-SERVICE] [http-nio-8089-exec-2] INFO  [HotelServiceOfferingService.java:128] com.icwd.RoomService.service.HotelServiceOfferingService - Hotel service offerings fetched successfully for hotel. hotelId=HTL001, count=5
2026-08-10 17:18:18.968 [ROOM-SERVICE] [http-nio-8089-exec-7] DEBUG [HotelServiceOfferingService.java:118] com.icwd.RoomService.service.HotelServiceOfferingService - Fetching hotel service offerings by hotel. hotelId=HTL001
2026-08-10 17:18:18.990 [ROOM-SERVICE] [http-nio-8089-exec-7] INFO  [HotelServiceOfferingService.java:128] com.icwd.RoomService.service.HotelServiceOfferingService - Hotel service offerings fetched successfully for hotel. hotelId=HTL001, count=5
2026-08-10 17:18:21.005 [ROOM-SERVICE] [http-nio-8089-exec-3] DEBUG [HotelServiceOfferingService.java:72] com.icwd.RoomService.service.HotelServiceOfferingService - Fetching all hotel service offerings from repository
2026-08-10 17:18:21.176 [ROOM-SERVICE] [http-nio-8089-exec-6] DEBUG [RoomServiceRequestService.java:133] com.icwd.RoomService.service.RoomServiceRequestService - Fetching all room service requests from repository
2026-08-10 17:18:21.349 [ROOM-SERVICE] [http-nio-8089-exec-3] INFO  [HotelServiceOfferingService.java:79] com.icwd.RoomService.service.HotelServiceOfferingService - Hotel service offerings fetched successfully. count=50
2026-08-10 17:18:21.453 [ROOM-SERVICE] [http-nio-8089-exec-5] DEBUG [HotelServiceOfferingService.java:72] com.icwd.RoomService.service.HotelServiceOfferingService - Fetching all hotel service offerings from repository
2026-08-10 17:18:21.483 [ROOM-SERVICE] [http-nio-8089-exec-5] INFO  [HotelServiceOfferingService.java:79] com.icwd.RoomService.service.HotelServiceOfferingService - Hotel service offerings fetched successfully. count=50
2026-08-10 17:18:22.476 [ROOM-SERVICE] [http-nio-8089-exec-6] INFO  [RoomServiceRequestService.java:140] com.icwd.RoomService.service.RoomServiceRequestService - Room service requests fetched successfully. count=50
2026-08-10 17:18:22.747 [ROOM-SERVICE] [http-nio-8089-exec-1] DEBUG [RoomServiceRequestService.java:133] com.icwd.RoomService.service.RoomServiceRequestService - Fetching all room service requests from repository
2026-08-10 17:18:23.078 [ROOM-SERVICE] [http-nio-8089-exec-1] INFO  [RoomServiceRequestService.java:140] com.icwd.RoomService.service.RoomServiceRequestService - Room service requests fetched successfully. count=50
2026-08-10 17:19:05.578 [ROOM-SERVICE] [http-nio-8089-exec-4] DEBUG [HotelServiceOfferingService.java:118] com.icwd.RoomService.service.HotelServiceOfferingService - Fetching hotel service offerings by hotel. hotelId=HTL001
2026-08-10 17:19:05.613 [ROOM-SERVICE] [http-nio-8089-exec-4] INFO  [HotelServiceOfferingService.java:128] com.icwd.RoomService.service.HotelServiceOfferingService - Hotel service offerings fetched successfully for hotel. hotelId=HTL001, count=5
2026-08-10 17:19:05.634 [ROOM-SERVICE] [http-nio-8089-exec-8] DEBUG [HotelServiceOfferingService.java:118] com.icwd.RoomService.service.HotelServiceOfferingService - Fetching hotel service offerings by hotel. hotelId=HTL001
2026-08-10 17:19:05.642 [ROOM-SERVICE] [http-nio-8089-exec-8] INFO  [HotelServiceOfferingService.java:128] com.icwd.RoomService.service.HotelServiceOfferingService - Hotel service offerings fetched successfully for hotel. hotelId=HTL001, count=5
2026-08-10 19:40:11.612 [ROOM-SERVICE] [http-nio-8089-exec-2] DEBUG [HotelServiceOfferingService.java:118] com.icwd.RoomService.service.HotelServiceOfferingService - Fetching hotel service offerings by hotel. hotelId=HTL001
2026-08-10 19:40:12.936 [ROOM-SERVICE] [http-nio-8089-exec-2] INFO  [HotelServiceOfferingService.java:128] com.icwd.RoomService.service.HotelServiceOfferingService - Hotel service offerings fetched successfully for hotel. hotelId=HTL001, count=5
2026-08-10 19:40:13.229 [ROOM-SERVICE] [http-nio-8089-exec-7] DEBUG [HotelServiceOfferingService.java:118] com.icwd.RoomService.service.HotelServiceOfferingService - Fetching hotel service offerings by hotel. hotelId=HTL001
2026-08-10 19:40:13.231 [ROOM-SERVICE] [http-nio-8089-exec-7] INFO  [HotelServiceOfferingService.java:128] com.icwd.RoomService.service.HotelServiceOfferingService - Hotel service offerings fetched successfully for hotel. hotelId=HTL001, count=5
2026-08-10 19:41:06.369 [ROOM-SERVICE] [http-nio-8089-exec-3] DEBUG [HotelServiceOfferingService.java:118] com.icwd.RoomService.service.HotelServiceOfferingService - Fetching hotel service offerings by hotel. hotelId=HTL001
2026-08-10 19:41:06.432 [ROOM-SERVICE] [http-nio-8089-exec-3] INFO  [HotelServiceOfferingService.java:128] com.icwd.RoomService.service.HotelServiceOfferingService - Hotel service offerings fetched successfully for hotel. hotelId=HTL001, count=5
2026-08-10 19:41:06.676 [ROOM-SERVICE] [http-nio-8089-exec-5] DEBUG [HotelServiceOfferingService.java:118] com.icwd.RoomService.service.HotelServiceOfferingService - Fetching hotel service offerings by hotel. hotelId=HTL001
2026-08-10 19:41:06.678 [ROOM-SERVICE] [http-nio-8089-exec-5] INFO  [HotelServiceOfferingService.java:128] com.icwd.RoomService.service.HotelServiceOfferingService - Hotel service offerings fetched successfully for hotel. hotelId=HTL001, count=5
2026-08-10 19:41:08.962 [ROOM-SERVICE] [http-nio-8089-exec-6] DEBUG [RoomServiceRequestService.java:133] com.icwd.RoomService.service.RoomServiceRequestService - Fetching all room service requests from repository
2026-08-10 19:41:09.062 [ROOM-SERVICE] [http-nio-8089-exec-1] DEBUG [HotelServiceOfferingService.java:72] com.icwd.RoomService.service.HotelServiceOfferingService - Fetching all hotel service offerings from repository
2026-08-10 19:41:09.993 [ROOM-SERVICE] [http-nio-8089-exec-1] INFO  [HotelServiceOfferingService.java:79] com.icwd.RoomService.service.HotelServiceOfferingService - Hotel service offerings fetched successfully. count=50
2026-08-10 19:41:10.779 [ROOM-SERVICE] [http-nio-8089-exec-6] INFO  [RoomServiceRequestService.java:140] com.icwd.RoomService.service.RoomServiceRequestService - Room service requests fetched successfully. count=50
2026-08-10 19:41:11.699 [ROOM-SERVICE] [http-nio-8089-exec-4] DEBUG [HotelServiceOfferingService.java:72] com.icwd.RoomService.service.HotelServiceOfferingService - Fetching all hotel service offerings from repository
2026-08-10 19:41:11.854 [ROOM-SERVICE] [http-nio-8089-exec-4] INFO  [HotelServiceOfferingService.java:79] com.icwd.RoomService.service.HotelServiceOfferingService - Hotel service offerings fetched successfully. count=50
2026-08-10 19:41:41.241 [ROOM-SERVICE] [http-nio-8089-exec-8] DEBUG [RoomServiceRequestService.java:133] com.icwd.RoomService.service.RoomServiceRequestService - Fetching all room service requests from repository
2026-08-10 19:41:57.561 [ROOM-SERVICE] [http-nio-8089-exec-8] INFO  [RoomServiceRequestService.java:140] com.icwd.RoomService.service.RoomServiceRequestService - Room service requests fetched successfully. count=50
2026-08-10 19:43:21.134 [ROOM-SERVICE] [http-nio-8089-exec-7] DEBUG [RoomServiceRequestService.java:133] com.icwd.RoomService.service.RoomServiceRequestService - Fetching all room service requests from repository
2026-08-10 19:43:21.202 [ROOM-SERVICE] [http-nio-8089-exec-2] DEBUG [RoomServiceRequestService.java:133] com.icwd.RoomService.service.RoomServiceRequestService - Fetching all room service requests from repository
2026-08-10 19:43:22.063 [ROOM-SERVICE] [http-nio-8089-exec-2] INFO  [RoomServiceRequestService.java:140] com.icwd.RoomService.service.RoomServiceRequestService - Room service requests fetched successfully. count=50
2026-08-10 19:43:22.200 [ROOM-SERVICE] [http-nio-8089-exec-3] DEBUG [HotelServiceOfferingService.java:72] com.icwd.RoomService.service.HotelServiceOfferingService - Fetching all hotel service offerings from repository
2026-08-10 19:43:22.359 [ROOM-SERVICE] [http-nio-8089-exec-3] INFO  [HotelServiceOfferingService.java:79] com.icwd.RoomService.service.HotelServiceOfferingService - Hotel service offerings fetched successfully. count=50
2026-08-10 19:43:24.012 [ROOM-SERVICE] [http-nio-8089-exec-5] DEBUG [RoomServiceRequestService.java:133] com.icwd.RoomService.service.RoomServiceRequestService - Fetching all room service requests from repository
2026-08-10 19:43:24.481 [ROOM-SERVICE] [http-nio-8089-exec-7] INFO  [RoomServiceRequestService.java:140] com.icwd.RoomService.service.RoomServiceRequestService - Room service requests fetched successfully. count=50
2026-08-10 19:43:26.071 [ROOM-SERVICE] [http-nio-8089-exec-5] INFO  [RoomServiceRequestService.java:140] com.icwd.RoomService.service.RoomServiceRequestService - Room service requests fetched successfully. count=50
2026-08-10 19:43:40.610 [ROOM-SERVICE] [http-nio-8089-exec-1] DEBUG [RoomServiceRequestService.java:133] com.icwd.RoomService.service.RoomServiceRequestService - Fetching all room service requests from repository
2026-08-10 19:43:53.091 [ROOM-SERVICE] [http-nio-8089-exec-1] INFO  [RoomServiceRequestService.java:140] com.icwd.RoomService.service.RoomServiceRequestService - Room service requests fetched successfully. count=50
2026-08-10 19:44:01.541 [ROOM-SERVICE] [http-nio-8089-exec-6] DEBUG [HotelServiceOfferingService.java:72] com.icwd.RoomService.service.HotelServiceOfferingService - Fetching all hotel service offerings from repository
2026-08-10 19:44:01.541 [ROOM-SERVICE] [http-nio-8089-exec-4] DEBUG [RoomServiceRequestService.java:133] com.icwd.RoomService.service.RoomServiceRequestService - Fetching all room service requests from repository
2026-08-10 19:44:01.546 [ROOM-SERVICE] [http-nio-8089-exec-6] INFO  [HotelServiceOfferingService.java:79] com.icwd.RoomService.service.HotelServiceOfferingService - Hotel service offerings fetched successfully. count=50
2026-08-10 19:44:01.722 [ROOM-SERVICE] [http-nio-8089-exec-8] DEBUG [HotelServiceOfferingService.java:72] com.icwd.RoomService.service.HotelServiceOfferingService - Fetching all hotel service offerings from repository
2026-08-10 19:44:01.900 [ROOM-SERVICE] [http-nio-8089-exec-8] INFO  [HotelServiceOfferingService.java:79] com.icwd.RoomService.service.HotelServiceOfferingService - Hotel service offerings fetched successfully. count=50
2026-08-10 19:44:03.296 [ROOM-SERVICE] [http-nio-8089-exec-4] INFO  [RoomServiceRequestService.java:140] com.icwd.RoomService.service.RoomServiceRequestService - Room service requests fetched successfully. count=50
2026-08-10 19:45:15.500 [ROOM-SERVICE] [http-nio-8089-exec-3] DEBUG [HotelServiceOfferingService.java:118] com.icwd.RoomService.service.HotelServiceOfferingService - Fetching hotel service offerings by hotel. hotelId=HTL001
2026-08-10 19:45:15.500 [ROOM-SERVICE] [http-nio-8089-exec-3] INFO  [HotelServiceOfferingService.java:128] com.icwd.RoomService.service.HotelServiceOfferingService - Hotel service offerings fetched successfully for hotel. hotelId=HTL001, count=5
2026-08-10 19:45:30.463 [ROOM-SERVICE] [http-nio-8089-exec-5] DEBUG [HotelServiceOfferingService.java:118] com.icwd.RoomService.service.HotelServiceOfferingService - Fetching hotel service offerings by hotel. hotelId=HTL001
2026-08-10 19:45:30.483 [ROOM-SERVICE] [http-nio-8089-exec-5] INFO  [HotelServiceOfferingService.java:128] com.icwd.RoomService.service.HotelServiceOfferingService - Hotel service offerings fetched successfully for hotel. hotelId=HTL001, count=5
2026-08-10 19:45:31.845 [ROOM-SERVICE] [http-nio-8089-exec-1] DEBUG [HotelServiceOfferingService.java:72] com.icwd.RoomService.service.HotelServiceOfferingService - Fetching all hotel service offerings from repository
2026-08-10 19:45:31.851 [ROOM-SERVICE] [http-nio-8089-exec-1] INFO  [HotelServiceOfferingService.java:79] com.icwd.RoomService.service.HotelServiceOfferingService - Hotel service offerings fetched successfully. count=50
2026-08-10 19:45:32.074 [ROOM-SERVICE] [http-nio-8089-exec-6] DEBUG [HotelServiceOfferingService.java:72] com.icwd.RoomService.service.HotelServiceOfferingService - Fetching all hotel service offerings from repository
2026-08-10 19:45:32.081 [ROOM-SERVICE] [http-nio-8089-exec-6] INFO  [HotelServiceOfferingService.java:79] com.icwd.RoomService.service.HotelServiceOfferingService - Hotel service offerings fetched successfully. count=50
2026-08-10 19:45:40.913 [ROOM-SERVICE] [http-nio-8089-exec-8] DEBUG [RoomServiceRequestService.java:133] com.icwd.RoomService.service.RoomServiceRequestService - Fetching all room service requests from repository
2026-08-10 19:45:41.198 [ROOM-SERVICE] [http-nio-8089-exec-8] INFO  [RoomServiceRequestService.java:140] com.icwd.RoomService.service.RoomServiceRequestService - Room service requests fetched successfully. count=50
2026-08-10 19:45:41.238 [ROOM-SERVICE] [http-nio-8089-exec-4] DEBUG [RoomServiceRequestService.java:133] com.icwd.RoomService.service.RoomServiceRequestService - Fetching all room service requests from repository
2026-08-10 19:45:41.337 [ROOM-SERVICE] [http-nio-8089-exec-4] INFO  [RoomServiceRequestService.java:140] com.icwd.RoomService.service.RoomServiceRequestService - Room service requests fetched successfully. count=50
2026-08-10 19:45:58.450 [ROOM-SERVICE] [http-nio-8089-exec-10] DEBUG [RoomServiceRequestService.java:133] com.icwd.RoomService.service.RoomServiceRequestService - Fetching all room service requests from repository
2026-08-10 19:45:58.930 [ROOM-SERVICE] [http-nio-8089-exec-9] DEBUG [HotelServiceOfferingService.java:72] com.icwd.RoomService.service.HotelServiceOfferingService - Fetching all hotel service offerings from repository
2026-08-10 19:45:58.936 [ROOM-SERVICE] [http-nio-8089-exec-9] INFO  [HotelServiceOfferingService.java:79] com.icwd.RoomService.service.HotelServiceOfferingService - Hotel service offerings fetched successfully. count=50
2026-08-10 19:45:58.964 [ROOM-SERVICE] [http-nio-8089-exec-2] DEBUG [HotelServiceOfferingService.java:72] com.icwd.RoomService.service.HotelServiceOfferingService - Fetching all hotel service offerings from repository
2026-08-10 19:45:58.969 [ROOM-SERVICE] [http-nio-8089-exec-2] INFO  [HotelServiceOfferingService.java:79] com.icwd.RoomService.service.HotelServiceOfferingService - Hotel service offerings fetched successfully. count=50
2026-08-10 19:45:59.013 [ROOM-SERVICE] [http-nio-8089-exec-10] INFO  [RoomServiceRequestService.java:140] com.icwd.RoomService.service.RoomServiceRequestService - Room service requests fetched successfully. count=50
2026-08-10 19:45:59.057 [ROOM-SERVICE] [http-nio-8089-exec-7] DEBUG [RoomServiceRequestService.java:133] com.icwd.RoomService.service.RoomServiceRequestService - Fetching all room service requests from repository
2026-08-10 19:45:59.150 [ROOM-SERVICE] [http-nio-8089-exec-7] INFO  [RoomServiceRequestService.java:140] com.icwd.RoomService.service.RoomServiceRequestService - Room service requests fetched successfully. count=50
2026-08-10 19:46:13.658 [ROOM-SERVICE] [http-nio-8089-exec-3] DEBUG [HotelServiceOfferingService.java:118] com.icwd.RoomService.service.HotelServiceOfferingService - Fetching hotel service offerings by hotel. hotelId=HTL001
2026-08-10 19:46:13.664 [ROOM-SERVICE] [http-nio-8089-exec-3] INFO  [HotelServiceOfferingService.java:128] com.icwd.RoomService.service.HotelServiceOfferingService - Hotel service offerings fetched successfully for hotel. hotelId=HTL001, count=5
2026-08-10 19:46:13.685 [ROOM-SERVICE] [http-nio-8089-exec-5] DEBUG [HotelServiceOfferingService.java:118] com.icwd.RoomService.service.HotelServiceOfferingService - Fetching hotel service offerings by hotel. hotelId=HTL001
2026-08-10 19:46:13.691 [ROOM-SERVICE] [http-nio-8089-exec-5] INFO  [HotelServiceOfferingService.java:128] com.icwd.RoomService.service.HotelServiceOfferingService - Hotel service offerings fetched successfully for hotel. hotelId=HTL001, count=5
2026-08-10 19:46:14.924 [ROOM-SERVICE] [http-nio-8089-exec-1] DEBUG [RoomServiceRequestService.java:133] com.icwd.RoomService.service.RoomServiceRequestService - Fetching all room service requests from repository
2026-08-10 19:46:14.926 [ROOM-SERVICE] [http-nio-8089-exec-6] DEBUG [HotelServiceOfferingService.java:72] com.icwd.RoomService.service.HotelServiceOfferingService - Fetching all hotel service offerings from repository
2026-08-10 19:46:14.930 [ROOM-SERVICE] [http-nio-8089-exec-6] INFO  [HotelServiceOfferingService.java:79] com.icwd.RoomService.service.HotelServiceOfferingService - Hotel service offerings fetched successfully. count=50
2026-08-10 19:46:14.996 [ROOM-SERVICE] [http-nio-8089-exec-1] INFO  [RoomServiceRequestService.java:140] com.icwd.RoomService.service.RoomServiceRequestService - Room service requests fetched successfully. count=50
2026-08-10 19:46:15.225 [ROOM-SERVICE] [http-nio-8089-exec-4] DEBUG [HotelServiceOfferingService.java:72] com.icwd.RoomService.service.HotelServiceOfferingService - Fetching all hotel service offerings from repository
2026-08-10 19:46:15.229 [ROOM-SERVICE] [http-nio-8089-exec-4] INFO  [HotelServiceOfferingService.java:79] com.icwd.RoomService.service.HotelServiceOfferingService - Hotel service offerings fetched successfully. count=50
2026-08-10 19:46:15.373 [ROOM-SERVICE] [http-nio-8089-exec-8] DEBUG [RoomServiceRequestService.java:133] com.icwd.RoomService.service.RoomServiceRequestService - Fetching all room service requests from repository
2026-08-10 19:46:15.416 [ROOM-SERVICE] [http-nio-8089-exec-8] INFO  [RoomServiceRequestService.java:140] com.icwd.RoomService.service.RoomServiceRequestService - Room service requests fetched successfully. count=50
